07-30 20:49:55.129   724 30251 E mm-camera: module_sensor_event_control_set_parm:4216module_sensor_event_control_set_parm Set LongExp 0 Mode 

07-30 20:49:55.129   724 30251 E mm-camera: 

07-30 20:49:55.129   724 30251 E mm-camera: sensor_set_long_exposure_time:4713LongExp mm-camera long_exposure_time = 0 

07-30 20:49:55.129   724 30251 E mm-camera: PJlog video lowlight enable 0

07-30 20:49:55.129   724 30251 E mm-camera: sensor_set_auto_lowlight_enable:4756[DITALL] auto lowlight enable 0

07-30 20:49:55.130 29403 29403 V CameraApp: setParam time consumed = 6

07-30 20:49:55.132   509   553 I SurfaceFlinger: irisConfigure(0x6f, 0) in SF

07-30 20:49:55.133 29403 29403 V CameraApp: RawCB, aligned w:5504, h:3136

07-30 20:49:55.133 29403 29403 D CameraApp: RawCallbackBufferController, freeMemory:494 MB

07-30 20:49:55.133 29403 29403 V CameraApp: RawCB, aligned buffer size:25890816

07-30 20:49:55.133 29403 29403 V CameraApp: setCamBase com.asus.camera.cambase.device.CamStill2_Qcomm@4f01274

07-30 20:49:55.133 29403 29403 V CameraApp: attachScreenNail true

07-30 20:49:55.133 29403 29403 V CameraPreview: CameraPreviewSurfaceView2::setCameraBase com.asus.camera.cambase.device.CamStill2_Qcomm@4f01274

07-30 20:49:55.134   509 12228 I SurfaceFlinger: irisConfigure(0x3, 0) in SF

07-30 20:49:55.134   509 12228 I IrisIoctlWrapper: irisConfigure(0x3, 0)

07-30 20:49:55.135   724 30251 E mm-camera: PJlog mct_pipeline_send_ctrl_events:camera_mode 32

07-30 20:49:55.136 29403 29403 V CameraPreview: attachPreviewToCamera w:1080 h:1920

07-30 20:49:55.136 29403 29403 V CameraApp: getSurfaceTexture null

07-30 20:49:55.136 29403 29403 V CameraApp: setSize w:1080.000000 h:1920.000000 screenW:1080.000000 screenH:1920.000000 

07-30 20:49:55.136 29403 29403 V CameraApp: stetch: true landscape: true

07-30 20:49:55.136 29403 29403 V CameraApp: setOffset 0 0

07-30 20:49:55.136 29403 29403 V CameraApp: enableAspectRatioClamping

07-30 20:49:55.136 29403 29403 V CameraApp: notifyScreenNailChanged

07-30 20:49:55.136 29403 29403 V CameraApp: acquireSurfaceTexture

07-30 20:49:55.136 29403 29403 D CameraApp: texture, resetCameraScreenNail, to acquire texture.

07-30 20:49:55.136 29403 29403 V CameraApp: getSurfaceTexture null

07-30 20:49:55.137 29403 29403 D CameraApp: cambase, getDisplayOrientation getSurface = 0

07-30 20:49:55.137 29403 29403 D CameraApp: Cambase, getDisplayOrientation portrait

07-30 20:49:55.137 29403 29403 V CameraApp: Cambase, degree=0 cameraId=0, info.orientation: 90, result: 90

07-30 20:49:55.137 29403 29403 V CameraApp: getUncroppedRenderWidth

07-30 20:49:55.137 29403 29403 V CameraApp: getUncroppedRenderHeight

07-30 20:49:55.137 29403 29403 D CameraApp: 1.0 1.0

07-30 20:49:55.138 29403 29403 D CameraApp: cambase, getDisplayOrientation getSurface = 0

07-30 20:49:55.138 29403 29403 D CameraApp: Cambase, getDisplayOrientation portrait

07-30 20:49:55.138 29403 29403 V CameraApp: Cambase, degree=0 cameraId=0, info.orientation: 90, result: 90

07-30 20:49:55.138 29403 29403 V CameraApp: base, camera display orientation=90

07-30 20:49:55.139 29403 29403 D CameraApp: cambase, getDisplayOrientation getSurface = 0

07-30 20:49:55.139 29403 29403 D CameraApp: Cambase, getDisplayOrientation portrait

07-30 20:49:55.139 29403 29403 V CameraApp: Cambase, degree=0 cameraId=0, info.orientation: 90, result: 90

07-30 20:49:55.139 29403 29403 V CameraApp: base, startPreview start

07-30 20:49:55.139 29403 29403 V CameraApp: base , startPreview time consumed = 0

07-30 20:49:55.139 29403 29403 V CameraApp: setThunderBurstEnabled=false

07-30 20:49:55.139 29403 29419 V CameraApp: camera manager, handleMessage what=6

07-30 20:49:55.139 29403 29419 V CameraApp: camera manager, startPreview start

07-30 20:49:55.139 29403 29403 V CameraApp: base, setPreviewCallback,1

07-30 20:49:55.139 29403 29403 V CameraApp: smart sensor, prepareSensorManager already set

07-30 20:49:55.140   693  3727 I QCamera2HWI: [KPI Perf] static int qcamera::QCamera2HardwareInterface::start_preview(camera_device*): E PROFILE_START_PREVIEW camera id 0

07-30 20:49:55.140   693 30221 I QCameraParameters: bool qcamera::QCameraParameters::setStreamConfigure(bool, bool, bool): STREAM INFO : type 1, w x h: 1920 x 1080, pp_mask: 0x1000882 Format = 2

07-30 20:49:55.140   693 30221 I QCameraParameters: bool qcamera::QCameraParameters::setStreamConfigure(bool, bool, bool): STREAM INFO : type 10, w x h: 1920 x 1080, pp_mask: 0x882 Format = 100

07-30 20:49:55.140   693 30221 I QCameraParameters: bool qcamera::QCameraParameters::setStreamConfigure(bool, bool, bool): STREAM INFO : type 3, w x h: 5488 x 3088, pp_mask: 0x0 Format = 2

07-30 20:49:55.141 29403 29403 V CameraApp: smart sensor, prepareSensorManager already set done

07-30 20:49:55.141 29403 29403 D CameraApp: CamBase, change Focus mode to FOCUS_CAF

07-30 20:49:55.141   724 30251 I mm-camera: sensor_get_output_info:4400requested dim 5488 3088 stream mask 40a

07-30 20:49:55.141 29403 29403 V CameraApp: still, startPreview end

07-30 20:49:55.141   724 30251 E mm-camera-sensor: sensor_pick_fill_expected_data:401ex_w:5488, ex_h:3088,ex_mode:1, ex_fps:30.000000, ex_clk:0, ex_ar: 177

07-30 20:49:55.141 29403 30272 V CameraApp: sensor, prepareAsyncSensor start

07-30 20:49:55.141 29403 29403 V CameraApp: opening time consumed=419

07-30 20:49:55.141   724 30251 I mm-camera-sensor: sensor_pick_resolution:677res_idx: 1

07-30 20:49:55.141   724 30251 I mm-camera-sensor: sensor_pick_resolution:684Matched pick_w:5488, pick_h:3088, pick_fps:32.160000, op_pixel_clk:600000000, vt_pixel_clk:741600000, pick_mode:1

07-30 20:49:55.141 29403 30272 V CameraApp: sensor, prepareAsyncSensor using Invensense ICM GYRO

07-30 20:49:55.141 29403 30272 V CameraApp: sensor, prepareSensorManager register start

07-30 20:49:55.141   724 30251 I mm-camera: sensor_get_output_info:4429pick res 1 dim 5488X3088 op clk 600000000

07-30 20:49:55.141   724 30251 E mm-camera: isp_util_print_meta_stream_info:5514 Stream type 1 Resolution: 1920x1080 pp_mask: 0x1000882

07-30 20:49:55.141   724 30251 E mm-camera: isp_util_print_meta_stream_info:5514 Stream type 10 Resolution: 1920x1080 pp_mask: 0x882

07-30 20:49:55.141   724 30251 E mm-camera: isp_util_print_meta_stream_info:5514 Stream type 3 Resolution: 5488x3088 pp_mask: 0x0

07-30 20:49:55.142 29403 29403 V CameraApp: zoom, openFeatureControl consumed=1

07-30 20:49:55.143 29403 29403 V CameraApp: still, UI update end

07-30 20:49:55.143  1513  1538 D SensorService: SensorDevice::activate: ident=0x55b78edfd0, handle=0x00000004, enabled=1, count=2

07-30 20:49:55.144 29403 30272 V CameraApp: sensor, prepareAsyncSensor register done

07-30 20:49:55.144 29403 30272 V CameraApp: smart sensor, registerResult=true

07-30 20:49:55.144 29403 30272 D CameraApp: smart sensor, init threshold, MIN=2, MAX=8

07-30 20:49:55.144 29403 30272 V CameraApp: sensor, prepareAsyncSensor done

07-30 20:49:55.145   724 30251 E mm-camera-isp2: isp_resource_allocate:2148 INFO: ISP resource acquired: session 1 num_isp 2

07-30 20:49:55.145   724 30251 E mm-camera-isp2: isp_resource_allocate:2150 INFO: ISP resource acquired: hw_id 0

07-30 20:49:55.145   724 30251 E mm-camera-isp2: isp_resource_allocate:2150 INFO: ISP resource acquired: hw_id 1

07-30 20:49:55.145   724 30251 E mm-camera: isp_util_map_streams_to_hw_hal1:5362 INFO: priority stream: 0 num: 1 mask: 0x8

07-30 20:49:55.145   724 30251 E mm-camera: isp_util_decide_stream_mapping:5475 stream_port_map num streams 3

07-30 20:49:55.145   724 30251 E mm-camera: isp_util_decide_stream_mapping:5485 INFO: type 3 resolution 5488x3088 hw_stream 1 need_native_buff 0 controllable_output 0 shared_output 0

07-30 20:49:55.145   724 30251 E mm-camera: isp_util_decide_stream_mapping:5485 INFO: type 1 resolution 1920x1080 hw_stream 0 need_native_buff 1 controllable_output 0 shared_output 0

07-30 20:49:55.145   724 30251 E mm-camera: isp_util_decide_stream_mapping:5485 INFO: type 10 resolution 1920x1080 hw_stream 0 need_native_buff 1 controllable_output 0 shared_output 0

07-30 20:49:55.145   724 30251 E mm-camera-isp2: isp_stream_resource_allocate:2340 ide 1000f type 9 hw stream 0

07-30 20:49:55.145   724 30251 E mm-camera-isp2: isp_stream_resource_allocate:2340 ide 1000f type 9 hw stream 1

07-30 20:49:55.147   693 30221 D QCameraHWI_Mem: static int qcamera::QCameraMemory::allocOneBuffer(qcamera::QCameraMemory::QCameraMemInfo&, unsigned int, size_t, bool, uint32_t) : ION buffer 1 with size 36864 allocated

07-30 20:49:55.148   693 30221 E QCamera2HWI: bool qcamera::AsusCaptureSession::isDo3DNR(): Session not started, CHECK CODE!!

07-30 20:49:55.148   693 30221 E QCamera2HWI: bool qcamera::AsusCaptureSession::isDoSR(): fail

07-30 20:49:55.148   693 30222 D QCameraHWI_Mem: static int qcamera::QCameraMemory::allocOneBuffer(qcamera::QCameraMemory::QCameraMemInfo&, unsigned int, size_t, bool, uint32_t) : ION buffer 1 with size 700416 allocated

07-30 20:49:55.149   693 30222 D QCameraHWI_Mem: static int qcamera::QCameraMemory::allocOneBuffer(qcamera::QCameraMemory::QCameraMemInfo&, unsigned int, size_t, bool, uint32_t) : ION buffer 1 with size 700416 allocated

07-30 20:49:55.149   724 30251 D mm-camera: mct: mct_pipeline_process_set:command=800000a

07-30 20:49:55.149   693 30222 D QCameraHWI_Mem: static int qcamera::QCameraMemory::allocOneBuffer(qcamera::QCameraMemory::QCameraMemInfo&, unsigned int, size_t, bool, uint32_t) : ION buffer 1 with size 700416 allocated

07-30 20:49:55.149   693 30222 D QCameraHWI_Mem: static int qcamera::QCameraMemory::allocOneBuffer(qcamera::QCameraMemory::QCameraMemInfo&, unsigned int, size_t, bool, uint32_t) : ION buffer 1 with size 700416 allocated

07-30 20:49:55.149   693 30222 D QCameraHWI_Mem: static int qcamera::QCameraMemory::allocOneBuffer(qcamera::QCameraMemory::QCameraMemInfo&, unsigned int, size_t, bool, uint32_t) : ION buffer 1 with size 700416 allocated

07-30 20:49:55.149   693 30222 D QCameraHWI_Mem: static int qcamera::QCameraMemory::allocOneBuffer(qcamera::QCameraMemory::QCameraMemInfo&, unsigned int, size_t, bool, uint32_t) : ION buffer 1 with size 700416 allocated

07-30 20:49:55.149   693 30222 D QCameraHWI_Mem: static int qcamera::QCameraMemory::allocOneBuffer(qcamera::QCameraMemory::QCameraMemInfo&, unsigned int, size_t, bool, uint32_t) : ION buffer 1 with size 700416 allocated

07-30 20:49:55.150   693 30222 D QCameraHWI_Mem: static int qcamera::QCameraMemory::allocOneBuffer(qcamera::QCameraMemory::QCameraMemInfo&, unsigned int, size_t, bool, uint32_t) : ION buffer 1 with size 700416 allocated

07-30 20:49:55.150   724 30251 D mm-camera: mct: mct_pipeline_process_set:command=8000018

07-30 20:49:55.150   693 30222 D QCameraHWI_Mem: static int qcamera::QCameraMemory::allocOneBuffer(qcamera::QCameraMemory::QCameraMemInfo&, unsigned int, size_t, bool, uint32_t) : ION buffer 1 with size 700416 allocated

07-30 20:49:55.150   724 30251 D mm-camera: mct: mct_stream_start_link: Link Metadata stream 0x10001: do nothing 

07-30 20:49:55.150   724 30251 D mm-camera: mct: mct_pipeline_process_set: Linking successful for stream 0x10001 stream type=6

07-30 20:49:55.150   693 30222 D QCameraHWI_Mem: static int qcamera::QCameraMemory::allocOneBuffer(qcamera::QCameraMemory::QCameraMemInfo&, unsigned int, size_t, bool, uint32_t) : ION buffer 1 with size 700416 allocated

07-30 20:49:55.150   693 30221 E mm-camera-intf: mm_stream_get_v4l2_fmt: Unknown fmt=103

07-30 20:49:55.150   693 30222 D QCameraHWI_Mem: static int qcamera::QCameraMemory::allocOneBuffer(qcamera::QCameraMemory::QCameraMemInfo&, unsigned int, size_t, bool, uint32_t) : ION buffer 1 with size 700416 allocated

07-30 20:49:55.150   693 30222 D QCameraHWI_Mem: static int qcamera::QCameraMemory::allocOneBuffer(qcamera::QCameraMemory::QCameraMemInfo&, unsigned int, size_t, bool, uint32_t) : ION buffer 1 with size 700416 allocated

07-30 20:49:55.150   724 30251 D mm-camera: mct: mct_pipeline_process_set:command=8000004

07-30 20:49:55.150   693 30222 D QCameraHWI_Mem: static int qcamera::QCameraMemory::allocOneBuffer(qcamera::QCameraMemory::QCameraMemInfo&, unsigned int, size_t, bool, uint32_t) : ION buffer 1 with size 700416 allocated

07-30 20:49:55.150   693 30222 D QCameraHWI_Mem: static int qcamera::QCameraMemory::allocOneBuffer(qcamera::QCameraMemory::QCameraMemInfo&, unsigned int, size_t, bool, uint32_t) : ION buffer 1 with size 700416 allocated

07-30 20:49:55.151   693 30222 D QCameraHWI_Mem: static int qcamera::QCameraMemory::allocOneBuffer(qcamera::QCameraMemory::QCameraMemInfo&, unsigned int, size_t, bool, uint32_t) : ION buffer 1 with size 700416 allocated

07-30 20:49:55.151   693 30221 D QCameraHWI_Mem: static int qcamera::QCameraMemory::allocOneBuffer(qcamera::QCameraMemory::QCameraMemInfo&, unsigned int, size_t, bool, uint32_t) : ION buffer 1 with size 36864 allocated

07-30 20:49:55.151   693 30222 D QCameraHWI_Mem: static int qcamera::QCameraMemory::allocOneBuffer(qcamera::QCameraMemory::QCameraMemInfo&, unsigned int, size_t, bool, uint32_t) : ION buffer 1 with size 700416 allocated

07-30 20:49:55.151   693 30222 D QCameraHWI_Mem: static int qcamera::QCameraMemory::allocOneBuffer(qcamera::QCameraMemory::QCameraMemInfo&, unsigned int, size_t, bool, uint32_t) : ION buffer 1 with size 700416 allocated

07-30 20:49:55.151   693 30221 E QCamera2HWI: bool qcamera::AsusCaptureSession::isDo3DNR(): Session not started, CHECK CODE!!

07-30 20:49:55.152   693 30221 E QCamera2HWI: bool qcamera::AsusCaptureSession::isDoSR(): fail

07-30 20:49:55.152   693 30222 D QCameraHWI_Mem: static int qcamera::QCameraMemory::allocOneBuffer(qcamera::QCameraMemory::QCameraMemInfo&, unsigned int, size_t, bool, uint32_t) : ION buffer 1 with size 700416 allocated

07-30 20:49:55.152   693 30222 D QCameraHWI_Mem: static int qcamera::QCameraMemory::allocOneBuffer(qcamera::QCameraMemory::QCameraMemInfo&, unsigned int, size_t, bool, uint32_t) : ION buffer 1 with size 700416 allocated

07-30 20:49:55.152   693 30222 D QCameraHWI_Mem: static int qcamera::QCameraMemory::allocOneBuffer(qcamera::QCameraMemory::QCameraMemInfo&, unsigned int, size_t, bool, uint32_t) : ION buffer 1 with size 700416 allocated

07-30 20:49:55.153   724 30251 D mm-camera: mct: mct_pipeline_process_set:command=800000a

07-30 20:49:55.155   724 30251 D mm-camera: mct: mct_pipeline_process_set:command=8000018

07-30 20:49:55.155   724 30251 D mm-camera: mct: mct_stream_start_link: Start linking preview stream 0x10002

07-30 20:49:55.155   724 30251 D mm-camera: mct: mct_stream_start_link: non secure stream linking 

07-30 20:49:55.155   724 30251 E mm-camera: module_iface_set_mod_func: set module type = 8, identity 10002

07-30 20:49:55.155   724 30251 I mm-camera-sensor: port_sensor_caps_reserve:162ide 10002 stream type 1 w*h 1920*1080

07-30 20:49:55.155   724 30251 E mm-camera: iface_reserve_sink_port: security mode :0

07-30 20:49:55.155   724 30251 I mm-camera-sensor: port_sensor_ext_link_func:300ide 10002

07-30 20:49:55.155   724 30251 E mm-camera-isp2: isp_port_check_caps_reserve:759 port 0xab6d7460 ide 10002 type 1 dim 1920 1080

07-30 20:49:55.155   724 30251 E mm-camera-isp2: isp_stream_resource_allocate:2244 i 0 hw_stream 1

07-30 20:49:55.155   724 30251 E mm-camera-isp2: isp_stream_resource_allocate:2244 i 0 hw_stream 1

07-30 20:49:55.155   724 30251 E mm-camera-isp2: isp_stream_resource_allocate:2340 ide 10002 type 1 hw stream 0

07-30 20:49:55.155   724 30251 E mm-camera: int_link = 0xab6f5b28

07-30 20:49:55.155   724 30251 D mm-camera: pproc_port_add_modules_to_stream:444, LINK linking mods tmod and afs for identity 10002

07-30 20:49:55.155   724 30251 D mm-camera: pproc_port_add_modules_to_stream:444, LINK linking mods afs and cpp for identity 10002

07-30 20:49:55.155   724 30251 D mm-camera: cpp_port_check_caps_reserve:137, identity=0x10002, reserved

07-30 20:49:55.156   724 30251 D mm-camera: cpp_module_notify_add_stream: offset_x 0, offset_y 0, offset 0, meta_len 0,meta_scanline 0, meta_stride 0, plane_len 2073600

07-30 20:49:55.156   724 30251 D mm-camera: cpp_module_notify_add_stream: offset_x 0, offset_y 0, offset 0, meta_len 0,meta_scanline 0, meta_stride 0, plane_len 1036800

07-30 20:49:55.156   724 30251 D mm-camera: cpp_module_notify_add_stream:2169, info: success, identity=0x10002

07-30 20:49:55.156   724 30251 E mm-camera: pproc_port_add_modules_to_stream:465] X rc: 1

07-30 20:49:55.156   724 30251 D mm-camera: cpp_port_check_caps_reserve:137, identity=0x10002, reserved

07-30 20:49:55.156   724 30251 D mm-camera: mct: mct_pipeline_process_set: Linking successful for stream 0x10002 stream type=1

07-30 20:49:55.156   724 30251 D mm-camera: mct: mct_pipeline_process_set:command=8000004

07-30 20:49:55.157   693 30221 D QCameraHWI_Mem: static int qcamera::QCameraMemory::allocOneBuffer(qcamera::QCameraMemory::QCameraMemInfo&, unsigned int, size_t, bool, uint32_t) : ION buffer 1 with size 36864 allocated

07-30 20:49:55.158   693 30221 E QCamera2HWI: bool qcamera::AsusCaptureSession::isDo3DNR(): Session not started, CHECK CODE!!

07-30 20:49:55.158   693 30221 E QCamera2HWI: bool qcamera::AsusCaptureSession::isDoSR(): fail

07-30 20:49:55.159   724 30251 D mm-camera: mct: mct_pipeline_process_set:command=800000a

07-30 20:49:55.159   724 30251 D mm-camera: mct: mct_pipeline_process_set:command=8000018

07-30 20:49:55.160   724 30251 D mm-camera: mct: mct_stream_start_link: Start linking snapshot stream 0x10003

07-30 20:49:55.160   724 30251 E mm-camera: module_iface_set_mod_func: set module type = 8, identity 10003

07-30 20:49:55.160   724 30251 I mm-camera-sensor: port_sensor_caps_reserve:162ide 10003 stream type 3 w*h 5488*3088

07-30 20:49:55.160   724 30251 E mm-camera: iface_reserve_sink_port: security mode :0

07-30 20:49:55.160   724 30251 I mm-camera-sensor: port_sensor_ext_link_func:300ide 10003

07-30 20:49:55.160   724 30251 E mm-camera-isp2: isp_port_check_caps_reserve:759 port 0xab6d7460 ide 10003 type 3 dim 5488 3088

07-30 20:49:55.160   724 30251 E mm-camera-isp2: isp_stream_resource_allocate:2244 i 1 hw_stream 1

07-30 20:49:55.160   724 30251 E mm-camera-isp2: isp_stream_resource_allocate:2244 i 1 hw_stream 1

07-30 20:49:55.160   724 30251 E mm-camera-isp2: isp_stream_resource_allocate:2340 ide 10003 type 3 hw stream 1

07-30 20:49:55.160   724 30251 D mm-camera: mct: mct_pipeline_process_set: Linking successful for stream 0x10003 stream type=3

07-30 20:49:55.161   724 30251 D mm-camera: mct: mct_pipeline_process_set:command=8000004

07-30 20:49:55.161   693 30221 D QCameraHWI_Mem: static int qcamera::QCameraMemory::allocOneBuffer(qcamera::QCameraMemory::QCameraMemInfo&, unsigned int, size_t, bool, uint32_t) : ION buffer 1 with size 36864 allocated

07-30 20:49:55.162   693 30221 E QCamera2HWI: bool qcamera::AsusCaptureSession::isDo3DNR(): Session not started, CHECK CODE!!

07-30 20:49:55.162   693 30221 E QCamera2HWI: bool qcamera::AsusCaptureSession::isDoSR(): fail

07-30 20:49:55.163   724 30251 D mm-camera: mct: mct_pipeline_process_set:command=800000a

07-30 20:49:55.165   724 30251 D mm-camera: mct: mct_pipeline_process_set:command=8000018

07-30 20:49:55.165   724 30251 D mm-camera: mct: mct_stream_start_link: Starting Analysis stream linking

07-30 20:49:55.165   724 30251 E mm-camera: module_iface_set_mod_func: set module type = 8, identity 10004

07-30 20:49:55.165   724 30251 I mm-camera-sensor: port_sensor_caps_reserve:162ide 10004 stream type 10 w*h 1920*1080

07-30 20:49:55.165   724 30251 E mm-camera: iface_reserve_sink_port: security mode :0

07-30 20:49:55.165   724 30251 I mm-camera-sensor: port_sensor_ext_link_func:300ide 10004

07-30 20:49:55.165   724 30251 E mm-camera-isp2: isp_port_check_caps_reserve:759 port 0xab6d7460 ide 10004 type 10 dim 1920 1080

07-30 20:49:55.165   724 30251 E mm-camera-isp2: isp_stream_resource_allocate:2244 i 0 hw_stream 1

07-30 20:49:55.165   724 30251 E mm-camera-isp2: isp_stream_resource_allocate:2244 i 0 hw_stream 1

07-30 20:49:55.165   724 30251 E mm-camera-isp2: isp_stream_resource_allocate:2340 ide 10004 type 10 hw stream 0

07-30 20:49:55.166   724 30251 E mm-camera: int_link = 0xab6f5b28

07-30 20:49:55.166   724 30251 E mm-camera: pproc_port_add_modules_to_stream:465] X rc: 1

07-30 20:49:55.166   724 30251 D mm-camera: mct: mct_pipeline_process_set: Linking successful for stream 0x10004 stream type=10

07-30 20:49:55.166   724 30251 D mm-camera: mct: mct_pipeline_process_set:command=8000004

07-30 20:49:55.167   509   674 I SurfaceFlinger: irisConfigure(0x2, 0) in SF

07-30 20:49:55.167   509   674 I IrisIoctlWrapper: irisConfigure(0x2, 0)

07-30 20:49:55.167   693 30221 E QCamera2HWI: bool qcamera::AsusCaptureSession::isDoSR(): fail

07-30 20:49:55.168   724 30251 E mm-camera: iface_util_set_zsl_frame_skip zsl_skip_pattern=0

07-30 20:49:55.168   724 30251 D mm-camera: mct: mct_pipeline_process_set:command=8000019

07-30 20:49:55.168   724 30251 I mm-camera-sensor: sensor_util_assign_bundle_id:511bundle_id=641536, num_streams=3

07-30 20:49:55.168   724 30251 I mm-camera-sensor: sensor_util_assign_bundle_id:514bundle stream id 2

07-30 20:49:55.168   724 30251 I mm-camera-sensor: sensor_util_assign_bundle_id:514bundle stream id 3

07-30 20:49:55.168   724 30251 I mm-camera-sensor: sensor_util_assign_bundle_id:514bundle stream id 4

07-30 20:49:55.168   724 30251 E mm-camera: pproc_module_offline_stream_param_buf:2216 failed: parm_buf.type is invalid

07-30 20:49:55.169   724 30251 D mm-camera: mct: mct_pipeline_process_set:command=8000019

07-30 20:49:55.170   724 30251 I mm-camera-sensor: sensor_util_assign_bundle_id:511bundle_id=641536, num_streams=3

07-30 20:49:55.170   724 30251 I mm-camera-sensor: sensor_util_assign_bundle_id:514bundle stream id 2

07-30 20:49:55.170   724 30251 I mm-camera-sensor: sensor_util_assign_bundle_id:514bundle stream id 3

07-30 20:49:55.170   724 30251 I mm-camera-sensor: sensor_util_assign_bundle_id:514bundle stream id 4

07-30 20:49:55.170  7242 12248 I VisualMasterCommand: result :; HIT: Camera, L/I:-/-; HIT: Read persist.memc.demo property fail; HIT: DemoPos 1; HIT: SetIO success (Loop 0); HIT: Success

07-30 20:49:55.171   724 30251 D mm-camera: mct: mct_pipeline_process_set:command=8000019

07-30 20:49:55.171   724 30251 I mm-camera-sensor: sensor_util_assign_bundle_id:511bundle_id=641536, num_streams=3

07-30 20:49:55.171   724 30251 I mm-camera-sensor: sensor_util_assign_bundle_id:514bundle stream id 2

07-30 20:49:55.171   724 30251 I mm-camera-sensor: sensor_util_assign_bundle_id:514bundle stream id 3

07-30 20:49:55.171   724 30251 I mm-camera-sensor: sensor_util_assign_bundle_id:514bundle stream id 4

07-30 20:49:55.171   724 30251 E mm-camera: pproc_module_offline_stream_param_buf:2216 failed: parm_buf.type is invalid

07-30 20:49:55.177   724 30251 D mm-camera: mct: mct_pipeline_process_set:command=8000008

07-30 20:49:55.177   724 30251 D mm-camera: mct: mct_pipeline_process_set: STREAM-ON on stream 0x10001 stream type=6

07-30 20:49:55.177   724 30251 D mm-camera: mct: mct_pipeline_process_set: STREAM-ON success for stream 0x10001, stream type=6

07-30 20:49:55.180   724 30251 D mm-camera: mct: mct_pipeline_process_set:command=8000008

07-30 20:49:55.180   724 30251 D mm-camera: mct: mct_pipeline_process_set: STREAM-ON on stream 0x10002 stream type=1

07-30 20:49:55.180   724 30251 I mm-camera: module_sensor_stream_on:2675ide 10002 SENSOR_START_STREAM

07-30 20:49:55.180   724 30251 I mm-camera: module_sensor_is_ready_for_stream_on:1227session_id=1, stream_id=2

07-30 20:49:55.180   724 30251 I mm-camera: modules_sensor_set_new_resolution:1496SENSOR_SET_RESOLUTION 5488*3088 mask 60a, fast AEC: 0, FastAec mode:0

07-30 20:49:55.180   724 30251 I mm-camera: sensor_set_resolution:2256Enter

07-30 20:49:55.180   724 30251 I mm-camera: sensor_set_resolution:2281Requested width 5488, height 3088

07-30 20:49:55.180   724 30251 I mm-camera: sensor_set_resolution:2283Requested stream mask 60a hfr mode 0 Cur fps 30.000000

07-30 20:49:55.180   724 30251 E mm-camera-sensor: sensor_pick_fill_expected_data:401ex_w:5488, ex_h:3088,ex_mode:1, ex_fps:30.000000, ex_clk:0, ex_ar: 177

07-30 20:49:55.180   724 30251 I mm-camera-sensor: sensor_pick_resolution:677res_idx: 1

07-30 20:49:55.180   724 30251 I mm-camera-sensor: sensor_pick_resolution:684Matched pick_w:5488, pick_h:3088, pick_fps:32.160000, op_pixel_clk:600000000, vt_pixel_clk:741600000, pick_mode:1

07-30 20:49:55.180   724 30251 I mm-camera: sensor_set_resolution:2292Curr Res ID -1 New Res ID 1 New FPS 30.000000

07-30 20:49:55.180   724 30251 I mm-camera: sensor_set_resolution:2450Exit

07-30 20:49:55.180   724 30251 I mm-camera: sensor_get_resolution_info:3656pdaf enable 1

07-30 20:49:55.180   724 30251 E mm-camera: iface_util_config_meta: get no.0 user meta info, user_stream id = 15

07-30 20:49:55.180   724 30225 I mm-camera-sensor: sensor_process_thread_message:52Processing Pipe message 2

07-30 20:49:55.180   724 30251 E mm-camera-isp2: module_mesh_rolloff40_set_stream_config:330 received stream config rolloff

07-30 20:49:55.180   724 30251 E mm-camera-isp2: scaler44_check_hw_limit:523 Entry 1 y_cfg->hOut 5488 y_cfg->vOut 3088

07-30 20:49:55.180   724 30251 E mm-camera-isp2: module_mesh_rolloff40_set_stream_config:330 received stream config rolloff

07-30 20:49:55.180   724 30251 E mm-camera-isp2: scaler44_check_hw_limit:523 Entry 1 y_cfg->hOut 5488 y_cfg->vOut 3088

07-30 20:49:55.181   724 30251 E mm-camera: cpp_module_handle_stream_cfg_event:1553 frame_offset=1, input_fps=30.00, identity=0x1000f

07-30 20:49:55.181   724 30251 E mm-camera: cpp_module_handle_stream_cfg_event:1553 frame_offset=1, input_fps=30.00, identity=0x10002

07-30 20:49:55.181   724 30251 E mm-camera: Crop param invalid 1920, reset to 0

07-30 20:49:55.181   724 30251 E mm-camera: Crop param invalid 1080, reset to 0

07-30 20:49:55.181   724 30251 E mm-camera-isp2: scaler44_handle_isp_private_event:1530 failed: invalid private event 22

07-30 20:49:55.181   724 30251 E mm-camera-isp2: scaler44_handle_isp_private_event:1530 failed: invalid private event 22

07-30 20:49:55.181   724 30251 E mm-camera-isp2: scaler44_handle_isp_private_event:1530 failed: invalid private event 22

07-30 20:49:55.181   724 30251 E mm-camera-isp2: scaler44_handle_isp_private_event:1530 failed: invalid private event 22

07-30 20:49:55.181   724 30251 E mm-camera-isp2: isp_send_stats_types:527 isp version 40 af_kernel_size 1

07-30 20:49:55.181   724 30251 I mm-camera-sensor: pdaf_get_type:373buffer_type 0

07-30 20:49:55.181   724 30251 I mm-camera: module_sensor_config_pdaf:2949unsupported pd type

07-30 20:49:55.181   724 30251 I mm-camera: sensor_get_cur_chromatix_name:2844hal version 1 capture intent 0 cur_stream_mask 1546

07-30 20:49:55.181   724 30251 I mm-camera: sensor_get_cur_chromatix_name:2900chromatix_lib_name[0] = libchromatix_imx318_isp_default_capture.so

07-30 20:49:55.181   724 30251 I mm-camera: sensor_get_cur_chromatix_name:2900chromatix_lib_name[1] = libchromatix_imx318_isp_default_capture.so

07-30 20:49:55.181   724 30251 I mm-camera: sensor_get_cur_chromatix_name:2901chromatix_lib_name[2] = NULL

07-30 20:49:55.181   724 30251 I mm-camera: sensor_get_cur_chromatix_name:2900chromatix_lib_name[3] = libchromatix_imx318_common_default.so

07-30 20:49:55.182   724 30251 I mm-camera: sensor_get_cur_chromatix_name:2900chromatix_lib_name[4] = libchromatix_imx318_cpp_default_preview.so

07-30 20:49:55.182   724 30251 I mm-camera: sensor_get_cur_chromatix_name:2900chromatix_lib_name[5] = libchromatix_imx318_cpp_default_capture.so

07-30 20:49:55.182   724 30251 I mm-camera: sensor_get_cur_chromatix_name:2900chromatix_lib_name[6] = libchromatix_imx318_cpp_default_capture.so

07-30 20:49:55.182   724 30251 I mm-camera: sensor_get_cur_chromatix_name:2900chromatix_lib_name[7] = libchromatix_imx318_cpp_default_capture.so

07-30 20:49:55.182   724 30251 I mm-camera: sensor_get_cur_chromatix_name:2900chromatix_lib_name[8] = libchromatix_imx318_cpp_default_capture.so

07-30 20:49:55.182   724 30251 I mm-camera: sensor_get_cur_chromatix_name:2900chromatix_lib_name[9] = libchromatix_imx318_cpp_default_video.so

07-30 20:49:55.182   724 30251 I mm-camera: sensor_get_cur_chromatix_name:2900chromatix_lib_name[10] = libchromatix_imx318_postproc_default.so

07-30 20:49:55.182   724 30251 I mm-camera: sensor_get_cur_chromatix_name:2900chromatix_lib_name[11] = libchromatix_imx318_3A_default.so

07-30 20:49:55.184   693 30222 D QCameraHWI_Mem: static int qcamera::QCameraMemory::allocOneBuffer(qcamera::QCameraMemory::QCameraMemInfo&, unsigned int, size_t, bool, uint32_t) : ION buffer 1 with size 25890816 allocated

07-30 20:49:55.197   724 30225 E mm-camera-sensor: sensor_process_thread_message:105sensor_process_thread_message: task took 17 ms

07-30 20:49:55.197   724 30225 I mm-camera-sensor: sensor_process_thread_message:52Processing Pipe message 2

07-30 20:49:55.197   724 30225 D mm-camera-sensor: OIS init start

07-30 20:49:55.197   724 30225 I mm-camera-sensor: ois_init:214name = bu63165

07-30 20:49:55.206   693 30222 D QCameraHWI_Mem: static int qcamera::QCameraMemory::allocOneBuffer(qcamera::QCameraMemory::QCameraMemInfo&, unsigned int, size_t, bool, uint32_t) : ION buffer 1 with size 25890816 allocated

07-30 20:49:55.211   724 30251 D mm-camera-sensor: flash_process: battery_power_percentage = 65

07-30 20:49:55.211   724 30251 I mm-camera-sensor: sensor_util_post_chromatix_event_downstream:2287chromatixComPtr = 0xf113f004

07-30 20:49:55.211   724 30251 I mm-camera-sensor: sensor_util_post_chromatix_event_downstream:2288chromatixPtr = 0xf1121004

07-30 20:49:55.211   724 30251 I mm-camera-sensor: sensor_util_post_chromatix_event_downstream:2289chromatixCppPtr = 0xf1106004

07-30 20:49:55.211   724 30251 I mm-camera-sensor: sensor_util_post_chromatix_event_downstream:2290chromatixSnapCppPtr = 0xf10fa004

07-30 20:49:55.211   724 30251 I mm-camera-sensor: sensor_util_post_chromatix_event_downstream:2291chromatixFlashSnapCppPtr = 0xf10fa004

07-30 20:49:55.211   724 30251 I mm-camera-sensor: sensor_util_post_chromatix_event_downstream:2292chromatixDsCppPtr = 0xf10fa004

07-30 20:49:55.211   724 30251 I mm-camera-sensor: sensor_util_post_chromatix_event_downstream:2293chromatixUsCppPtr = 0xf10fa004

07-30 20:49:55.211   724 30251 I mm-camera-sensor: sensor_util_post_chromatix_event_downstream:2294chromatixVideoCppPtr = 0xf10ee004

07-30 20:49:55.211   724 30251 I mm-camera-sensor: sensor_util_post_chromatix_event_downstream:2295chromatixPostProcPtr = 0xf10e8004

07-30 20:49:55.211   724 30251 I mm-camera-sensor: sensor_util_post_chromatix_event_downstream:2296chromatix3aPtr = 0xf10d7008

07-30 20:49:55.212   724 30225 I mm-camera-sensor: ois_load_lib:147library libois_bu63165.so successfully loaded

07-30 20:49:55.213   724 30251 E mm-camera-CORE: af_port_set_haf_enable:2283  DCiAF is being disabled

07-30 20:49:55.214   724 30256 E dit_DS  : dit enableSaveImg

07-30 20:49:55.214   724 30263 D ispDB   : init

07-30 20:49:55.216   724 30251 I mm-camera-eztune: EZTune: server not starting as eztune is disabled or sensor is YUV

07-30 20:49:55.216   724 30256 D ispDB   : init

07-30 20:49:55.216   724 30251 E mm-camera-isp2: scaler44_check_hw_limit:523 Entry 1 y_cfg->hOut 5488 y_cfg->vOut 3088

07-30 20:49:55.217   724 30251 E mm-camera-isp2: scaler44_check_hw_limit:523 Entry 1 y_cfg->hOut 5488 y_cfg->vOut 3088

07-30 20:49:55.217   724 30251 E mm-camera-isp2: isp_sub_module_port_set_param:830 failed: module color_correct40 set parm 13 int set parm 16

07-30 20:49:55.217   724 30251 E mm-camera-isp2: isp_sub_module_port_process_downstream_ctrl_event:1031 failed: mct event 5 int_event 2

07-30 20:49:55.217   724 30251 E mm-camera-isp2: isp_sub_module_port_set_param:830 failed: module color_correct40 set parm 13 int set parm 16

07-30 20:49:55.217   724 30251 E mm-camera-isp2: isp_sub_module_port_process_downstream_ctrl_event:1031 failed: mct event 5 int_event 2

07-30 20:49:55.220   724 30256 D ispDB   : init

07-30 20:49:55.225   724 30256 D ispDB   : init

07-30 20:49:55.227   693 30222 D QCameraHWI_Mem: static int qcamera::QCameraMemory::allocOneBuffer(qcamera::QCameraMemory::QCameraMemInfo&, unsigned int, size_t, bool, uint32_t) : ION buffer 1 with size 25890816 allocated

07-30 20:49:55.238   724 30256 D DIT_3A  : [DIT-AWB] initDB 93 37 

07-30 20:49:55.238   724 30256 D ispDB   : init

07-30 20:49:55.244   724 30256 D ispDB   : init

07-30 20:49:55.251   724 30256 D ispDB   : init

07-30 20:49:55.255   724 30256 D DIT_3A  : [DIT-AWB] initialization

07-30 20:49:55.256   724 30251 E mm-camera-isp2: isp_resource_get_stats_type_mask:1282 enable_stats_mask 7b8

07-30 20:49:55.256   724 30251 E mm-camera-isp2: isp_resource_request_stripe_info:702  DUAL ISP!

07-30 20:49:55.256   724 30251 E mm-camera-isp2: rs_stats44_update_min_stripe_overlap:730 max_stripe_offset 2744 mid pt 2744

07-30 20:49:55.256   724 30251 E mm-camera-isp2: scaler44_handle_isp_private_event:1530 failed: invalid private event 9

07-30 20:49:55.256   724 30251 E mm-camera-isp2: scaler44_handle_isp_private_event:1530 failed: invalid private event 9

07-30 20:49:55.256   724 30251 E mm-camera-isp2: rs_stats44_update_min_stripe_overlap:730 max_stripe_offset 2744 mid pt 2744

07-30 20:49:55.256   724 30251 E mm-camera-isp2: scaler44_handle_isp_private_event:1530 failed: invalid private event 9

07-30 20:49:55.257   724 30251 E mm-camera-isp2: scaler44_handle_isp_private_event:1530 failed: invalid private event 9

07-30 20:49:55.257   724 30251 E mm-camera-isp2: isp_resource_update_mapped_stream_info:514 dual_dbg stream type 1, AXI_SRC = 1 (ENC 0/ View 1/Camif 2/Ideal 3/Rdi 456)

07-30 20:49:55.257   724 30251 E mm-camera: isp_util_set_split_output_info_per_stream:660 E

07-30 20:49:55.257   724 30251 E mm-camera-isp2: scaler44_handle_isp_private_event:1530 failed: invalid private event 12

07-30 20:49:55.257   724 30251 E mm-camera-isp2: scaler44_handle_isp_private_event:1530 failed: invalid private event 16

07-30 20:49:55.258   724 30251 E mm-camera-isp2: isp_resource_update_mapped_stream_info:514 dual_dbg stream type 10, AXI_SRC = 1 (ENC 0/ View 1/Camif 2/Ideal 3/Rdi 456)

07-30 20:49:55.258   724 30251 E mm-camera: isp_util_set_split_output_info_per_stream:660 E

07-30 20:49:55.258   724 30251 E mm-camera-isp2: scaler44_handle_isp_private_event:1530 failed: invalid private event 12

07-30 20:49:55.258   724 30251 E mm-camera-isp2: scaler44_handle_isp_private_event:1530 failed: invalid private event 16

07-30 20:49:55.258   724 30251 E mm-camera-isp2: isp_resource_iface_request_output_resource:1436 split info: is_split = 1, stripe id = 0, stripe_offset = 2700

07-30 20:49:55.258   724 30251 E mm-camera-isp2: isp_resource_iface_request_output_resource:1439 split info: left_output = 960, right_output = 960

07-30 20:49:55.258   724 30251 E mm-camera-isp2: isp_resource_update_mapped_stream_info:514 dual_dbg stream type 3, AXI_SRC = 0 (ENC 0/ View 1/Camif 2/Ideal 3/Rdi 456)

07-30 20:49:55.258   724 30251 E mm-camera: isp_util_set_split_output_info_per_stream:660 E

07-30 20:49:55.258   724 30251 E mm-camera-isp2: scaler44_handle_isp_private_event:1530 failed: invalid private event 12

07-30 20:49:55.258   724 30251 E mm-camera-isp2: scaler44_handle_isp_private_event:1530 failed: invalid private event 16

07-30 20:49:55.258   724 30251 E mm-camera-isp2: isp_resource_iface_request_output_resource:1436 split info: is_split = 1, stripe id = 0, stripe_offset = 2700

07-30 20:49:55.258   724 30251 E mm-camera-isp2: isp_resource_iface_request_output_resource:1439 split info: left_output = 2752, right_output = 2736

07-30 20:49:55.258   724 30251 E mm-camera-isp2: isp_resource_update_mapped_stream_info:514 dual_dbg stream type 1, AXI_SRC = 1 (ENC 0/ View 1/Camif 2/Ideal 3/Rdi 456)

07-30 20:49:55.258   724 30251 E mm-camera: isp_util_set_split_output_info_per_stream:660 E

07-30 20:49:55.259   724 30251 E mm-camera-isp2: scaler44_handle_isp_private_event:1530 failed: invalid private event 12

07-30 20:49:55.259   724 30251 E mm-camera-isp2: scaler44_handle_isp_private_event:1530 failed: invalid private event 16

07-30 20:49:55.259   724 30251 E mm-camera-isp2: isp_resource_update_mapped_stream_info:514 dual_dbg stream type 10, AXI_SRC = 1 (ENC 0/ View 1/Camif 2/Ideal 3/Rdi 456)

07-30 20:49:55.259   724 30251 E mm-camera: isp_util_set_split_output_info_per_stream:660 E

07-30 20:49:55.259   724 30251 E mm-camera-isp2: scaler44_handle_isp_private_event:1530 failed: invalid private event 12

07-30 20:49:55.259   724 30251 E mm-camera-isp2: scaler44_handle_isp_private_event:1530 failed: invalid private event 16

07-30 20:49:55.259   724 30251 E mm-camera-isp2: isp_resource_iface_request_output_resource:1436 split info: is_split = 0, stripe id = 0, stripe_offset = 0

07-30 20:49:55.259   724 30251 E mm-camera-isp2: isp_resource_iface_request_output_resource:1439 split info: left_output = 0, right_output = 0

07-30 20:49:55.259   724 30251 E mm-camera-isp2: isp_resource_update_mapped_stream_info:514 dual_dbg stream type 3, AXI_SRC = 0 (ENC 0/ View 1/Camif 2/Ideal 3/Rdi 456)

07-30 20:49:55.259   724 30251 E mm-camera: isp_util_set_split_output_info_per_stream:660 E

07-30 20:49:55.259   724 30251 E mm-camera-isp2: scaler44_handle_isp_private_event:1530 failed: invalid private event 12

07-30 20:49:55.259   724 30251 E mm-camera-isp2: scaler44_handle_isp_private_event:1530 failed: invalid private event 16

07-30 20:49:55.259   724 30251 E mm-camera-isp2: isp_resource_iface_request_output_resource:1436 split info: is_split = 0, stripe id = 0, stripe_offset = 0

07-30 20:49:55.259   724 30251 E mm-camera-isp2: isp_resource_iface_request_output_resource:1439 split info: left_output = 0, right_output = 0

07-30 20:49:55.259   724 30251 E mm-camera: iface_util_dump_isp_resource_request: =====DUMP RESOURCE: PIX STREAM=== 

07-30 20:49:55.259   724 30251 E mm-camera: iface_util_dump_isp_resource_request: num pix stream = 2

07-30 20:49:55.259   724 30251 E mm-camera: iface_util_dump_isp_resource_request: num_isp = 2, isp_mask = 3, request_op_pix_clk = 0

07-30 20:49:55.259   724 30251 E mm-camera: iface_util_dump_isp_resource_request: ispif stripe info: is split 1, overlap 104, stripe offset 2700

07-30 20:49:55.259   724 30251 E mm-camera: iface_util_dump_isp_resource_request: pix stream 0

07-30 20:49:55.259   724 30251 E mm-camera: iface_util_dump_isp_resource_request: num mct stream mapped = 2(Mapped stream ID[0] = 2)

07-30 20:49:55.259   724 30251 E mm-camera: iface_util_dump_isp_resource_request: axi path = 1(ENC-0/VIEW-1/CAMIF-2/IDEAL-3), cam_fmt 2

07-30 20:49:55.259   724 30251 E mm-camera: iface_util_dump_isp_resource_request: Width = 1920, Height = 1080

07-30 20:49:55.259   724 30251 E mm-camera: iface_util_dump_isp_resource_request: split_info: is_split 1, right stripe offset = 2700

07-30 20:49:55.259   724 30251 E mm-camera: iface_util_dump_isp_resource_request: split_info: left output = 960, right output = 960

07-30 20:49:55.259   724 30251 E mm-camera: iface_util_dump_isp_resource_request: use native buffer: 1 frame_skip 0

07-30 20:49:55.259   724 30251 E mm-camera: iface_util_dump_isp_resource_request, ISP CDS Capability 1

07-30 20:49:55.259   724 30251 E mm-camera: iface_util_dump_isp_resource_request: pix stream 1

07-30 20:49:55.259   724 30251 E mm-camera: iface_util_dump_isp_resource_request: num mct stream mapped = 1(Mapped stream ID[0] = 3)

07-30 20:49:55.260   724 30251 E mm-camera: iface_util_dump_isp_resource_request: axi path = 0(ENC-0/VIEW-1/CAMIF-2/IDEAL-3), cam_fmt 2

07-30 20:49:55.260   724 30251 E mm-camera: iface_util_dump_isp_resource_request: Width = 5488, Height = 3088

07-30 20:49:55.260   724 30251 E mm-camera: iface_util_dump_isp_resource_request: split_info: is_split 1, right stripe offset = 2700

07-30 20:49:55.260   724 30251 E mm-camera: iface_util_dump_isp_resource_request: split_info: left output = 2752, right output = 2736

07-30 20:49:55.260   724 30251 E mm-camera: iface_util_dump_isp_resource_request: use native buffer: 0 frame_skip 0

07-30 20:49:55.260   724 30251 E mm-camera: iface_util_dump_isp_resource_request, ISP CDS Capability 1

07-30 20:49:55.260   724 30251 E mm-camera: iface_util_dump_isp_resource_request: =====DUMP RESOURCE:  STATS STREAM===

07-30 20:49:55.260   724 30251 E mm-camera: iface_util_dump_isp_resource_request: num STATS stream = 7

07-30 20:49:55.260   724 30251 E mm-camera: iface_util_dump_isp_resource_request: stats type 7(7-BG/8-Bf/9-BE), is composite 1

07-30 20:49:55.260   724 30251 E mm-camera: iface_util_dump_isp_resource_request: buf type 1(0-priv/1-shared), num_buf = 4, buf len 147456

07-30 20:49:55.260   724 30251 E mm-camera: iface_util_dump_isp_resource_request: stats type 8(7-BG/8-Bf/9-BE), is composite 0

07-30 20:49:55.260   724 30251 E mm-camera: iface_util_dump_isp_resource_request: buf type 1(0-priv/1-shared), num_buf = 8, buf len 17984

07-30 20:49:55.260   724 30251 E mm-camera: iface_util_dump_isp_resource_request: stats type 9(7-BG/8-Bf/9-BE), is composite 1

07-30 20:49:55.260   724 30251 E mm-camera: iface_util_dump_isp_resource_request: buf type 1(0-priv/1-shared), num_buf = 4, buf len 36864

07-30 20:49:55.260   724 30251 E mm-camera: iface_util_dump_isp_resource_request: stats type 3(7-BG/8-Bf/9-BE), is composite 1

07-30 20:49:55.260   724 30251 E mm-camera: iface_util_dump_isp_resource_request: buf type 1(0-priv/1-shared), num_buf = 4, buf len 16384

07-30 20:49:55.260   724 30251 E mm-camera: iface_util_dump_isp_resource_request: stats type 4(7-BG/8-Bf/9-BE), is composite 1

07-30 20:49:55.260   724 30251 E mm-camera: iface_util_dump_isp_resource_request: buf type 1(0-priv/1-shared), num_buf = 4, buf len 43008

07-30 20:49:55.260   724 30251 E mm-camera: iface_util_dump_isp_resource_request: stats type 10(7-BG/8-Bf/9-BE), is composite 1

07-30 20:49:55.260   724 30251 E mm-camera: iface_util_dump_isp_resource_request: buf type 1(0-priv/1-shared), num_buf = 4, buf len 8192

07-30 20:49:55.260   724 30251 E mm-camera: iface_util_dump_isp_resource_request: stats type 5(7-BG/8-Bf/9-BE), is composite 1

07-30 20:49:55.260   724 30251 E mm-camera: iface_util_dump_isp_resource_request: buf type 1(0-priv/1-shared), num_buf = 4, buf len 1024

07-30 20:49:55.260   724 30251 E mm-camera: iface_util_fill_hw_stream_info_pix:#2832 batch_dbg stream_id 2 type 1 streaming_mode 0

07-30 20:49:55.260   724 30251 E mm-camera: iface_util_decide_zsl_mode: E

07-30 20:49:55.260   724 30251 E mm-camera: iface_util_set_hw_stream_cfg: user_stream->use_pix 1 stream id f

07-30 20:49:55.260   724 30251 E mm-camera: iface_util_set_hw_stream_cfg: user_stream->use_pix 1 stream id 2

07-30 20:49:55.260   724 30251 E mm-camera: iface_util_set_hw_stream_cfg: user_stream->use_pix 1 stream id 3

07-30 20:49:55.260   724 30251 E mm-camera: iface_util_set_hw_stream_cfg: user_stream->use_pix 1 stream id 4

07-30 20:49:55.260   724 30251 E mm-camera: iface_util_set_hw_stream_cfg: sensor meta RDI with user stream id 15

07-30 20:49:55.260   724 30251 D mm-camera: cpp_module_handle_isp_out_dim_event: [STREAM_PARAMS]  stream type 1, width 1920, height 1080,stride 1920, scanline 1080, planes 2

07-30 20:49:55.260   724 30251 D mm-camera: cpp_module_handle_isp_out_dim_event:[STREAM_PARAMS] plane 0, stride 1920, scanline 1080, offset_x 0, offset_y 0, len 2073600, offset:0

07-30 20:49:55.260   724 30251 D mm-camera: cpp_module_handle_isp_out_dim_event:[STREAM_PARAMS] plane 1, stride 1920, scanline 1080, offset_x 0, offset_y 0, len 1036800, offset:0

07-30 20:49:55.260   724 30251 E mm-camera: iface_create_axi: E, hw_idx 0, num_pix_streams 2, num_rdi_stream 1

07-30 20:49:55.261   724 30251 E mm-camera: iface_create_axi: E, hw_idx 1, num_pix_streams 2, num_rdi_stream 1

07-30 20:49:55.262   724 30251 E mm-camera: iface_util_fmt_to_pix_pattern: format 31

07-30 20:49:55.262   724 30251 E mm-camera: iface_util_camif_cfg: <dual_dbg> dual vfe Camif

07-30 20:49:55.263   724 30251 E mm-camera: iface_util_dump_camif_cfg: =====Camif DUMP cfg for PIX interface====

07-30 20:49:55.263   724 30251 E mm-camera: iface_util_dump_camif_cfg: camif input type = 3(MIPI=3), op_pix_clk = 306559744

07-30 20:49:55.263   724 30251 E mm-camera: iface_util_dump_camif_cfg: camif pix_pattern(RGRG-0/GRGR-1/BGBG-2/GBGB-3) = 2

07-30 20:49:55.263   724 30251 E mm-camera: iface_util_dump_camif_cfg: camif first_pix = 0, last_pix = 2803

07-30 20:49:55.263   724 30251 E mm-camera: iface_util_dump_camif_cfg: camif first_line = 0, last_line = 3087

07-30 20:49:55.263  1513  7086 D SensorService: SensorDevice::activate: ident=0x55b7a498c0, handle=0x00000004, enabled=0, count=2

07-30 20:49:55.263   724 30251 E mm-camera: iface_util_dump_camif_cfg: camif pixels_per_line = 2804, lines_per_frame = 3088

07-30 20:49:55.263   724 30251 E mm-camera: iface_util_dump_camif_cfg: camif irq subsample pattern = 0, period = 0 sof_step 1

07-30 20:49:55.263   724 30251 E mm-camera: iface_util_fmt_to_pix_pattern: format 31

07-30 20:49:55.263   724 30251 E mm-camera: iface_util_camif_cfg: <dual_dbg> dual vfe Camif

07-30 20:49:55.263   724 30251 E mm-camera: iface_util_dump_camif_cfg: =====Camif DUMP cfg for PIX interface====

07-30 20:49:55.263   724 30251 E mm-camera: iface_util_dump_camif_cfg: camif input type = 3(MIPI=3), op_pix_clk = 304810496

07-30 20:49:55.263   724 30251 E mm-camera: iface_util_dump_camif_cfg: camif pix_pattern(RGRG-0/GRGR-1/BGBG-2/GBGB-3) = 2

07-30 20:49:55.263   724 30251 E mm-camera: iface_util_dump_camif_cfg: camif first_pix = 0, last_pix = 2787

07-30 20:49:55.263   724 30251 E mm-camera: iface_util_dump_camif_cfg: camif first_line = 0, last_line = 3087

07-30 20:49:55.263   724 30251 E mm-camera: iface_util_dump_camif_cfg: camif pixels_per_line = 2788, lines_per_frame = 3088

07-30 20:49:55.263   724 30251 E mm-camera: iface_util_dump_camif_cfg: camif irq subsample pattern = 0, period = 0 sof_step 1

07-30 20:49:55.263   724 30286 E mm-camera: iface_dump_axi_plane_config:=== AXI DUMP: session_id 1,  hw_stream_id 10002 ====

07-30 20:49:55.263   724 30286 E mm-camera: iface_dump_axi_plane_config: split = 1, stripe id = 0 (left-0/right-1/Max-2)

07-30 20:49:55.263   724 30286 E mm-camera: iface_dump_axi_plane_config: axi src = 1 (ENC-0/VIEW-1/VIDEO-2/CAMIF-3/IDEAL-4/RDI-5,6,7)

07-30 20:49:55.263   724 30286 E mm-camera: iface_dump_axi_plane_config: need buf divert = 1, burst count = 0

07-30 20:49:55.263   724 30286 E mm-camera: iface_dump_axi_plane_config: hfr mode = 0, skip pattern = 0, init_frame_drop = 0

07-30 20:49:55.263   724 30286 E mm-camera: iface_dump_axi_plane_config: plane[0]: plane_fmt 0(Y-0/CB-1/Cr-2/CrCb-3/CbCr-4)

07-30 20:49:55.263   724 30286 E mm-camera: iface_dump_axi_plane_config: plane[0]: width = 960, height = 1080

07-30 20:49:55.263   724 30286 E mm-camera: iface_dump_axi_plane_config: plane[0]: stride = 1920, scanlines = 1080

07-30 20:49:55.263   724 30286 E mm-camera: iface_dump_axi_plane_config: plane[0]: address_offset 0

07-30 20:49:55.263   724 30286 E mm-camera: iface_dump_axi_plane_config: plane[1]: plane_fmt 3(Y-0/CB-1/Cr-2/CrCb-3/CbCr-4)

07-30 20:49:55.263   724 30286 E mm-camera: iface_dump_axi_plane_config: plane[1]: width = 960, height = 540

07-30 20:49:55.263   724 30286 E mm-camera: iface_dump_axi_plane_config: plane[1]: stride = 1920, scanlines = 540

07-30 20:49:55.263   724 30286 E mm-camera: iface_dump_axi_plane_config: plane[1]: address_offset 0

07-30 20:49:55.263   724 30286 E mm-camera: iface_dump_axi_plane_config:=== AXI DUMP: session_id 1,  hw_stream_id 3 ====

07-30 20:49:55.263   724 30286 E mm-camera: iface_dump_axi_plane_config: split = 1, stripe id = 0 (left-0/right-1/Max-2)

07-30 20:49:55.263   724 30286 E mm-camera: iface_dump_axi_plane_config: axi src = 0 (ENC-0/VIEW-1/VIDEO-2/CAMIF-3/IDEAL-4/RDI-5,6,7)

07-30 20:49:55.263   724 30286 E mm-camera: iface_dump_axi_plane_config: need buf divert = 0, burst count = 0

07-30 20:49:55.263   724 30286 E mm-camera: iface_dump_axi_plane_config: hfr mode = 0, skip pattern = 0, init_frame_drop = 0

07-30 20:49:55.263   724 30286 E mm-camera: iface_dump_axi_plane_config: plane[0]: plane_fmt 0(Y-0/CB-1/Cr-2/CrCb-3/CbCr-4)

07-30 20:49:55.263   724 30286 E mm-camera: iface_dump_axi_plane_config: plane[0]: width = 2752, height = 3088

07-30 20:49:55.263   724 30286 E mm-camera: iface_dump_axi_plane_config: plane[0]: stride = 5504, scanlines = 3136

07-30 20:49:55.263   724 30286 E mm-camera: iface_dump_axi_plane_config: plane[0]: address_offset 0

07-30 20:49:55.263   724 30286 E mm-camera: iface_dump_axi_plane_config: plane[1]: plane_fmt 3(Y-0/CB-1/Cr-2/CrCb-3/CbCr-4)

07-30 20:49:55.263   724 30286 E mm-camera: iface_dump_axi_plane_config: plane[1]: width = 2752, height = 1544

07-30 20:49:55.263   724 30286 E mm-camera: iface_dump_axi_plane_config: plane[1]: stride = 5504, scanlines = 1568

07-30 20:49:55.263   724 30286 E mm-camera: iface_dump_axi_plane_config: plane[1]: address_offset 0

07-30 20:49:55.263   724 30286 E mm-camera: iface_axi_util_fill_plane_info: AXI dump: single plane: isp_out_intf_mask 2, rdi_cid 1, fmt = 77, W = 5488, H = 2, stride = 5504, scanline = 2

07-30 20:49:55.263   724 30286 E mm-camera: iface_dump_axi_plane_config:=== AXI DUMP: session_id 1,  hw_stream_id 90001 ====

07-30 20:49:55.263   724 30286 E mm-camera: iface_dump_axi_plane_config: split = 0, stripe id = 0 (left-0/right-1/Max-2)

07-30 20:49:55.263   724 30286 E mm-camera: iface_dump_axi_plane_config: axi src = 5 (ENC-0/VIEW-1/VIDEO-2/CAMIF-3/IDEAL-4/RDI-5,6,7)

07-30 20:49:55.263   724 30286 E mm-camera: iface_dump_axi_plane_config: need buf divert = 1, burst count = 0

07-30 20:49:55.263   724 30286 E mm-camera: iface_dump_axi_plane_config: hfr mode = 0, skip pattern = 0, init_frame_drop = 0

