07-30 20:49:57.821   724 30256 D mm-camera-sensor: flash_process: battery_power_percentage = 65

07-30 20:49:57.826 29403 30241 D skia    : onFlyCompress

07-30 20:49:57.839   693 30335 D mm-jpeg-intf: mm_jpeg_ebd:2891] count 0 

07-30 20:49:57.839   693 30335 D mm-jpeg-intf: mm_jpeg_fbd:2905] count 0 

07-30 20:49:57.839   693 30335 D mm-jpeg-intf: [KPI Perf] : PROFILE_JPEG_FBD

07-30 20:49:57.839   693 30335 D mm-jpeg-intf: mm_jpeg_fbd:2936] send jpeg callback 0 buf 0x0xac4e2a10 len 292335 JobID 16777216

07-30 20:49:57.839   693 30335 D mm-jpeg-intf: mm_jpegenc_destroy_job:2605] Exif entry count 13 17

07-30 20:49:57.839   693 30335 D mm-jpeg-intf: mm_jpeg_queue_remove_job_by_job_id:3110] found matching job id

07-30 20:49:57.850   693 30274 D QCamera2HWI: Deka enable stillmore 0 0

07-30 20:49:57.850   693 30274 E QCamera2HWI: static void qcamera::QCamera2HardwareInterface::synchronous_stream_cb_routine(mm_camera_super_buf_t*, qcamera::QCameraStream*, void*): preview is not running, no need to process frame id 48

07-30 20:49:57.850   693 30276 D QCamera2HWI: Deka enable stillmore 0 0

07-30 20:49:57.850   693 30276 E QCamera2HWI: static void qcamera::QCamera2HardwareInterface::preview_stream_cb_routine(mm_camera_super_buf_t*, qcamera::QCameraStream*, void*): preview is not running, no need to process, mSkipPreviewCount = 1 frame id 48

07-30 20:49:57.850   693 30259 I QCamera2HWI: static void* qcamera::QCameraCbNotifier::cbNotifyRoutine(void*): [ZSL Retro] Num Snapshots Received = 1

07-30 20:49:57.850   693 30259 I QCamera2HWI: static void* qcamera::QCameraCbNotifier::cbNotifyRoutine(void*): [ZSL Retro] Expected snapshot received = 1

07-30 20:49:57.851   693 30294 D mm-jpeg-intf: mm_jpeg_destroy_session:2693] abort todo jobs

07-30 20:49:57.852   693 30294 D mm-jpeg-intf: mm_jpeg_destroy_session:2701] abort ongoing jobs

07-30 20:49:57.852   693 30294 E mm-jpeg-intf: mm_jpeg_put_mem:635] Buffer already released 0

07-30 20:49:57.853   693 30294 V qomx_image_core: OMX_FreeHandle:332] 

07-30 20:49:57.853   693 30294 D qomx_image_core: get_idx_from_handle:291] comp_idx 0 inst_idx 0

07-30 20:49:57.854   693 30294 V qomx_image_core: OMX_FreeHandle:367] Success

07-30 20:49:57.854   693 30294 D mm-jpeg-intf: mm_jpeg_session_destroy:386] Session destroy successful. X

07-30 20:49:57.854   693 30294 D mm-jpeg-intf: mm_jpeg_destroy_session:2746] destroy session successful. X

07-30 20:49:57.855   693 30221 E QCamera2HWI: int32_t qcamera::QCamera2HardwareInterface::waitDeferredWork(uint32_t&): Invalid job id 0

07-30 20:49:57.855   693 30221 E QCamera2HWI: int32_t qcamera::QCamera2HardwareInterface::waitDeferredWork(uint32_t&): Invalid job id 0

07-30 20:49:57.855   693 30221 E QCamera2HWI: int32_t qcamera::QCamera2HardwareInterface::waitDeferredWork(uint32_t&): Invalid job id 0

07-30 20:49:57.855   693 30221 E QCamera2HWI: int32_t qcamera::QCamera2HardwareInterface::waitDeferredWork(uint32_t&): Invalid job id 0

07-30 20:49:57.855   724 30251 D mm-camera: mct: mct_pipeline_process_set:command=8000009

07-30 20:49:57.855   724 30251 D mm-camera: mct: mct_pipeline_process_set: STREAM-OFF on stream 0x10006 stream type=8

07-30 20:49:57.855   724 30251 D mm-camera: cpp_module_handle_streamoff_event:3601, info: doing stream-off for identity 0x10006

07-30 20:49:57.857   724 30251 D mm-camera: cpp_module_handle_streamoff_event:3780, info: stream-off done for identity 0x10006

07-30 20:49:57.857   724 30251 D mm-camera: mct: mct_pipeline_process_set: STREAM-OFF success for stream 0x10006, stream type=8

07-30 20:49:57.858   724 30251 D mm-camera: mct: mct_pipeline_process_set:command=8000009

07-30 20:49:57.858   693  3578 D ASUS_Tfa98xx: Tfa98xx_speakeron: mode 0, setmode 0

07-30 20:49:57.858   724 30251 D mm-camera: mct: mct_pipeline_process_set: STREAM-OFF on stream 0x10005 stream type=8

07-30 20:49:57.858   724 30251 D mm-camera: cpp_module_handle_streamoff_event:3601, info: doing stream-off for identity 0x10005

07-30 20:49:57.858   693  3578 D ASUS_Tfa98xx: Loaded container file speaker_on /system/etc/stereo_aac.cnt.

07-30 20:49:57.858   693  3578 D ASUS_Tfa98xx: tfa start with volume 0.

07-30 20:49:57.858   724 30251 D mm-camera: cpp_module_handle_streamoff_event:3780, info: stream-off done for identity 0x10005

07-30 20:49:57.858   724 30251 D mm-camera: mct: mct_pipeline_process_set: STREAM-OFF success for stream 0x10005, stream type=8

07-30 20:49:57.861   724 30253 D mm-camera-sensor: flash_process: battery_power_percentage = 65

07-30 20:49:57.862   724 30253 E AEC_PORT: aec_port_pack_exif_info:759  aec_port_pack_exif_info: aperture = 2.000000, differential_ev = 0.106215, exp_time = 0.033330, iso = 666, original_ev = 0.000000, gain = 6.660156

07-30 20:49:57.862   724 30253 I mm-camera: sensor_set_exposure:398LL/LLV linecount = 3362

07-30 20:49:57.863   724 30229 E mm-camera-isp2: abf40_aec_update:734 abf40_aec_update [4.000000 - 6.660156 - 7.990000] = 0.666706

07-30 20:49:57.863   724 30229 E mm-camera-isp2: abf40_aec_update:734 abf40_aec_update [4.000000 - 6.660156 - 7.990000] = 0.666706

07-30 20:49:57.863   724 30229 E mm-camera-isp2: bf_stats47_stats_config_update:2646 roi from 3a

07-30 20:49:57.864   724 30229 E mm-camera-isp2: bf_stats47_stats_config_update:2646 roi from 3a

07-30 20:49:57.864   724 30256 D mm-camera-sensor: flash_process: battery_power_percentage = 65

07-30 20:49:57.864   724 30229 E mm-camera-isp2: bf_stats47_sort_ending_pixel_order:2135 i_start = 3358787

07-30 20:49:57.864   724 30229 E mm-camera-isp2: bf_stats47_sort_ending_pixel_order:2135 i_start = 3359129

07-30 20:49:57.864   724 30229 E mm-camera-isp2: bf_stats47_sort_ending_pixel_order:2135 i_start = 3337619

07-30 20:49:57.864   724 30229 E mm-camera-isp2: bf_stats47_sort_ending_pixel_order:2135 i_start = 3337961

07-30 20:49:57.866   724 30231 E mm-camera-CORE: dsps_process_response_gyro: Query request denied, error code = 5, QId_valid = 1, QueryId = 0x310a, AckNak_valid = 1, AckNak = 7

07-30 20:49:57.866   693  3578 D ASUS_Tfa98xx: start use case success

07-30 20:49:57.867   693  3578 D ASUS_Tfa98xx: handles 0

07-30 20:49:57.867   693  3578 D ASUS_Tfa98xx: [NXP] Tfa98xx status reg is 0xd05f

07-30 20:49:57.867   693  3578 D ASUS_Tfa98xx: status checking ok

07-30 20:49:57.867   693  3578 D ASUS_Tfa98xx: handles 1

07-30 20:49:57.868   693  3578 D ASUS_Tfa98xx: [NXP] Tfa98xx status reg is 0xd05f

07-30 20:49:57.868   693  3578 D ASUS_Tfa98xx: status checking ok

07-30 20:49:57.870 29403 30241 D CameraApp: ImageSaver, addExifThumbnail CaptureTag=16

07-30 20:49:57.870 29403 30241 V CameraApp: getThumbanil, start getting thumbnail from data, width=772 height=1372 bmp.width=193 bmp.height=343

07-30 20:49:57.870 29403 30241 V CameraApp: matchOrientation bmp recycle , new bmp mutable=true

07-30 20:49:57.870 29403 30241 V CameraApp: getThumbanil, start getting thumbnail from data, time consumed=6

07-30 20:49:57.870 29403 30241 V CameraApp: onThumbnailCallback bmp=android.graphics.Bitmap@d340bd3

07-30 20:49:57.870 29403 30241 V CameraApp: getThumbanil, end

07-30 20:49:57.872   693  3578 D ASUS_Tfa98xx: Tfa98xx start use case success

07-30 20:49:57.872   693  3578 D audio_hw_primary: start_output_stream: exit

07-30 20:49:57.875   693 30221 E QCamera2HWI: int32_t qcamera::QCamera2HardwareInterface::waitDeferredWork(uint32_t&): Invalid job id 0

07-30 20:49:57.875   693 30221 E QCamera2HWI: int32_t qcamera::QCamera2HardwareInterface::waitDeferredWork(uint32_t&): Invalid job id 0

07-30 20:49:57.876   724 30251 D mm-camera: mct: mct_pipeline_process_set:command=800000b

07-30 20:49:57.876   724 30251 D mm-camera: mct: mct_pipeline_process_set: Issuing DEL_STREAM on stream 0x10005 and stream type=8

07-30 20:49:57.876   724 30251 D mm-camera: mct: mct_stream_del_offline_stream: Enter

07-30 20:49:57.876   724 30251 D mm-camera: cpp_port_check_caps_unreserve:164, identity=0x10005

07-30 20:49:57.876   724 30251 D mm-camera: cpp_port_check_caps_unreserve:174, identity=0x10005, unreserved

07-30 20:49:57.876   724 30251 D mm-camera: mct: mct_pipeline_process_set: Stream 0x10005 and stream type=8, successfully deleted

07-30 20:49:57.876   693 30221 E QCamera2HWI: int32_t qcamera::QCamera2HardwareInterface::waitDeferredWork(uint32_t&): Invalid job id 0

07-30 20:49:57.876   693 30221 E QCamera2HWI: int32_t qcamera::QCamera2HardwareInterface::waitDeferredWork(uint32_t&): Invalid job id 0

07-30 20:49:57.877   724 30251 D mm-camera: mct: mct_pipeline_process_set:command=800000b

07-30 20:49:57.877   724 30251 D mm-camera: mct: mct_pipeline_process_set: Issuing DEL_STREAM on stream 0x10006 and stream type=8

07-30 20:49:57.877   724 30251 D mm-camera: mct: mct_stream_del_offline_stream: Enter

07-30 20:49:57.877   724 30251 D mm-camera: cpp_port_check_caps_unreserve:164, identity=0x10006

07-30 20:49:57.877   724 30251 D mm-camera: cpp_port_check_caps_unreserve:174, identity=0x10006, unreserved

07-30 20:49:57.877   724 30251 D mm-camera: mct: mct_pipeline_process_set: Stream 0x10006 and stream type=8, successfully deleted

07-30 20:49:57.877   693 30221 D QCamera2HWI: [DIT3A] dit_qualcomm_camera_mode = 32

07-30 20:49:57.878   693 30221 D QCamera2HWI: void qcamera::AsusCaptureSession::end(): CaptureSession end success

07-30 20:49:57.878   693 30221 E QCamera2HWI: int32_t qcamera::QCamera2HardwareInterface::stopAdvancedCapture(qcamera::QCameraPicChannel*): No Advanced Capture feature enabled!

07-30 20:49:57.878   693 30259 D QCamera2HWI: Before flushNodes(), 2 cmds in mDataQ.

07-30 20:49:57.879 29403 30212 I CameraApp: CamStill2V1, JpegCallback onPictureTaken. CaptureTag=16

07-30 20:49:57.879 29403 30212 V CameraApp: _PFMS_CAPTURE_A_JPCB:1469882997879

07-30 20:49:57.879 29403 30212 D CameraApp: CamStillView2, onExifCallback. CaptureTag=16

07-30 20:49:57.879 29403 29524 V AsusCameraExtension-JNI: asus notification, msgType:04, ext1:1, ext2:0

07-30 20:49:57.880 29403 29524 V AsusCameraExtension-JNI: asus notification, msgType:02048, ext1:0, ext2:0

07-30 20:49:57.883   693 30221 I QCameraParameters: Requested preview size 1920 x 1080

07-30 20:49:57.883   693 30221 I QCameraParameters: Requested picture size 5488 x 3088

07-30 20:49:57.883   693 30221 E QCameraParameters: ZZ_Align Set asus align, stride=5504 scanline=3136 

07-30 20:49:57.883   693 30221 I QCameraParameters: int32_t qcamera::QCameraParameters::setZslMode(const qcamera::QCameraParameters&): enabled: 1

07-30 20:49:57.883   693 30221 D QCameraParameters: int32_t qcamera::QCameraParameters::setReFocus(const qcamera::QCameraParameters&): AF Bracketing is not supported

07-30 20:49:57.883   693 30221 E QCameraParameters: Setting TS mode int32_t qcamera::QCameraParameters::setTSMode(const qcamera::QCameraParameters&), pre=off

07-30 20:49:57.883   693 30221 E QCameraParameters: Setting TS Fps int32_t qcamera::QCameraParameters::setTSFps(const qcamera::QCameraParameters&), pre=(null)

07-30 20:49:57.883   693 30221 E QCameraParameters: setASUSHDR:disable

07-30 20:49:57.883   693 30221 E QCameraParameters: [DITALL] setDITAutoLLMode = 0

07-30 20:49:57.886 29403 30212 V CameraApp: setParam time consumed = 7

07-30 20:49:57.886 29403 30212 I CameraApp: CamStillView2, FastBlueButton, onCaptureDone notify all mCaptureSync.

07-30 20:49:57.886 29403 30212 V CameraApp: onAutoFocus, callback from CAF, return callback.

07-30 20:49:57.886 29403 30212 V CameraApp: 'still, onContinousFocusMoving start=false

07-30 20:49:57.895   724 30236 E mm-camera: :cpp_hardware_set_clock:356 Set clock 480000000 BW abg 215260416 BW inst 215260416

07-30 20:49:57.895   724 30236 E mm-camera: :cpp_hardware_set_clock:356 Set clock 160000000 BW abg 209952000 BW inst 209952000

07-30 20:49:57.913   724 30253 E mm-camera: module_sensor_event_control_set_parm:4216module_sensor_event_control_set_parm Set LongExp 0 Mode 

07-30 20:49:57.913   724 30253 E mm-camera: 

07-30 20:49:57.913   724 30253 E mm-camera: sensor_set_long_exposure_time:4713LongExp mm-camera long_exposure_time = 0 

07-30 20:49:57.913   724 30253 E mm-camera: sensor_set_auto_lowlight_enable:4756[DITALL] auto lowlight enable 0

07-30 20:49:57.913   724 30253 D mm-camera-sensor: flash_process: battery_power_percentage = 65

07-30 20:49:57.921   724 30253 E AEC_PORT: aec_port_pack_exif_info:759  aec_port_pack_exif_info: aperture = 2.000000, differential_ev = 0.106215, exp_time = 0.033330, iso = 666, original_ev = 0.000000, gain = 6.660156

07-30 20:49:57.922   724 30253 I mm-camera: sensor_set_exposure:398LL/LLV linecount = 3362

07-30 20:49:57.922   724 30256 D mm-camera-sensor: flash_process: battery_power_percentage = 65

07-30 20:49:57.922   724 30229 E mm-camera-isp2: abf40_aec_update:734 abf40_aec_update [4.000000 - 6.660156 - 7.990000] = 0.666706

07-30 20:49:57.922   724 30229 E mm-camera-isp2: abf40_aec_update:734 abf40_aec_update [4.000000 - 6.660156 - 7.990000] = 0.666706

07-30 20:49:57.923   724 30229 E mm-camera-isp2: bf_stats47_stats_config_update:2646 roi from 3a

07-30 20:49:57.923   724 30229 E mm-camera-isp2: bf_stats47_stats_config_update:2646 roi from 3a

07-30 20:49:57.924   724 30231 E mm-camera-CORE: dsps_process_response_gyro: Query request denied, error code = 5, QId_valid = 1, QueryId = 0x320a, AckNak_valid = 1, AckNak = 7

07-30 20:49:57.924   724 30229 E mm-camera-isp2: bf_stats47_sort_ending_pixel_order:2135 i_start = 3358787

07-30 20:49:57.924   724 30229 E mm-camera-isp2: bf_stats47_sort_ending_pixel_order:2135 i_start = 3359129

07-30 20:49:57.926   724 30229 E mm-camera-isp2: bf_stats47_sort_ending_pixel_order:2135 i_start = 3337619

07-30 20:49:57.927   724 30229 E mm-camera-isp2: bf_stats47_sort_ending_pixel_order:2135 i_start = 3337961

07-30 20:49:57.960 29403 30310 I CameraApp: DITLibSDManager, SceneDetect Done, Scene Changed.

07-30 20:49:57.960 29403 30310 D CameraApp: DITLibInfo, SceneID=0, 3DNRHint=0, AutoLL=false, SceneHint=0, FrameNum=1

07-30 20:49:57.960 29403 30310 D CameraApp: DITLibInfo, iso=645, Exp=0.033330, zoomRatio=1.000000

07-30 20:49:57.964   724 30253 D mm-camera-sensor: flash_process: battery_power_percentage = 65

07-30 20:49:57.964   724 30253 E mm-camera: iface_util_set_cds_mode: set HAL CDS mode = 1

07-30 20:49:57.965   724 30253 E AEC_PORT: aec_port_pack_exif_info:759  aec_port_pack_exif_info: aperture = 2.000000, differential_ev = 0.187818, exp_time = 0.033330, iso = 645, original_ev = 0.000000, gain = 6.453125

07-30 20:49:57.965   724 30253 I mm-camera: sensor_set_exposure:398LL/LLV linecount = 3362

07-30 20:49:57.969   724 30256 D mm-camera-sensor: flash_process: battery_power_percentage = 65

07-30 20:49:57.969   724 30229 E mm-camera-isp2: abf40_aec_update:734 abf40_aec_update [4.000000 - 6.453125 - 7.990000] = 0.614818

07-30 20:49:57.969   724 30229 E mm-camera-isp2: abf40_aec_update:734 abf40_aec_update [4.000000 - 6.453125 - 7.990000] = 0.614818

07-30 20:49:57.969   724 30229 E mm-camera-isp2: bf_stats47_stats_config_update:2646 roi from 3a

07-30 20:49:57.969   724 30229 E mm-camera-isp2: bf_stats47_stats_config_update:2646 roi from 3a

07-30 20:49:57.969 29403 29524 V AsusCameraExtension-JNI: asus notification, msgType:02048, ext1:1, ext2:0

07-30 20:49:57.970   724 30229 E mm-camera-isp2: bf_stats47_sort_ending_pixel_order:2135 i_start = 3358787

07-30 20:49:57.970 29403 30212 V CameraApp: 'still, onContinousFocusMoving start=true

07-30 20:49:57.970   724 30229 E mm-camera-isp2: bf_stats47_sort_ending_pixel_order:2135 i_start = 3359129

07-30 20:49:57.970   724 30229 E mm-camera-isp2: bf_stats47_sort_ending_pixel_order:2135 i_start = 3337619

07-30 20:49:57.970   724 30229 E mm-camera-isp2: bf_stats47_sort_ending_pixel_order:2135 i_start = 3337961

07-30 20:49:57.971 29403 29415 V AsusCameraExtension-JNI: CAMERA_MSG_PROFESSIONAL_DATA

07-30 20:49:57.971 29403 29403 V CameraApp: extension, aperture=2.0, iso=645, speed=0.03333, diff_ev=0.18781841, flashNeeded=false, gain=6.453125

07-30 20:49:57.971   724 30231 E mm-camera-CORE: dsps_process_response_gyro: Query request denied, error code = 5, QId_valid = 1, QueryId = 0x330a, AckNak_valid = 1, AckNak = 7

07-30 20:49:58.016   724 30253 D mm-camera-sensor: flash_process: battery_power_percentage = 65

07-30 20:49:58.017   724 30253 E AEC_PORT: aec_port_pack_exif_info:759  aec_port_pack_exif_info: aperture = 2.000000, differential_ev = 0.187818, exp_time = 0.033330, iso = 645, original_ev = 0.000000, gain = 6.453125

07-30 20:49:58.017   724 30253 I mm-camera: sensor_set_exposure:398LL/LLV linecount = 3362

07-30 20:49:58.017   724 30256 D mm-camera-sensor: flash_process: battery_power_percentage = 65

07-30 20:49:58.018   724 30229 E mm-camera-isp2: abf40_aec_update:734 abf40_aec_update [4.000000 - 6.453125 - 7.990000] = 0.614818

07-30 20:49:58.018   724 30229 E mm-camera-isp2: abf40_aec_update:734 abf40_aec_update [4.000000 - 6.453125 - 7.990000] = 0.614818

07-30 20:49:58.019   724 30231 E mm-camera-CORE: dsps_process_response_gyro: Query request denied, error code = 5, QId_valid = 1, QueryId = 0x340a, AckNak_valid = 1, AckNak = 7

07-30 20:49:58.069   724 30253 D mm-camera-sensor: flash_process: battery_power_percentage = 65

07-30 20:49:58.071   724 30253 E AEC_PORT: aec_port_pack_exif_info:759  aec_port_pack_exif_info: aperture = 2.000000, differential_ev = 0.187818, exp_time = 0.033330, iso = 645, original_ev = 0.000000, gain = 6.453125

07-30 20:49:58.071   724 30253 I mm-camera: sensor_set_exposure:398LL/LLV linecount = 3362

07-30 20:49:58.071   724 30229 E mm-camera-isp2: abf40_aec_update:734 abf40_aec_update [4.000000 - 6.453125 - 7.990000] = 0.614818

07-30 20:49:58.072   724 30229 E mm-camera-isp2: abf40_aec_update:734 abf40_aec_update [4.000000 - 6.453125 - 7.990000] = 0.614818

07-30 20:49:58.072   724 30256 D mm-camera-sensor: flash_process: battery_power_percentage = 65

07-30 20:49:58.072   724 30231 E mm-camera-CORE: dsps_process_response_gyro: Query request denied, error code = 5, QId_valid = 1, QueryId = 0x350a, AckNak_valid = 1, AckNak = 7

07-30 20:49:58.110   693 30215 I ExtendedNuPlayer: notifyListener 2 0 0

07-30 20:49:58.110   693 30215 D NuPlayerDriver: notifyListener_l(0xacc27ac8), (2, 0, 0)

07-30 20:49:58.118   724 30253 D mm-camera-sensor: flash_process: battery_power_percentage = 65

07-30 20:49:58.132   724 30253 E AEC_PORT: aec_port_pack_exif_info:759  aec_port_pack_exif_info: aperture = 2.000000, differential_ev = 0.176242, exp_time = 0.033330, iso = 625, original_ev = 0.000000, gain = 6.250000

07-30 20:49:58.132   724 30253 I mm-camera: sensor_set_exposure:398LL/LLV linecount = 3362

07-30 20:49:58.135   724 30256 D mm-camera-sensor: flash_process: battery_power_percentage = 65

07-30 20:49:58.135   724 30229 E mm-camera-isp2: abf40_aec_update:734 abf40_aec_update [4.000000 - 6.250000 - 7.990000] = 0.563910

07-30 20:49:58.136   724 30229 E mm-camera-isp2: abf40_aec_update:734 abf40_aec_update [4.000000 - 6.250000 - 7.990000] = 0.563910

07-30 20:49:58.137   724 30231 E mm-camera-CORE: dsps_process_response_gyro: Query request denied, error code = 5, QId_valid = 1, QueryId = 0x360a, AckNak_valid = 1, AckNak = 7

07-30 20:49:58.169   724 30253 D mm-camera-sensor: flash_process: battery_power_percentage = 65

07-30 20:49:58.170   724 30253 E AEC_PORT: aec_port_pack_exif_info:759  aec_port_pack_exif_info: aperture = 2.000000, differential_ev = 0.176242, exp_time = 0.033330, iso = 625, original_ev = 0.000000, gain = 6.250000

07-30 20:49:58.171   724 30253 I mm-camera: sensor_set_exposure:398LL/LLV linecount = 3362

07-30 20:49:58.171   724 30256 D mm-camera-sensor: flash_process: battery_power_percentage = 65

07-30 20:49:58.171   724 30229 E mm-camera-isp2: abf40_aec_update:734 abf40_aec_update [4.000000 - 6.250000 - 7.990000] = 0.563910

07-30 20:49:58.171   724 30229 E mm-camera-isp2: abf40_aec_update:734 abf40_aec_update [4.000000 - 6.250000 - 7.990000] = 0.563910

07-30 20:49:58.173   724 30231 E mm-camera-CORE: dsps_process_response_gyro: Query request denied, error code = 5, QId_valid = 1, QueryId = 0x370a, AckNak_valid = 1, AckNak = 7

07-30 20:49:58.221   724 30253 D mm-camera-sensor: flash_process: battery_power_percentage = 65

07-30 20:49:58.222   724 30253 E AEC_PORT: aec_port_pack_exif_info:759  aec_port_pack_exif_info: aperture = 2.000000, differential_ev = 0.176242, exp_time = 0.033330, iso = 625, original_ev = 0.000000, gain = 6.250000

07-30 20:49:58.222   724 30253 I mm-camera: sensor_set_exposure:398LL/LLV linecount = 3362

07-30 20:49:58.223   724 30229 E mm-camera-isp2: abf40_aec_update:734 abf40_aec_update [4.000000 - 6.250000 - 7.990000] = 0.563910

07-30 20:49:58.223   724 30229 E mm-camera-isp2: abf40_aec_update:734 abf40_aec_update [4.000000 - 6.250000 - 7.990000] = 0.563910

07-30 20:49:58.223   724 30256 D mm-camera-sensor: flash_process: battery_power_percentage = 65

07-30 20:49:58.224   724 30231 E mm-camera-CORE: dsps_process_response_gyro: Query request denied, error code = 5, QId_valid = 1, QueryId = 0x380a, AckNak_valid = 1, AckNak = 7

07-30 20:49:58.272   724 30253 D mm-camera-sensor: flash_process: battery_power_percentage = 65

07-30 20:49:58.277   724 30253 E AEC_PORT: aec_port_pack_exif_info:759  aec_port_pack_exif_info: aperture = 2.000000, differential_ev = 0.130116, exp_time = 0.033330, iso = 606, original_ev = 0.000000, gain = 6.058594

07-30 20:49:58.277   724 30253 I mm-camera: sensor_set_exposure:398LL/LLV linecount = 3362

07-30 20:49:58.282   724 30256 D mm-camera-sensor: flash_process: battery_power_percentage = 65

07-30 20:49:58.282   724 30229 E mm-camera-isp2: abf40_aec_update:734 abf40_aec_update [4.000000 - 6.058594 - 7.990000] = 0.515938

07-30 20:49:58.282   724 30229 E mm-camera-isp2: abf40_aec_update:734 abf40_aec_update [4.000000 - 6.058594 - 7.990000] = 0.515938

07-30 20:49:58.283   724 30231 E mm-camera-CORE: dsps_process_response_gyro: Query request denied, error code = 5, QId_valid = 1, QueryId = 0x390a, AckNak_valid = 1, AckNak = 7

07-30 20:49:58.315   724 30256 E mm-camera-CORE: PJrgb RGBSensor_DIT_(244, 282, 146, 416)

07-30 20:49:58.323   724 30253 D mm-camera-sensor: flash_process: battery_power_percentage = 65

07-30 20:49:58.324   724 30253 E AEC_PORT: aec_port_pack_exif_info:759  aec_port_pack_exif_info: aperture = 2.000000, differential_ev = 0.130116, exp_time = 0.033330, iso = 606, original_ev = 0.000000, gain = 6.058594

07-30 20:49:58.324   724 30253 I mm-camera: sensor_set_exposure:398LL/LLV linecount = 3362

07-30 20:49:58.325   724 30229 E mm-camera-isp2: abf40_aec_update:734 abf40_aec_update [4.000000 - 6.058594 - 7.990000] = 0.515938

07-30 20:49:58.325   724 30229 E mm-camera-isp2: abf40_aec_update:734 abf40_aec_update [4.000000 - 6.058594 - 7.990000] = 0.515938

07-30 20:49:58.326   724 30256 D mm-camera-sensor: flash_process: battery_power_percentage = 65

07-30 20:49:58.327   724 30231 E mm-camera-CORE: dsps_process_response_gyro: Query request denied, error code = 5, QId_valid = 1, QueryId = 0x3a0a, AckNak_valid = 1, AckNak = 7

07-30 20:49:58.381   693 30260 D QCamera2HWI: Update Arcsoft Run face detection: faceNum=0 faceNum'=0 ,faceinfo.left=1714189869,right=1818635368,top=762341740,bottom=1982689385

07-30 20:49:58.381   724 30253 D mm-camera-sensor: flash_process: battery_power_percentage = 65

07-30 20:49:58.382   724 30253 E AEC_PORT: aec_port_pack_exif_info:759  aec_port_pack_exif_info: aperture = 2.000000, differential_ev = 0.130116, exp_time = 0.033330, iso = 606, original_ev = 0.000000, gain = 6.058594

07-30 20:49:58.382   724 30253 I mm-camera: sensor_set_exposure:398LL/LLV linecount = 3362

07-30 20:49:58.384   724 30229 E mm-camera-isp2: abf40_aec_update:734 abf40_aec_update [4.000000 - 6.058594 - 7.990000] = 0.515938

07-30 20:49:58.384   724 30229 E mm-camera-isp2: abf40_aec_update:734 abf40_aec_update [4.000000 - 6.058594 - 7.990000] = 0.515938

07-30 20:49:58.384   724 30231 E mm-camera-CORE: dsps_process_response_gyro: Query request denied, error code = 5, QId_valid = 1, QueryId = 0x3b0a, AckNak_valid = 1, AckNak = 7

07-30 20:49:58.385   724 30256 D mm-camera-sensor: flash_process: battery_power_percentage = 65

07-30 20:49:58.426   724 30253 D mm-camera-sensor: flash_process: battery_power_percentage = 65

07-30 20:49:58.427   724 30253 E AEC_PORT: aec_port_pack_exif_info:759  aec_port_pack_exif_info: aperture = 2.000000, differential_ev = 0.109083, exp_time = 0.024992, iso = 783, original_ev = 0.000000, gain = 7.828125

07-30 20:49:58.427   724 30253 I mm-camera: sensor_set_exposure:398LL/LLV linecount = 2522

07-30 20:49:58.430   724 30256 D mm-camera-sensor: flash_process: battery_power_percentage = 65

07-30 20:49:58.430   724 30229 E mm-camera-isp2: abf40_aec_update:734 abf40_aec_update [4.000000 - 7.825021 - 7.990000] = 0.958652

07-30 20:49:58.430   724 30229 E mm-camera-isp2: abf40_aec_update:734 abf40_aec_update [4.000000 - 7.825021 - 7.990000] = 0.958652

07-30 20:49:58.433   724 30231 E mm-camera-CORE: dsps_process_response_gyro: Query request denied, error code = 5, QId_valid = 1, QueryId = 0x3c0a, AckNak_valid = 1, AckNak = 7

07-30 20:49:58.469   693 30274 E QCamera2HWI: static void qcamera::QCamera2HardwareInterface::synchronous_stream_cb_routine(mm_camera_super_buf_t*, qcamera::QCameraStream*, void*): preview may have noise, skip mSkipPreviewNoiceCount = 4 mCurrentPreviewExp = 0.033330 getFrameExptime 0.025002

07-30 20:49:58.469   693 30276 E QCamera2HWI: static void qcamera::QCamera2HardwareInterface::preview_stream_cb_routine(mm_camera_super_buf_t*, qcamera::QCameraStream*, void*): preview may have noise, skip mSkipPreviewNoiceCount = 4 mCurrentPreviewExp = 0.033330 getFrameExptime 0.025002

07-30 20:49:58.477   724 30253 D mm-camera-sensor: flash_process: battery_power_percentage = 65

07-30 20:49:58.479   724 30253 E AEC_PORT: aec_port_pack_exif_info:759  aec_port_pack_exif_info: aperture = 2.000000, differential_ev = 0.109083, exp_time = 0.024992, iso = 783, original_ev = 0.000000, gain = 7.828125

07-30 20:49:58.479   724 30253 I mm-camera: sensor_set_exposure:398LL/LLV linecount = 2522

07-30 20:49:58.480   724 30229 E mm-camera-isp2: abf40_aec_update:734 abf40_aec_update [4.000000 - 7.825021 - 7.990000] = 0.958652

07-30 20:49:58.480   724 30256 D mm-camera-sensor: flash_process: battery_power_percentage = 65

07-30 20:49:58.480   724 30229 E mm-camera-isp2: abf40_aec_update:734 abf40_aec_update [4.000000 - 7.825021 - 7.990000] = 0.958652

07-30 20:49:58.480   724 30231 E mm-camera-CORE: dsps_process_response_gyro: Query request denied, error code = 5, QId_valid = 1, QueryId = 0x3d0a, AckNak_valid = 1, AckNak = 7

07-30 20:49:58.482 29403 29524 V AsusCameraExtension-JNI: CAMERA_MSG_PROFESSIONAL_DATA

07-30 20:49:58.482 29403 29403 V CameraApp: extension, aperture=2.0, iso=783, speed=0.024992, diff_ev=0.10908331, flashNeeded=false, gain=7.828125

07-30 20:49:58.525   693 30274 E QCamera2HWI: static void qcamera::QCamera2HardwareInterface::synchronous_stream_cb_routine(mm_camera_super_buf_t*, qcamera::QCameraStream*, void*): preview may have noise, skip mSkipPreviewNoiceCount = 3 mCurrentPreviewExp = 0.033330 getFrameExptime 0.025002

07-30 20:49:58.525   693 30276 E QCamera2HWI: static void qcamera::QCamera2HardwareInterface::preview_stream_cb_routine(mm_camera_super_buf_t*, qcamera::QCameraStream*, void*): preview may have noise, skip mSkipPreviewNoiceCount = 3 mCurrentPreviewExp = 0.033330 getFrameExptime 0.025002

07-30 20:49:58.529   724 30253 D mm-camera-sensor: flash_process: battery_power_percentage = 65

07-30 20:49:58.529   724 30253 E AEC_PORT: aec_port_pack_exif_info:759  aec_port_pack_exif_info: aperture = 2.000000, differential_ev = 0.109083, exp_time = 0.024992, iso = 783, original_ev = 0.000000, gain = 7.828125

07-30 20:49:58.530   724 30253 I mm-camera: sensor_set_exposure:398LL/LLV linecount = 2522

07-30 20:49:58.530   724 30256 D mm-camera-sensor: flash_process: battery_power_percentage = 65

07-30 20:49:58.530   724 30229 E mm-camera-isp2: abf40_aec_update:734 abf40_aec_update [4.000000 - 7.825021 - 7.990000] = 0.958652

07-30 20:49:58.530   724 30229 E mm-camera-isp2: abf40_aec_update:734 abf40_aec_update [4.000000 - 7.825021 - 7.990000] = 0.958652

07-30 20:49:58.531   724 30231 E mm-camera-CORE: dsps_process_response_gyro: Query request denied, error code = 5, QId_valid = 1, QueryId = 0x3e0a, AckNak_valid = 1, AckNak = 7

07-30 20:49:58.573   724 30253 D mm-camera-sensor: flash_process: battery_power_percentage = 65

07-30 20:49:58.573   693 30274 E QCamera2HWI: static void qcamera::QCamera2HardwareInterface::synchronous_stream_cb_routine(mm_camera_super_buf_t*, qcamera::QCameraStream*, void*): preview may have noise, skip mSkipPreviewNoiceCount = 2 mCurrentPreviewExp = 0.033330 getFrameExptime 0.025002

07-30 20:49:58.574   724 30253 E AEC_PORT: aec_port_pack_exif_info:759  aec_port_pack_exif_info: aperture = 2.000000, differential_ev = 0.068301, exp_time = 0.024992, iso = 783, original_ev = 0.000000, gain = 7.828125

07-30 20:49:58.574   724 30253 I mm-camera: sensor_set_exposure:398LL/LLV linecount = 2522

07-30 20:49:58.574   693 30276 E QCamera2HWI: static void qcamera::QCamera2HardwareInterface::preview_stream_cb_routine(mm_camera_super_buf_t*, qcamera::QCameraStream*, void*): preview may have noise, skip mSkipPreviewNoiceCount = 2 mCurrentPreviewExp = 0.033330 getFrameExptime 0.025002

07-30 20:49:58.575   724 30229 E mm-camera-isp2: abf40_aec_update:734 abf40_aec_update [4.000000 - 7.825021 - 7.990000] = 0.958652

07-30 20:49:58.575   724 30229 E mm-camera-isp2: abf40_aec_update:734 abf40_aec_update [4.000000 - 7.825021 - 7.990000] = 0.958652

07-30 20:49:58.577   724 30231 E mm-camera-CORE: dsps_process_response_gyro: Query request denied, error code = 5, QId_valid = 1, QueryId = 0x3f0a, AckNak_valid = 1, AckNak = 7

07-30 20:49:58.590   724 30256 D mm-camera-sensor: flash_process: battery_power_percentage = 65

07-30 20:49:58.594   724 30263 E mm-camera-CORE: PJgsensor GSensor_DIT_(-11, 95, -1)

07-30 20:49:58.594   724 30263 E mm-camera-CORE: PJgyro Gyro_DIT_(0, 0, 0)

07-30 20:49:58.594   724 30263 E mm-camera-CORE: PJlaser Laser_DIT_(8191, 833, 2)

07-30 20:49:58.615   724 30253 D mm-camera-sensor: flash_process: battery_power_percentage = 65

07-30 20:49:58.616   724 30253 E AEC_PORT: aec_port_pack_exif_info:759  aec_port_pack_exif_info: aperture = 2.000000, differential_ev = 0.068301, exp_time = 0.024992, iso = 783, original_ev = 0.000000, gain = 7.828125

07-30 20:49:58.616   724 30253 I mm-camera: sensor_set_exposure:398LL/LLV linecount = 2522

07-30 20:49:58.616   693 30274 E QCamera2HWI: static void qcamera::QCamera2HardwareInterface::synchronous_stream_cb_routine(mm_camera_super_buf_t*, qcamera::QCameraStream*, void*): preview may have noise, skip mSkipPreviewNoiceCount = 1 mCurrentPreviewExp = 0.033330 getFrameExptime 0.025002

07-30 20:49:58.616   693 30276 E QCamera2HWI: static void qcamera::QCamera2HardwareInterface::preview_stream_cb_routine(mm_camera_super_buf_t*, qcamera::QCameraStream*, void*): preview may have noise, skip mSkipPreviewNoiceCount = 1 mCurrentPreviewExp = 0.033330 getFrameExptime 0.025002

07-30 20:49:58.617   724 30229 E mm-camera-isp2: abf40_aec_update:734 abf40_aec_update [4.000000 - 7.825021 - 7.990000] = 0.958652

07-30 20:49:58.617   724 30229 E mm-camera-isp2: abf40_aec_update:734 abf40_aec_update [4.000000 - 7.825021 - 7.990000] = 0.958652

07-30 20:49:58.618   724 30231 E mm-camera-CORE: dsps_process_response_gyro: Query request denied, error code = 5, QId_valid = 1, QueryId = 0x400a, AckNak_valid = 1, AckNak = 7

07-30 20:49:58.628   724 30256 D mm-camera-sensor: flash_process: battery_power_percentage = 65

07-30 20:49:58.658   724 30253 D mm-camera-sensor: flash_process: battery_power_percentage = 65

07-30 20:49:58.659   724 30253 E AEC_PORT: aec_port_pack_exif_info:759  aec_port_pack_exif_info: aperture = 2.000000, differential_ev = 0.068301, exp_time = 0.024992, iso = 783, original_ev = 0.000000, gain = 7.828125

07-30 20:49:58.659   724 30253 I mm-camera: sensor_set_exposure:398LL/LLV linecount = 2522

07-30 20:49:58.660   724 30229 E mm-camera-isp2: abf40_aec_update:734 abf40_aec_update [4.000000 - 7.825021 - 7.990000] = 0.958652

07-30 20:49:58.661   724 30229 E mm-camera-isp2: abf40_aec_update:734 abf40_aec_update [4.000000 - 7.825021 - 7.990000] = 0.958652

07-30 20:49:58.661   724 30231 E mm-camera-CORE: dsps_process_response_gyro: Query request denied, error code = 5, QId_valid = 1, QueryId = 0x410a, AckNak_valid = 1, AckNak = 7

07-30 20:49:58.669   724 30256 D mm-camera-sensor: flash_process: battery_power_percentage = 65

07-30 20:49:58.701   724 30253 D mm-camera-sensor: flash_process: battery_power_percentage = 65

07-30 20:49:58.702   724 30253 E AEC_PORT: aec_port_pack_exif_info:759  aec_port_pack_exif_info: aperture = 2.000000, differential_ev = 0.068301, exp_time = 0.024992, iso = 783, original_ev = 0.000000, gain = 7.828125

07-30 20:49:58.702   724 30253 I mm-camera: sensor_set_exposure:398LL/LLV linecount = 2522

07-30 20:49:58.703   724 30229 E mm-camera-isp2: abf40_aec_update:734 abf40_aec_update [4.000000 - 7.825021 - 7.990000] = 0.958652

07-30 20:49:58.703   724 30229 E mm-camera-isp2: abf40_aec_update:734 abf40_aec_update [4.000000 - 7.825021 - 7.990000] = 0.958652

07-30 20:49:58.703   724 30229 E mm-camera-isp2: bf_stats47_stats_config_update:2646 roi from 3a

07-30 20:49:58.703   724 30229 E mm-camera-isp2: bf_stats47_stats_config_update:2646 roi from 3a

07-30 20:49:58.704   724 30256 I mm-camera: sensor_set_exposure:398LL/LLV linecount = 2522

07-30 20:49:58.704 29403 29414 V AsusCameraExtension-JNI: asus notification, msgType:04, ext1:1, ext2:0

07-30 20:49:58.704 29403 30212 V CameraApp: onAutoFocus, callback from CAF, return callback.

07-30 20:49:58.704 29403 29414 V AsusCameraExtension-JNI: asus notification, msgType:02048, ext1:0, ext2:0

07-30 20:49:58.704 29403 30212 V CameraApp: 'still, onContinousFocusMoving start=false

07-30 20:49:58.705   724 30229 E mm-camera-isp2: bf_stats47_sort_ending_pixel_order:2135 i_start = 3358787

07-30 20:49:58.705   724 30229 E mm-camera-isp2: bf_stats47_sort_ending_pixel_order:2135 i_start = 3359129

07-30 20:49:58.705   724 30231 E mm-camera-CORE: dsps_process_response_gyro: Query request denied, error code = 5, QId_valid = 1, QueryId = 0x420a, AckNak_valid = 1, AckNak = 7

07-30 20:49:58.707   724 30229 E mm-camera-isp2: bf_stats47_sort_ending_pixel_order:2135 i_start = 3337619

07-30 20:49:58.707   724 30229 E mm-camera-isp2: bf_stats47_sort_ending_pixel_order:2135 i_start = 3337961

07-30 20:49:58.720   724 30256 D mm-camera-sensor: flash_process: battery_power_percentage = 65

07-30 20:49:58.744   724 30253 D mm-camera-sensor: flash_process: battery_power_percentage = 65

07-30 20:49:58.746   724 30253 E AEC_PORT: aec_port_pack_exif_info:759  aec_port_pack_exif_info: aperture = 2.000000, differential_ev = 0.069664, exp_time = 0.024992, iso = 783, original_ev = 0.000000, gain = 7.828125

07-30 20:49:58.746   724 30253 I mm-camera: sensor_set_exposure:398LL/LLV linecount = 2522

07-30 20:49:58.747   724 30229 E mm-camera-isp2: abf40_aec_update:734 abf40_aec_update [4.000000 - 7.825021 - 7.990000] = 0.958652

07-30 20:49:58.747   724 30229 E mm-camera-isp2: abf40_aec_update:734 abf40_aec_update [4.000000 - 7.825021 - 7.990000] = 0.958652

07-30 20:49:58.748   724 30231 E mm-camera-CORE: dsps_process_response_gyro: Query request denied, error code = 5, QId_valid = 1, QueryId = 0x430a, AckNak_valid = 1, AckNak = 7

07-30 20:49:58.757 29403 29415 V AsusCameraExtension-JNI: asus notification, msgType:02048, ext1:1, ext2:0

07-30 20:49:58.757 29403 30212 V CameraApp: 'still, onContinousFocusMoving start=true

07-30 20:49:58.757   724 30256 D mm-camera-sensor: flash_process: battery_power_percentage = 65

07-30 20:49:58.787   724 30253 D mm-camera-sensor: flash_process: battery_power_percentage = 65

07-30 20:49:58.793   724 30253 E AEC_PORT: aec_port_pack_exif_info:759  aec_port_pack_exif_info: aperture = 2.000000, differential_ev = 0.069664, exp_time = 0.024992, iso = 783, original_ev = 0.000000, gain = 7.828125

07-30 20:49:58.793   724 30253 I mm-camera: sensor_set_exposure:398LL/LLV linecount = 2522

07-30 20:49:58.794   724 30229 E mm-camera-isp2: abf40_aec_update:734 abf40_aec_update [4.000000 - 7.825021 - 7.990000] = 0.958652

07-30 20:49:58.794   724 30229 E mm-camera-isp2: abf40_aec_update:734 abf40_aec_update [4.000000 - 7.825021 - 7.990000] = 0.958652

07-30 20:49:58.800   724 30231 E mm-camera-CORE: dsps_process_response_gyro: Query request denied, error code = 5, QId_valid = 1, QueryId = 0x440a, AckNak_valid = 1, AckNak = 7

07-30 20:49:58.805   724 30256 D mm-camera-sensor: flash_process: battery_power_percentage = 65

07-30 20:49:58.830   724 30253 D mm-camera-sensor: flash_process: battery_power_percentage = 65

07-30 20:49:58.830   724 30253 E AEC_PORT: aec_port_pack_exif_info:759  aec_port_pack_exif_info: aperture = 2.000000, differential_ev = 0.066356, exp_time = 0.024992, iso = 783, original_ev = 0.000000, gain = 7.828125

07-30 20:49:58.830   724 30253 I mm-camera: sensor_set_exposure:398LL/LLV linecount = 2522

07-30 20:49:58.831   724 30256 D mm-camera-sensor: flash_process: battery_power_percentage = 65

07-30 20:49:58.831   724 30229 E mm-camera-isp2: abf40_aec_update:734 abf40_aec_update [4.000000 - 7.825021 - 7.990000] = 0.958652

07-30 20:49:58.831   724 30229 E mm-camera-isp2: abf40_aec_update:734 abf40_aec_update [4.000000 - 7.825021 - 7.990000] = 0.958652

07-30 20:49:58.832   724 30231 E mm-camera-CORE: dsps_process_response_gyro: Query request denied, error code = 5, QId_valid = 1, QueryId = 0x450a, AckNak_valid = 1, AckNak = 7

07-30 20:49:58.854 29403 30240 I CameraApp: save YUV File: compress to jpeg complete

07-30 20:49:58.876   724 30253 D mm-camera-sensor: flash_process: battery_power_percentage = 65

07-30 20:49:58.880   724 30253 E AEC_PORT: aec_port_pack_exif_info:759  aec_port_pack_exif_info: aperture = 2.000000, differential_ev = 0.066356, exp_time = 0.024992, iso = 783, original_ev = 0.000000, gain = 7.828125

07-30 20:49:58.880   724 30253 I mm-camera: sensor_set_exposure:398LL/LLV linecount = 2522

07-30 20:49:58.881   724 30229 E mm-camera-isp2: abf40_aec_update:734 abf40_aec_update [4.000000 - 7.825021 - 7.990000] = 0.958652

07-30 20:49:58.881   724 30229 E mm-camera-isp2: abf40_aec_update:734 abf40_aec_update [4.000000 - 7.825021 - 7.990000] = 0.958652

07-30 20:49:58.882 29403 30240 I CameraApp: Save YUV Image End

07-30 20:49:58.882 29403 30240 D CameraApp: ImageSaver, WriteExif, Yuv match first Exif. CaptureTag=16

07-30 20:49:58.882 29403 30240 D CameraApp: ImageSaver, WriteExif, Yuv match first ExifThumb. CaptureTag=16

07-30 20:49:58.883 29403 30240 D CameraApp: ExifInterface forceRewriteExif

07-30 20:49:58.884   724 30231 E mm-camera-CORE: dsps_process_response_gyro: Query request denied, error code = 5, QId_valid = 1, QueryId = 0x460a, AckNak_valid = 1, AckNak = 7

07-30 20:49:58.892   724 30256 D mm-camera-sensor: flash_process: battery_power_percentage = 65

07-30 20:49:58.916   724 30253 D mm-camera-sensor: flash_process: battery_power_percentage = 65

07-30 20:49:58.917   724 30253 E AEC_PORT: aec_port_pack_exif_info:759  aec_port_pack_exif_info: aperture = 2.000000, differential_ev = 0.066356, exp_time = 0.024992, iso = 783, original_ev = 0.000000, gain = 7.828125

07-30 20:49:58.917   724 30253 I mm-camera: sensor_set_exposure:398LL/LLV linecount = 2522

07-30 20:49:58.918   724 30229 E mm-camera-isp2: abf40_aec_update:734 abf40_aec_update [4.000000 - 7.825021 - 7.990000] = 0.958652

07-30 20:49:58.918   724 30229 E mm-camera-isp2: abf40_aec_update:734 abf40_aec_update [4.000000 - 7.825021 - 7.990000] = 0.958652

07-30 20:49:58.918   724 30231 E mm-camera-CORE: dsps_process_response_gyro: Query request denied, error code = 5, QId_valid = 1, QueryId = 0x470a, AckNak_valid = 1, AckNak = 7

07-30 20:49:58.925   724 30256 D mm-camera-sensor: flash_process: battery_power_percentage = 65

07-30 20:49:58.955 29403 30240 D CameraApp: ExifInterface, setCompressedThumbnail success

07-30 20:49:58.965   724 30253 D mm-camera-sensor: flash_process: battery_power_percentage = 65

07-30 20:49:58.975   724 30253 E AEC_PORT: aec_port_pack_exif_info:759  aec_port_pack_exif_info: aperture = 2.000000, differential_ev = 0.068495, exp_time = 0.024992, iso = 783, original_ev = 0.000000, gain = 7.828125

07-30 20:49:58.975   724 30253 I mm-camera: sensor_set_exposure:398LL/LLV linecount = 2522

07-30 20:49:58.976   724 30256 D mm-camera-sensor: flash_process: battery_power_percentage = 65

07-30 20:49:58.977   724 30229 E mm-camera-isp2: abf40_aec_update:734 abf40_aec_update [4.000000 - 7.825021 - 7.990000] = 0.958652

07-30 20:49:58.977   724 30229 E mm-camera-isp2: abf40_aec_update:734 abf40_aec_update [4.000000 - 7.825021 - 7.990000] = 0.958652

07-30 20:49:58.977   724 30231 E mm-camera-CORE: dsps_process_response_gyro: Query request denied, error code = 5, QId_valid = 1, QueryId = 0x480a, AckNak_valid = 1, AckNak = 7

07-30 20:49:58.992   693 30261 D QCamera2HWI: bool qcamera::AsusDitProxy_HAL1::RunASUSPreviewSingleProcess(int, int, int, int, unsigned char*, ditalg::DITBSPFunc, TFaces*): PreHintFlag = 0, DLTFlag = 1, NRFlag = 0, AutoLLFlag = 0

07-30 20:49:59.002   724 30253 D mm-camera-sensor: flash_process: battery_power_percentage = 65

07-30 20:49:59.003   724 30253 E AEC_PORT: aec_port_pack_exif_info:759  aec_port_pack_exif_info: aperture = 2.000000, differential_ev = 0.068495, exp_time = 0.024992, iso = 783, original_ev = 0.000000, gain = 7.828125

07-30 20:49:59.003   724 30253 I mm-camera: sensor_set_exposure:398LL/LLV linecount = 2522

07-30 20:49:59.004   724 30229 E mm-camera-isp2: abf40_aec_update:734 abf40_aec_update [4.000000 - 7.825021 - 7.990000] = 0.958652

07-30 20:49:59.004   724 30229 E mm-camera-isp2: abf40_aec_update:734 abf40_aec_update [4.000000 - 7.825021 - 7.990000] = 0.958652

07-30 20:49:59.005   724 30231 E mm-camera-CORE: dsps_process_response_gyro: Query request denied, error code = 5, QId_valid = 1, QueryId = 0x490a, AckNak_valid = 1, AckNak = 7

07-30 20:49:59.009   724 30256 D mm-camera-sensor: flash_process: battery_power_percentage = 65

07-30 20:49:59.019 29403 30240 I CameraApp: ImageSaver, WriteExif success. CaptureTag=16

07-30 20:49:59.019 29403 30240 V CameraApp: [performance] Relaunch time: 47ms.

07-30 20:49:59.019 29403 30240 V CameraApp: [performance] Relaunch time(preview): 822ms.

07-30 20:49:59.019 29403 30240 V CameraApp: [performance] capture time 1: 292ms. onCaptureClick() -> takePic()

07-30 20:49:59.019 29403 30240 V CameraApp: [performance] capture time 2: 216ms. takePic() -> shutterCb()

07-30 20:49:59.019 29403 30240 V CameraApp: [performance] capture time 3: 308ms. takePic() -> rawCb()

07-30 20:49:59.019 29403 30240 V CameraApp: [performance] capture time 4: 394ms. takePic() -> jpegCb()

07-30 20:49:59.019 29403 30240 V CameraApp: [performance] show thumbnail time: 77ms. rawCb() -> setGalleryIcon().  (in another thread)

07-30 20:49:59.019 29403 30240 V CameraApp: [performance] post process time: 0ms. sendToLib() -> finishLib().  (in another thread)

07-30 20:49:59.019 29403 30240 V CameraApp: [performance] save time: 1087ms. (only writeToFile)

07-30 20:49:59.019 29403 30240 V CameraApp: [performance] take picture time: 677ms. onCaptureClick() -> setGalleryIcon()

07-30 20:49:59.019 29403 30240 V CameraApp: [performance] Real take picture time: 1689ms. onCaptureClick() -> onSavePictureEnd()

07-30 20:49:59.019 29403 30240 I CameraApp: RawCallbackBufferController, at offer buffer, created buffer num:2, queue size:2, inUsed0, Limit:15

07-30 20:49:59.019 29403 30240 I CameraApp: still, get a raw buffer.

07-30 20:49:59.020 29403 29415 V AsusCameraExtension-JNI: CAMERA_MSG_PROFESSIONAL_DATA

07-30 20:49:59.020 29403 29403 V CameraApp: extension, aperture=2.0, iso=783, speed=0.024992, diff_ev=0.06849457, flashNeeded=false, gain=7.828125

07-30 20:49:59.022 29403 30240 V CameraApp: utility::addImageFile insert start

07-30 20:49:59.028 26788 29522 D MediaProvider-debug: updateImage: /storage/emulated/0/DCIM/Camera/P_20160730_204957.jpg

07-30 20:49:59.045   724 30253 D mm-camera-sensor: flash_process: battery_power_percentage = 65

07-30 20:49:59.049   724 30253 E AEC_PORT: aec_port_pack_exif_info:759  aec_port_pack_exif_info: aperture = 2.000000, differential_ev = 0.068495, exp_time = 0.024992, iso = 783, original_ev = 0.000000, gain = 7.828125

07-30 20:49:59.049   724 30253 I mm-camera: sensor_set_exposure:398LL/LLV linecount = 2522

07-30 20:49:59.050   724 30229 E mm-camera-isp2: abf40_aec_update:734 abf40_aec_update [4.000000 - 7.825021 - 7.990000] = 0.958652

07-30 20:49:59.050   724 30229 E mm-camera-isp2: abf40_aec_update:734 abf40_aec_update [4.000000 - 7.825021 - 7.990000] = 0.958652

07-30 20:49:59.052 29403 30240 V CameraApp: utility::addImageFile insert end

07-30 20:49:59.056   724 30231 E mm-camera-CORE: dsps_process_response_gyro: Query request denied, error code = 5, QId_valid = 1, QueryId = 0x4a0a, AckNak_valid = 1, AckNak = 7

07-30 20:49:59.058   724 30256 D mm-camera-sensor: flash_process: battery_power_percentage = 65

07-30 20:49:59.074 29576 29576 D AutoUploadReceiver.java: action = android.hardware.action.NEW_PICTURE

07-30 20:49:59.085 29592 29592 D PhotoClusteringBroadcastReceiver: >>>>>android.hardware.action.NEW_PICTURE

07-30 20:49:59.086 29592 29592 E PhotoClusteringBroadcastReceiver: >> permission not granted, return

07-30 20:49:59.088   724 30253 D mm-camera-sensor: flash_process: battery_power_percentage = 65

07-30 20:49:59.088   724 30253 E AEC_PORT: aec_port_pack_exif_info:759  aec_port_pack_exif_info: aperture = 2.000000, differential_ev = 0.064148, exp_time = 0.024992, iso = 783, original_ev = 0.000000, gain = 7.828125

07-30 20:49:59.089   724 30253 I mm-camera: sensor_set_exposure:398LL/LLV linecount = 2522

07-30 20:49:59.090   724 30229 E mm-camera-isp2: abf40_aec_update:734 abf40_aec_update [4.000000 - 7.825021 - 7.990000] = 0.958652

07-30 20:49:59.090   724 30229 E mm-camera-isp2: abf40_aec_update:734 abf40_aec_update [4.000000 - 7.825021 - 7.990000] = 0.958652

07-30 20:49:59.090   724 30231 E mm-camera-CORE: dsps_process_response_gyro: Query request denied, error code = 5, QId_valid = 1, QueryId = 0x4b0a, AckNak_valid = 1, AckNak = 7

07-30 20:49:59.096 28304 28304 D PromotionBroadcastReceiver: MyApplication.isEnableInstant = true

07-30 20:49:59.097 28304 28304 D PromotionBroadcastReceiver: hasWriteExternalStoragePermission = false

07-30 20:49:59.097 28304 28304 D PromotionBroadcastReceiver: getAction = android.hardware.action.NEW_PICTURE

07-30 20:49:59.098   724 30256 D mm-camera-sensor: flash_process: battery_power_percentage = 65

07-30 20:49:59.104 29403 30240 V CameraApp: storeImage, end

07-30 20:49:59.104 29403 30240 V CameraApp: still, onSavingDoneNotify, NailCamera=false

07-30 20:49:59.104 29403 30240 V CameraApp: ImageSaver, queue empty

07-30 20:49:59.131   724 30253 D mm-camera-sensor: flash_process: battery_power_percentage = 65

07-30 20:49:59.133   724 30253 E AEC_PORT: aec_port_pack_exif_info:759  aec_port_pack_exif_info: aperture = 2.000000, differential_ev = 0.064148, exp_time = 0.024992, iso = 783, original_ev = 0.000000, gain = 7.828125

07-30 20:49:59.133   724 30253 I mm-camera: sensor_set_exposure:398LL/LLV linecount = 2522

07-30 20:49:59.134   724 30229 E mm-camera-isp2: abf40_aec_update:734 abf40_aec_update [4.000000 - 7.825021 - 7.990000] = 0.958652

07-30 20:49:59.134   724 30229 E mm-camera-isp2: abf40_aec_update:734 abf40_aec_update [4.000000 - 7.825021 - 7.990000] = 0.958652

07-30 20:49:59.136   724 30231 E mm-camera-CORE: dsps_process_response_gyro: Query request denied, error code = 5, QId_valid = 1, QueryId = 0x4c0a, AckNak_valid = 1, AckNak = 7

07-30 20:49:59.136 29403 29403 V CameraApp: still, onTouch, capture button down

07-30 20:49:59.136 29403 29403 V CameraApp: still, Capture keyEventRunnable onDown

07-30 20:49:59.136 29403 29403 V CameraApp: _PFMS_CAPTURE_A_BTNC:1469882999136

07-30 20:49:59.138 29403 29403 E CameraApp: CameraStillView2::startCapture() prepareCapture=false

07-30 20:49:59.138 29403 29403 V CameraApp: CameraStillView2::isStartCaptureReady() true

07-30 20:49:59.142 29403 29403 V CameraApp: base, setup audio shutter sound

07-30 20:49:59.143  8423  8426 E ANDR-PERF-MPCTL: Invalid profile no. 0, total profiles 0 only

07-30 20:49:59.146 29403 29403 V CameraApp: checkAvailableStorage time=2

07-30 20:49:59.146 29403 29403 V CameraApp: still, startCapture() thread start

07-30 20:49:59.147 29403 29403 D CameraApp: ImageSaver,resetBurstInformation

07-30 20:49:59.147 29403 30341 V CameraApp: still, start capture

07-30 20:49:59.147 29403 30341 D CameraApp: DITLibInfo, SceneID=1, 3DNRHint=0, AutoLL=false, SceneHint=0, FrameNum=1

07-30 20:49:59.148 29403 30341 D CameraApp: DITLibInfo, iso=783, Exp=0.024992, zoomRatio=1.000000

07-30 20:49:59.148 29403 30341 D CameraApp: FLASH_NEED, flash_mode=FLASH_OFF, flashNeeded=false

07-30 20:49:59.148 29403 30341 D CameraApp: DITLibController, decideCaptureLib is OFF or AT, force take 1 picture.

07-30 20:49:59.148 29403 30341 I CameraApp: CamStill2V1, startSingleCapture.

07-30 20:49:59.148 29403 30341 I CameraApp: DITLibStill, CaptureTag=17 use DIT lib take Algorithm_OFF raw picture. picNumb:1

07-30 20:49:59.149 29403 30341 V CameraApp: setImageOptimizer=off,mode=NORMAL

07-30 20:49:59.149 29403 30341 V CameraApp: setEIS=off

07-30 20:49:59.149 29403 30341 V CameraApp: setJpegQuality=96

07-30 20:49:59.149 29403 30341 I CameraApp: raw, setMode key: NOR

07-30 20:49:59.149 29403 30341 V CameraApp: base, getOrientation cameraId=0

07-30 20:49:59.149 29403 30341 V CameraApp: base, getOrientation info.facing=0 info.orientation=90 rotation=90

07-30 20:49:59.149 29403 30341 V CameraApp: base, getOrientation=90

