07-30 20:49:55.263   724 30286 E mm-camera: iface_dump_axi_plane_config: plane[0]: plane_fmt 0(Y-0/CB-1/Cr-2/CrCb-3/CbCr-4)

07-30 20:49:55.263   724 30286 E mm-camera: iface_dump_axi_plane_config: plane[0]: width = 5488, height = 2

07-30 20:49:55.264   724 30286 E mm-camera: iface_dump_axi_plane_config: plane[0]: stride = 5504, scanlines = 2

07-30 20:49:55.264   724 30286 E mm-camera: iface_dump_axi_plane_config: plane[0]: address_offset 0

07-30 20:49:55.264   724 30288 E mm-camera: iface_dump_axi_plane_config:=== AXI DUMP: session_id 1,  hw_stream_id 10002 ====

07-30 20:49:55.264   724 30288 E mm-camera: iface_dump_axi_plane_config: split = 1, stripe id = 1 (left-0/right-1/Max-2)

07-30 20:49:55.264   724 30288 E mm-camera: iface_dump_axi_plane_config: axi src = 1 (ENC-0/VIEW-1/VIDEO-2/CAMIF-3/IDEAL-4/RDI-5,6,7)

07-30 20:49:55.264   724 30288 E mm-camera: iface_dump_axi_plane_config: need buf divert = 1, burst count = 0

07-30 20:49:55.264   724 30288 E mm-camera: iface_dump_axi_plane_config: hfr mode = 0, skip pattern = 0, init_frame_drop = 0

07-30 20:49:55.264   724 30288 E mm-camera: iface_dump_axi_plane_config: plane[0]: plane_fmt 0(Y-0/CB-1/Cr-2/CrCb-3/CbCr-4)

07-30 20:49:55.264   724 30288 E mm-camera: iface_dump_axi_plane_config: plane[0]: width = 960, height = 1080

07-30 20:49:55.264   724 30288 E mm-camera: iface_dump_axi_plane_config: plane[0]: stride = 1920, scanlines = 1080

07-30 20:49:55.264   724 30288 E mm-camera: iface_dump_axi_plane_config: plane[0]: address_offset 3c0

07-30 20:49:55.264   724 30288 E mm-camera: iface_dump_axi_plane_config: plane[1]: plane_fmt 3(Y-0/CB-1/Cr-2/CrCb-3/CbCr-4)

07-30 20:49:55.264   724 30288 E mm-camera: iface_dump_axi_plane_config: plane[1]: width = 960, height = 540

07-30 20:49:55.264   724 30288 E mm-camera: iface_dump_axi_plane_config: plane[1]: stride = 1920, scanlines = 540

07-30 20:49:55.264   724 30288 E mm-camera: iface_dump_axi_plane_config: plane[1]: address_offset 3c0

07-30 20:49:55.264   724 30288 E mm-camera: iface_dump_axi_plane_config:=== AXI DUMP: session_id 1,  hw_stream_id 3 ====

07-30 20:49:55.265   724 30288 E mm-camera: iface_dump_axi_plane_config: split = 1, stripe id = 1 (left-0/right-1/Max-2)

07-30 20:49:55.265   724 30288 E mm-camera: iface_dump_axi_plane_config: axi src = 0 (ENC-0/VIEW-1/VIDEO-2/CAMIF-3/IDEAL-4/RDI-5,6,7)

07-30 20:49:55.265   724 30288 E mm-camera: iface_dump_axi_plane_config: need buf divert = 0, burst count = 0

07-30 20:49:55.265   724 30288 E mm-camera: iface_dump_axi_plane_config: hfr mode = 0, skip pattern = 0, init_frame_drop = 0

07-30 20:49:55.265   724 30288 E mm-camera: iface_dump_axi_plane_config: plane[0]: plane_fmt 0(Y-0/CB-1/Cr-2/CrCb-3/CbCr-4)

07-30 20:49:55.265   724 30288 E mm-camera: iface_dump_axi_plane_config: plane[0]: width = 2736, height = 3088

07-30 20:49:55.265   724 30288 E mm-camera: iface_dump_axi_plane_config: plane[0]: stride = 5504, scanlines = 3136

07-30 20:49:55.265   724 30288 E mm-camera: iface_dump_axi_plane_config: plane[0]: address_offset ac0

07-30 20:49:55.265   724 30288 E mm-camera: iface_dump_axi_plane_config: plane[1]: plane_fmt 3(Y-0/CB-1/Cr-2/CrCb-3/CbCr-4)

07-30 20:49:55.265   724 30288 E mm-camera: iface_dump_axi_plane_config: plane[1]: width = 2736, height = 1544

07-30 20:49:55.265   724 30288 E mm-camera: iface_dump_axi_plane_config: plane[1]: stride = 5504, scanlines = 1568

07-30 20:49:55.265   724 30288 E mm-camera: iface_dump_axi_plane_config: plane[1]: address_offset ac0

07-30 20:49:55.267   849   849 I MSM-irqbalance: Decided to move IRQ333 from CPU0 to CPU1

07-30 20:49:55.268   724 30251 E mm-camera-isp2: scaler44_handle_isp_private_event:1530 failed: invalid private event 26

07-30 20:49:55.268   724 30251 E mm-camera-isp2: scaler44_handle_isp_private_event:1530 failed: invalid private event 26

07-30 20:49:55.268   724 30251 E mm-camera: iface_streamon_to_thread: E, session id = 1, user stream id = 2

07-30 20:49:55.268   724 30251 E mm-camera-isp2: scaler44_handle_isp_private_event:1530 failed: invalid private event 22

07-30 20:49:55.268   724 30251 E mm-camera-isp2: scaler44_handle_isp_private_event:1530 failed: invalid private event 22

07-30 20:49:55.268   724 30228 E mm-camera: iface_streamon: E, session_id 1 mct_stream_id = 2

07-30 20:49:55.269   724 30251 E mm-camera-isp2: isp_send_stats_types:527 isp version 40 af_kernel_size 1

07-30 20:49:55.269   724 30228 E mm-camera: iface_util_get_user_streams_by_bundle: got No.1 bundled streamon, mct stream id 2total bundled stream num = 3

07-30 20:49:55.270   724 30251 E mm-camera-isp2: scaler44_handle_isp_private_event:1530 failed: invalid private event 17

07-30 20:49:55.270   724 30251 E mm-camera-isp2: scaler44_handle_isp_private_event:1530 failed: invalid private event 17

07-30 20:49:55.270   724 30251 E mm-camera-isp2: scaler44_handle_isp_private_event:1530 failed: invalid private event 17

07-30 20:49:55.270   724 30251 E mm-camera-isp2: scaler44_handle_isp_private_event:1530 failed: invalid private event 17

07-30 20:49:55.271   724 30251 E mm-camera-isp2: mesh_rolloff40_normalize_table:740 full 5488 3088 out 5488 3088 offset 0 0 scale 1

07-30 20:49:55.271   724 30251 E mm-camera-isp2: demosaic40_streamon:479 

07-30 20:49:55.272   724 30251 E mm-camera-isp2: mesh_rolloff40_normalize_table:740 full 5488 3088 out 5488 3088 offset 0 0 scale 1

07-30 20:49:55.272   724 30251 E mm-camera-isp2: demosaic40_streamon:479 

07-30 20:49:55.273   724 30251 D mm-camera-sensor: flash_process: battery_power_percentage = 65

07-30 20:49:55.273   724 30251 D mm-camera: cpp_module_handle_streamon_event:3510, identity=0x10002, stream-on done

07-30 20:49:55.275   724 30251 E AEC_PORT: aec_port_pack_exif_info:759  aec_port_pack_exif_info: aperture = 2.000000, differential_ev = 0.000000, exp_time = 0.000000, iso = 0, original_ev = 0.000000, gain = 1.000000

07-30 20:49:55.275   724 30251 E mm-camera: cpp_module_handle_streamon_event:3536] failed chromatix_param is NULL

07-30 20:49:55.275   724 30251 E mm-camera: iface_streamon_to_thread: X, session id = 1, user stream id = 2

07-30 20:49:55.276   724 30251 E AEC_PORT: aec_port_pack_exif_info:759  aec_port_pack_exif_info: aperture = 2.000000, differential_ev = 0.000000, exp_time = 0.000000, iso = 0, original_ev = 0.000000, gain = 1.000000

07-30 20:49:55.276   724 30251 I mm-camera: sensor_set_aec_init_settings:1288ae-bracket:idx[0] of 1 real_gain=7.089844, linecount=3362

07-30 20:49:55.276   724 30251 I mm-camera: sensor_set_aec_init_settings:1290short real gain from 3A = 7.089844, short linecount = 3362

07-30 20:49:55.276   724 30251 I mm-camera: sensor_set_exposure:398LL/LLV linecount = 3362

07-30 20:49:55.278  6498  6498 D PhoneStatusBar: Status bar WINDOW_STATE_HIDDEN

07-30 20:49:55.281   724 30251 I mm-camera: module_sensor_stream_on:2804SUCCESS

07-30 20:49:55.281   724 30251 I mm-camera-sensor: sensor_util_set_stream_on:825port private 0xab6a4548

07-30 20:49:55.281   724 30251 D mm-camera: mct: mct_pipeline_process_set: STREAM-ON success for stream 0x10002, stream type=1

07-30 20:49:55.284  6498  6498 V PanelBar: collapseAllPanels: animate=false waiting=false

07-30 20:49:55.296   724 30251 D mm-camera: mct: mct_pipeline_process_set:command=8000008

07-30 20:49:55.296   724 30251 D mm-camera: mct: mct_pipeline_process_set: STREAM-ON on stream 0x10003 stream type=3

07-30 20:49:55.296   724 30251 I mm-camera: module_sensor_stream_on:2675ide 10003 SENSOR_START_STREAM

07-30 20:49:55.296   724 30251 I mm-camera: module_sensor_is_ready_for_stream_on:1227session_id=1, stream_id=3

07-30 20:49:55.296   724 30251 I mm-camera: modules_sensor_set_new_resolution:1496SENSOR_SET_RESOLUTION 5488*3088 mask 60a, fast AEC: 0, FastAec mode:0

07-30 20:49:55.296   724 30251 I mm-camera: sensor_set_resolution:2256Enter

07-30 20:49:55.296   724 30251 I mm-camera: sensor_set_resolution:2281Requested width 5488, height 3088

07-30 20:49:55.296   724 30251 I mm-camera: sensor_set_resolution:2283Requested stream mask 60a hfr mode 0 Cur fps 30.000000

07-30 20:49:55.296   724 30251 E mm-camera-sensor: sensor_pick_fill_expected_data:401ex_w:5488, ex_h:3088,ex_mode:1, ex_fps:30.000000, ex_clk:0, ex_ar: 177

07-30 20:49:55.296   724 30251 I mm-camera-sensor: sensor_pick_resolution:677res_idx: 1

07-30 20:49:55.296   724 30251 I mm-camera-sensor: sensor_pick_resolution:684Matched pick_w:5488, pick_h:3088, pick_fps:32.160000, op_pixel_clk:600000000, vt_pixel_clk:741600000, pick_mode:1

07-30 20:49:55.296   724 30251 I mm-camera: sensor_set_resolution:2292Curr Res ID 1 New Res ID 1 New FPS 30.000000

07-30 20:49:55.296   724 30251 I mm-camera: sensor_set_resolution:2450Exit

07-30 20:49:55.296   724 30251 I mm-camera: sensor_get_resolution_info:3656pdaf enable 1

07-30 20:49:55.296   724 30251 E mm-camera: iface_util_config_meta: get no.1 user meta info, user_stream id = 15

07-30 20:49:55.297   724 30251 E mm-camera-isp2: module_mesh_rolloff40_set_stream_config:330 received stream config rolloff

07-30 20:49:55.297   724 30251 E mm-camera-isp2: scaler44_check_hw_limit:523 Entry 1 y_cfg->hOut 5488 y_cfg->vOut 3088

07-30 20:49:55.297   724 30251 E mm-camera-isp2: module_mesh_rolloff40_set_stream_config:330 received stream config rolloff

07-30 20:49:55.297   724 30251 E mm-camera-isp2: scaler44_check_hw_limit:523 Entry 1 y_cfg->hOut 5488 y_cfg->vOut 3088

07-30 20:49:55.297   724 30251 E mm-camera: cpp_module_handle_stream_cfg_event:1553 frame_offset=1, input_fps=30.00, identity=0x1000f

07-30 20:49:55.297   724 30251 E mm-camera: cpp_module_handle_stream_cfg_event:1553 frame_offset=1, input_fps=30.00, identity=0x10002

07-30 20:49:55.297   724 30251 E mm-camera-isp2: scaler44_handle_isp_private_event:1530 failed: invalid private event 22

07-30 20:49:55.297   724 30251 E mm-camera-isp2: scaler44_handle_isp_private_event:1530 failed: invalid private event 22

07-30 20:49:55.297   724 30251 E mm-camera-isp2: scaler44_handle_isp_private_event:1530 failed: invalid private event 22

07-30 20:49:55.297   724 30251 E mm-camera-isp2: scaler44_handle_isp_private_event:1530 failed: invalid private event 22

07-30 20:49:55.297   724 30251 E mm-camera-isp2: isp_send_stats_types:527 isp version 40 af_kernel_size 1

07-30 20:49:55.297   724 30251 I mm-camera-sensor: pdaf_get_type:373buffer_type 0

07-30 20:49:55.297   724 30251 I mm-camera: module_sensor_config_pdaf:2949unsupported pd type

07-30 20:49:55.297   724 30251 I mm-camera: sensor_get_cur_chromatix_name:2844hal version 1 capture intent 0 cur_stream_mask 1546

07-30 20:49:55.297   724 30251 I mm-camera: sensor_get_cur_chromatix_name:2900chromatix_lib_name[0] = libchromatix_imx318_isp_default_capture.so

07-30 20:49:55.297   724 30251 I mm-camera: sensor_get_cur_chromatix_name:2900chromatix_lib_name[1] = libchromatix_imx318_isp_default_capture.so

07-30 20:49:55.297   724 30251 I mm-camera: sensor_get_cur_chromatix_name:2901chromatix_lib_name[2] = NULL

07-30 20:49:55.297   724 30251 I mm-camera: sensor_get_cur_chromatix_name:2900chromatix_lib_name[3] = libchromatix_imx318_common_default.so

07-30 20:49:55.297   724 30251 I mm-camera: sensor_get_cur_chromatix_name:2900chromatix_lib_name[4] = libchromatix_imx318_cpp_default_preview.so

07-30 20:49:55.297   724 30251 I mm-camera: sensor_get_cur_chromatix_name:2900chromatix_lib_name[5] = libchromatix_imx318_cpp_default_capture.so

07-30 20:49:55.297   724 30251 I mm-camera: sensor_get_cur_chromatix_name:2900chromatix_lib_name[6] = libchromatix_imx318_cpp_default_capture.so

07-30 20:49:55.297   724 30251 I mm-camera: sensor_get_cur_chromatix_name:2900chromatix_lib_name[7] = libchromatix_imx318_cpp_default_capture.so

07-30 20:49:55.297   724 30251 I mm-camera: sensor_get_cur_chromatix_name:2900chromatix_lib_name[8] = libchromatix_imx318_cpp_default_capture.so

07-30 20:49:55.297   724 30251 I mm-camera: sensor_get_cur_chromatix_name:2900chromatix_lib_name[9] = libchromatix_imx318_cpp_default_video.so

07-30 20:49:55.297   724 30251 I mm-camera: sensor_get_cur_chromatix_name:2900chromatix_lib_name[10] = libchromatix_imx318_postproc_default.so

07-30 20:49:55.297   724 30251 I mm-camera: sensor_get_cur_chromatix_name:2900chromatix_lib_name[11] = libchromatix_imx318_3A_default.so

07-30 20:49:55.311   724 30251 D mm-camera-sensor: flash_process: battery_power_percentage = 65

07-30 20:49:55.311   724 30251 I mm-camera-sensor: sensor_util_post_chromatix_event_downstream:2287chromatixComPtr = 0xf113f004

07-30 20:49:55.311   724 30251 I mm-camera-sensor: sensor_util_post_chromatix_event_downstream:2288chromatixPtr = 0xf1121004

07-30 20:49:55.311   724 30251 I mm-camera-sensor: sensor_util_post_chromatix_event_downstream:2289chromatixCppPtr = 0xf1106004

07-30 20:49:55.311   724 30251 I mm-camera-sensor: sensor_util_post_chromatix_event_downstream:2290chromatixSnapCppPtr = 0xf10fa004

07-30 20:49:55.311   724 30251 I mm-camera-sensor: sensor_util_post_chromatix_event_downstream:2291chromatixFlashSnapCppPtr = 0xf10fa004

07-30 20:49:55.311   724 30251 I mm-camera-sensor: sensor_util_post_chromatix_event_downstream:2292chromatixDsCppPtr = 0xf10fa004

07-30 20:49:55.311   724 30251 I mm-camera-sensor: sensor_util_post_chromatix_event_downstream:2293chromatixUsCppPtr = 0xf10fa004

07-30 20:49:55.311   724 30251 I mm-camera-sensor: sensor_util_post_chromatix_event_downstream:2294chromatixVideoCppPtr = 0xf10ee004

07-30 20:49:55.311   724 30251 I mm-camera-sensor: sensor_util_post_chromatix_event_downstream:2295chromatixPostProcPtr = 0xf10e8004

07-30 20:49:55.311   724 30251 I mm-camera-sensor: sensor_util_post_chromatix_event_downstream:2296chromatix3aPtr = 0xf10d7008

07-30 20:49:55.314   724 30251 E mm-camera-CORE: af_port_set_haf_enable:2283  DCiAF is being disabled

07-30 20:49:55.315   724 30251 E mm-camera: iface_sink_port_stream_config: port state = 2, skip set stream config

07-30 20:49:55.315   724 30251 E mm-camera: iface_streamon_to_thread: E, session id = 1, user stream id = 3

07-30 20:49:55.315   724 30228 E mm-camera: iface_streamon: E, session_id 1 mct_stream_id = 3

07-30 20:49:55.315   724 30251 E mm-camera-isp2: scaler44_handle_isp_private_event:1530 failed: invalid private event 22

07-30 20:49:55.315   724 30228 E mm-camera: iface_util_get_user_streams_by_bundle: got No.2 bundled streamon, mct stream id 3total bundled stream num = 3

07-30 20:49:55.315   724 30251 E mm-camera-isp2: scaler44_handle_isp_private_event:1530 failed: invalid private event 22

07-30 20:49:55.315   724 30251 E mm-camera-isp2: isp_send_stats_types:527 isp version 40 af_kernel_size 1

07-30 20:49:55.315   724 30251 E mm-camera-isp2: scaler44_handle_isp_private_event:1530 failed: invalid private event 17

07-30 20:49:55.315   724 30251 E mm-camera-isp2: scaler44_handle_isp_private_event:1530 failed: invalid private event 17

07-30 20:49:55.315   724 30251 E mm-camera-isp2: scaler44_handle_isp_private_event:1530 failed: invalid private event 17

07-30 20:49:55.315   724 30251 E mm-camera-isp2: scaler44_handle_isp_private_event:1530 failed: invalid private event 17

07-30 20:49:55.316   724 30251 E mm-camera-isp2: demosaic40_streamon:479 

07-30 20:49:55.316   724 30251 E mm-camera-isp2: scaler44_check_hw_limit:523 Entry 1 y_cfg->hOut 5488 y_cfg->vOut 3088

07-30 20:49:55.317   724 30251 E mm-camera-isp2: demosaic40_streamon:479 

07-30 20:49:55.317   724 30251 E mm-camera-isp2: scaler44_check_hw_limit:523 Entry 1 y_cfg->hOut 5488 y_cfg->vOut 3088

07-30 20:49:55.318   724 30251 D mm-camera-sensor: flash_process: battery_power_percentage = 65

07-30 20:49:55.318   724 30251 E mm-camera: iface_streamon_to_thread: X, session id = 1, user stream id = 3

07-30 20:49:55.319   724 30251 E AEC_PORT: aec_port_pack_exif_info:759  aec_port_pack_exif_info: aperture = 2.000000, differential_ev = 0.000000, exp_time = 0.000000, iso = 0, original_ev = 0.000000, gain = 1.000000

07-30 20:49:55.319   724 30251 I mm-camera: sensor_set_aec_init_settings:1288ae-bracket:idx[0] of 1 real_gain=7.089844, linecount=3362

07-30 20:49:55.319   724 30251 I mm-camera: sensor_set_aec_init_settings:1290short real gain from 3A = 7.089844, short linecount = 3362

07-30 20:49:55.319   724 30251 I mm-camera: sensor_set_exposure:398LL/LLV linecount = 3362

07-30 20:49:55.346   724 30251 I mm-camera: module_sensor_stream_on:2804SUCCESS

07-30 20:49:55.346   724 30251 I mm-camera-sensor: sensor_util_set_stream_on:825port private 0xab6a4548

07-30 20:49:55.346   724 30251 D mm-camera: mct: mct_pipeline_process_set: STREAM-ON success for stream 0x10003, stream type=3

07-30 20:49:55.347   724 30251 D mm-camera: mct: mct_pipeline_process_set:command=8000008

07-30 20:49:55.347   724 30251 D mm-camera: mct: mct_pipeline_process_set: STREAM-ON on stream 0x10004 stream type=10

07-30 20:49:55.347   724 30251 I mm-camera: module_sensor_stream_on:2675ide 10004 SENSOR_START_STREAM

07-30 20:49:55.347   724 30251 I mm-camera: module_sensor_is_ready_for_stream_on:1227session_id=1, stream_id=4

07-30 20:49:55.347   724 30251 I mm-camera: module_sensor_is_ready_for_stream_on:1289stream_on_count=3, w=5488, h=3088, stream_mask=60a

07-30 20:49:55.347   724 30251 I mm-camera: modules_sensor_set_new_resolution:1496SENSOR_SET_RESOLUTION 5488*3088 mask 60a, fast AEC: 0, FastAec mode:0

07-30 20:49:55.347   724 30251 I mm-camera: sensor_set_resolution:2256Enter

07-30 20:49:55.347   724 30251 I mm-camera: sensor_set_resolution:2281Requested width 5488, height 3088

07-30 20:49:55.347   724 30251 I mm-camera: sensor_set_resolution:2283Requested stream mask 60a hfr mode 0 Cur fps 30.000000

07-30 20:49:55.347   724 30251 E mm-camera-sensor: sensor_pick_fill_expected_data:401ex_w:5488, ex_h:3088,ex_mode:1, ex_fps:30.000000, ex_clk:0, ex_ar: 177

07-30 20:49:55.347   724 30251 I mm-camera-sensor: sensor_pick_resolution:677res_idx: 1

07-30 20:49:55.347   724 30251 I mm-camera-sensor: sensor_pick_resolution:684Matched pick_w:5488, pick_h:3088, pick_fps:32.160000, op_pixel_clk:600000000, vt_pixel_clk:741600000, pick_mode:1

07-30 20:49:55.347   724 30251 I mm-camera: sensor_set_resolution:2292Curr Res ID 1 New Res ID 1 New FPS 30.000000

07-30 20:49:55.347   724 30251 I mm-camera: sensor_set_resolution:2450Exit

07-30 20:49:55.347   724 30251 I mm-camera: sensor_get_resolution_info:3656pdaf enable 1

07-30 20:49:55.347   724 30251 E mm-camera: iface_util_config_meta: get no.2 user meta info, user_stream id = 15

07-30 20:49:55.347   724 30251 E mm-camera-isp2: module_mesh_rolloff40_set_stream_config:330 received stream config rolloff

07-30 20:49:55.347   724 30251 E mm-camera-isp2: scaler44_check_hw_limit:523 Entry 1 y_cfg->hOut 5488 y_cfg->vOut 3088

07-30 20:49:55.347   724 30251 E mm-camera-isp2: module_mesh_rolloff40_set_stream_config:330 received stream config rolloff

07-30 20:49:55.348   724 30251 E mm-camera-isp2: scaler44_check_hw_limit:523 Entry 1 y_cfg->hOut 5488 y_cfg->vOut 3088

07-30 20:49:55.348   724 30251 E mm-camera: cpp_module_handle_stream_cfg_event:1553 frame_offset=1, input_fps=30.00, identity=0x1000f

07-30 20:49:55.348   724 30251 E mm-camera: cpp_module_handle_stream_cfg_event:1553 frame_offset=1, input_fps=30.00, identity=0x10002

07-30 20:49:55.348   724 30251 E mm-camera-isp2: scaler44_handle_isp_private_event:1530 failed: invalid private event 22

07-30 20:49:55.348   724 30251 E mm-camera-isp2: scaler44_handle_isp_private_event:1530 failed: invalid private event 22

07-30 20:49:55.348   724 30251 E mm-camera-isp2: scaler44_handle_isp_private_event:1530 failed: invalid private event 22

07-30 20:49:55.348   724 30251 E mm-camera-isp2: scaler44_handle_isp_private_event:1530 failed: invalid private event 22

07-30 20:49:55.348   724 30251 E mm-camera-isp2: isp_send_stats_types:527 isp version 40 af_kernel_size 1

07-30 20:49:55.349   724 30251 I mm-camera-sensor: pdaf_get_type:373buffer_type 0

07-30 20:49:55.349   724 30251 I mm-camera: module_sensor_config_pdaf:2949unsupported pd type

07-30 20:49:55.349   724 30251 I mm-camera: sensor_get_cur_chromatix_name:2844hal version 1 capture intent 0 cur_stream_mask 1546

07-30 20:49:55.349   724 30251 I mm-camera: sensor_get_cur_chromatix_name:2900chromatix_lib_name[0] = libchromatix_imx318_isp_default_capture.so

07-30 20:49:55.349   724 30251 I mm-camera: sensor_get_cur_chromatix_name:2900chromatix_lib_name[1] = libchromatix_imx318_isp_default_capture.so

07-30 20:49:55.349   724 30251 I mm-camera: sensor_get_cur_chromatix_name:2901chromatix_lib_name[2] = NULL

07-30 20:49:55.349   724 30251 I mm-camera: sensor_get_cur_chromatix_name:2900chromatix_lib_name[3] = libchromatix_imx318_common_default.so

07-30 20:49:55.349   724 30251 I mm-camera: sensor_get_cur_chromatix_name:2900chromatix_lib_name[4] = libchromatix_imx318_cpp_default_preview.so

07-30 20:49:55.349   724 30251 I mm-camera: sensor_get_cur_chromatix_name:2900chromatix_lib_name[5] = libchromatix_imx318_cpp_default_capture.so

07-30 20:49:55.349   724 30251 I mm-camera: sensor_get_cur_chromatix_name:2900chromatix_lib_name[6] = libchromatix_imx318_cpp_default_capture.so

07-30 20:49:55.349   724 30251 I mm-camera: sensor_get_cur_chromatix_name:2900chromatix_lib_name[7] = libchromatix_imx318_cpp_default_capture.so

07-30 20:49:55.349   724 30251 I mm-camera: sensor_get_cur_chromatix_name:2900chromatix_lib_name[8] = libchromatix_imx318_cpp_default_capture.so

07-30 20:49:55.349   724 30251 I mm-camera: sensor_get_cur_chromatix_name:2900chromatix_lib_name[9] = libchromatix_imx318_cpp_default_video.so

07-30 20:49:55.349   724 30251 I mm-camera: sensor_get_cur_chromatix_name:2900chromatix_lib_name[10] = libchromatix_imx318_postproc_default.so

07-30 20:49:55.349   724 30251 I mm-camera: sensor_get_cur_chromatix_name:2900chromatix_lib_name[11] = libchromatix_imx318_3A_default.so

07-30 20:49:55.360 29403 30241 V CameraApp: getThumbanil, uri=content://media/external/images/media/339, orientation=0

07-30 20:49:55.363   724 30251 D mm-camera-sensor: flash_process: battery_power_percentage = 65

07-30 20:49:55.363   724 30251 E mm-camera: iface_sink_port_stream_config: port state = 2, skip set stream config

07-30 20:49:55.363   724 30251 E mm-camera: iface_streamon_to_thread: E, session id = 1, user stream id = 4

07-30 20:49:55.363   724 30251 E mm-camera-isp2: scaler44_handle_isp_private_event:1530 failed: invalid private event 22

07-30 20:49:55.363   724 30228 E mm-camera: iface_streamon: E, session_id 1 mct_stream_id = 4

07-30 20:49:55.363   724 30228 E mm-camera: iface_util_get_user_streams_by_bundle: streamon, got all bundled streamon!

07-30 20:49:55.363   724 30228 E mm-camera: iface_util_decide_hw_streams: num_user_streams 3 num_hw_streams 2

07-30 20:49:55.363   724 30228 E mm-camera: iface_util_decide_hw_streams: num_user_streams 1 num_hw_streams 1

07-30 20:49:55.363   724 30251 E mm-camera-isp2: scaler44_handle_isp_private_event:1530 failed: invalid private event 22

07-30 20:49:55.363   724 30251 E mm-camera-isp2: isp_send_stats_types:527 isp version 40 af_kernel_size 1

07-30 20:49:55.363   724 30251 E mm-camera-isp2: scaler44_handle_isp_private_event:1530 failed: invalid private event 17

07-30 20:49:55.363   724 30251 E mm-camera-isp2: scaler44_handle_isp_private_event:1530 failed: invalid private event 17

07-30 20:49:55.364   724 30251 E mm-camera-isp2: scaler44_handle_isp_private_event:1530 failed: invalid private event 17

07-30 20:49:55.364   724 30251 E mm-camera-isp2: scaler44_handle_isp_private_event:1530 failed: invalid private event 17

07-30 20:49:55.364   724 30251 E mm-camera-isp2: demosaic40_streamon:479 

07-30 20:49:55.365 10096 10096 E WakeUpReceiver: Wake up............:asus.intent.action.WAKEUP_GALLERY

07-30 20:49:55.366   724 30251 E mm-camera-isp2: demosaic40_streamon:479 

07-30 20:49:55.366   724 30251 D mm-camera-sensor: flash_process: battery_power_percentage = 65

07-30 20:49:55.367   724 30251 E mm-camera-img: faceproc_comp_get_param:299] Error

07-30 20:49:55.367   724 30251 E mm-camera: module_faceproc_client_use_int_bufs:737] rc -4

07-30 20:49:55.367   724 30251 E mm-camera-img: faceproc_comp_eng_config Face Album FILE EXISTS

07-30 20:49:55.369 29403 30241 V CameraApp: matchOrientation bmp recycle , new bmp mutable=true

07-30 20:49:55.369 29403 30241 V CameraApp: onThumbnailCallback bmp=android.graphics.Bitmap@b5d5b3f

07-30 20:49:55.369 29403 30241 V CameraApp: getThumbanil, end

07-30 20:49:55.371   724 30286 E mm-camera: iface_axi_cfg_stats_stream_start: stats_cmd: enable = 1, num of stats stream = 7

07-30 20:49:55.371   724 30288 E mm-camera: iface_axi_cfg_stats_stream_start: stats_cmd: enable = 1, num of stats stream = 7

07-30 20:49:55.375   724 30251 E mm-camera-isp2: bf_stats47_sort_ending_pixel_order:2135 i_start = 3678375

07-30 20:49:55.375   724 30251 E mm-camera-isp2: bf_stats47_sort_ending_pixel_order:2135 i_start = 3678649

07-30 20:49:55.376   724 30251 E mm-camera-isp2: be_stats44_trigger_update:447 failed Denomitor is zero hnum 0 vnum 0

07-30 20:49:55.376   724 30251 E mm-camera-isp2: bg_stats44_trigger_update:404 bg_rgn_width 85 bg_rgn_height 64

07-30 20:49:55.376   724 30251 E mm-camera-isp2: rs_stats44_trigger_update:515 error: max_algo_support_h_rgn 8 invalid

07-30 20:49:55.378   724 30251 E mm-camera-isp2: bf_stats47_sort_ending_pixel_order:2135 i_start = 3655247

07-30 20:49:55.378   724 30251 E mm-camera-isp2: bf_stats47_sort_ending_pixel_order:2135 i_start = 3655521

07-30 20:49:55.378   724 30251 E mm-camera-isp2: be_stats44_trigger_update:447 failed Denomitor is zero hnum 0 vnum 0

07-30 20:49:55.378   724 30251 E mm-camera-isp2: bg_stats44_trigger_update:404 bg_rgn_width 85 bg_rgn_height 64

07-30 20:49:55.378   724 30251 E mm-camera-isp2: rs_stats44_trigger_update:515 error: max_algo_support_h_rgn 8 invalid

07-30 20:49:55.378   724 30251 E mm-camera-isp2: isp_pipeline41_create_module_cfg_mask:534 invalid module id 42

07-30 20:49:55.379   724 30251 E mm-camera-isp2: scaler44_handle_isp_private_event:1530 failed: invalid private event 17

07-30 20:49:55.379   724 30251 E mm-camera-isp2: scaler44_handle_isp_private_event:1530 failed: invalid private event 17

07-30 20:49:55.379   724 30251 E mm-camera-isp2: scaler44_handle_isp_private_event:1530 failed: invalid private event 17

07-30 20:49:55.379   724 30251 E mm-camera-isp2: scaler44_handle_isp_private_event:1530 failed: invalid private event 17

07-30 20:49:55.380   724 30251 E mm-camera-isp2: isp_pipeline41_create_module_cfg_mask:534 invalid module id 42

07-30 20:49:55.380   724 30251 E mm-camera-isp2: scaler44_handle_isp_private_event:1530 failed: invalid private event 17

07-30 20:49:55.380   724 30251 E mm-camera-isp2: scaler44_handle_isp_private_event:1530 failed: invalid private event 17

07-30 20:49:55.380   724 30251 E mm-camera-isp2: scaler44_handle_isp_private_event:1530 failed: invalid private event 17

07-30 20:49:55.380   724 30251 E mm-camera-isp2: scaler44_handle_isp_private_event:1530 failed: invalid private event 17

07-30 20:49:55.381   724 30228 E mm-camera: iface_ispif_proc_streamon: ispif_hw_reset done

07-30 20:49:55.381   724 30228 E mm-camera: iface_ispif_get_cfg_params_from_hw_streams: config hw_stream id = 10002 use_pix 1, vfe_intf_mask 10001, axi_path 1, num_cid 1

07-30 20:49:55.381   724 30228 E mm-camera: iface_ispif_get_cfg_params_from_hw_streams: config hw_stream id = 3 use_pix 1, vfe_intf_mask 10001, axi_path 0, num_cid 1

07-30 20:49:55.381   724 30228 E mm-camera: iface_ispif_get_cfg_params_from_hw_streams: interface 0 already active

07-30 20:49:55.382   724 30228 E mm-camera: iface_ispif_get_cfg_params_from_hw_streams: interface 0 already active

07-30 20:49:55.382   724 30228 E mm-camera: iface_ispif_get_cfg_params_from_hw_streams: config hw_stream id = 90001 use_pix 0, vfe_intf_mask 2, axi_path 5, num_cid 1

07-30 20:49:55.382   724 30228 E mm-camera: iface_dump_ispif_config:  vfe_intf 0(0-VFE0, 1-VFE1)

07-30 20:49:55.382   724 30228 E mm-camera: iface_dump_ispif_config: intftype = 0(0/2-PIX0,PIX1, 1/3/4 - RDI0,RDI1,RDI2)

07-30 20:49:55.382   724 30228 E mm-camera: iface_dump_ispif_config: num_cids = 1

07-30 20:49:55.382   724 30228 E mm-camera: iface_dump_ispif_config: cids[0] = 0

07-30 20:49:55.382   724 30228 E mm-camera: iface_dump_ispif_config: csid = 0

07-30 20:49:55.382   724 30228 E mm-camera: iface_dump_ispif_config: crop_enable = 1, fisrt pixel = 0, last pixel = 2803

07-30 20:49:55.382   724 30228 E mm-camera: iface_dump_ispif_config:  vfe_intf 1(0-VFE0, 1-VFE1)

07-30 20:49:55.382   724 30228 E mm-camera: iface_dump_ispif_config: intftype = 0(0/2-PIX0,PIX1, 1/3/4 - RDI0,RDI1,RDI2)

07-30 20:49:55.382   724 30228 E mm-camera: iface_dump_ispif_config: num_cids = 1

07-30 20:49:55.382   724 30228 E mm-camera: iface_dump_ispif_config: cids[0] = 0

07-30 20:49:55.382   724 30228 E mm-camera: iface_dump_ispif_config: csid = 0

07-30 20:49:55.382   724 30228 E mm-camera: iface_dump_ispif_config: crop_enable = 1, fisrt pixel = 2700, last pixel = 5487

07-30 20:49:55.382   724 30228 E mm-camera: iface_dump_ispif_config:  vfe_intf 0(0-VFE0, 1-VFE1)

07-30 20:49:55.382   724 30228 E mm-camera: iface_dump_ispif_config: intftype = 1(0/2-PIX0,PIX1, 1/3/4 - RDI0,RDI1,RDI2)

07-30 20:49:55.382   724 30228 E mm-camera: iface_dump_ispif_config: num_cids = 1

07-30 20:49:55.382   724 30228 E mm-camera: iface_dump_ispif_config: cids[0] = 1

07-30 20:49:55.382   724 30228 E mm-camera: iface_dump_ispif_config: csid = 0

07-30 20:49:55.382   724 30228 E mm-camera: iface_dump_ispif_config: crop_enable = 0, fisrt pixel = 0, last pixel = 0

07-30 20:49:55.382   724 30228 E mm-camera: iface_streamon: X

07-30 20:49:55.382   724 30251 E mm-camera: iface_streamon_to_thread: X, session id = 1, user stream id = 4

07-30 20:49:55.384   724 30251 E AEC_PORT: aec_port_pack_exif_info:759  aec_port_pack_exif_info: aperture = 2.000000, differential_ev = 0.000000, exp_time = 0.000000, iso = 0, original_ev = 0.000000, gain = 1.000000

07-30 20:49:55.384   724 30251 I mm-camera: sensor_set_aec_init_settings:1288ae-bracket:idx[0] of 1 real_gain=7.089844, linecount=3362

07-30 20:49:55.384   724 30251 I mm-camera: sensor_set_aec_init_settings:1290short real gain from 3A = 7.089844, short linecount = 3362

07-30 20:49:55.384   724 30251 I mm-camera: sensor_set_exposure:398LL/LLV linecount = 3362

07-30 20:49:55.419   724 30251 I mm-camera: module_sensor_set_start_stream_on:3323ide 10004 SENSOR_START_STREAM

07-30 20:49:55.419   724 30251 I mm-camera: sensor_set_start_stream:1698Sensor stream ON for imx318 

07-30 20:49:55.419   724 30251 I mm-camera: 

07-30 20:49:55.436   724 30225 I mm-camera-sensor: ois_init:257 done : ois initialization return value : 0

07-30 20:49:55.436   724 30251 D mm-camera: mct: start_sof_check_thread: Starting SOF timeout thread

07-30 20:49:55.436   724 30251 I mm-camera: module_sensor_stream_on:2804SUCCESS

07-30 20:49:55.436   724 30251 I mm-camera-sensor: sensor_util_set_stream_on:825port private 0xab6a4548

07-30 20:49:55.436   724 30251 D mm-camera: mct: mct_pipeline_process_set: STREAM-ON success for stream 0x10004, stream type=10

07-30 20:49:55.437   693 30221 D QCameraParameters: void qcamera::QCameraParameters::resetROI(): resetROI

07-30 20:49:55.437   693  3727 I QCamera2HWI: [KPI Perf] static int qcamera::QCamera2HardwareInterface::start_preview(camera_device*): X

07-30 20:49:55.438 29403 29419 V CameraApp: camera manager, startPreview time consumed299

07-30 20:49:55.438 29403 29419 V CameraApp: camera manager, handleMessage what=21

07-30 20:49:55.442   724 30225 E mm-camera-sensor: sensor_process_thread_message:105sensor_process_thread_message: task took 245 ms

07-30 20:49:55.442   693 30221 I QCameraParameters: Requested preview size 1920 x 1080

07-30 20:49:55.442   693 30221 I QCameraParameters: Requested picture size 5488 x 3088

07-30 20:49:55.442   693 30221 E QCameraParameters: ZZ_Align Set asus align, stride=5504 scanline=3136 

07-30 20:49:55.442   693 30221 I QCameraParameters: int32_t qcamera::QCameraParameters::setZslMode(const qcamera::QCameraParameters&): enabled: 1

07-30 20:49:55.442   693 30221 D QCameraParameters: int32_t qcamera::QCameraParameters::setReFocus(const qcamera::QCameraParameters&): AF Bracketing is not supported

07-30 20:49:55.443   693 30221 E QCameraParameters: Setting TS mode int32_t qcamera::QCameraParameters::setTSMode(const qcamera::QCameraParameters&), pre=off

07-30 20:49:55.443   693 30221 E QCameraParameters: Setting TS Fps int32_t qcamera::QCameraParameters::setTSFps(const qcamera::QCameraParameters&), pre=(null)

07-30 20:49:55.443   693 30221 E QCameraParameters: setASUSHDR:disable

07-30 20:49:55.443   693 30221 E QCameraParameters: [DITALL] setDITAutoLLMode = 0

07-30 20:49:55.444   693 30222 D mm-jpeg-intf: jpeg_open, 380] reuse_reproc_buffer 1 

07-30 20:49:55.444   693 30222 I qomx_image_core: OMX_Init:95] Complete 3

07-30 20:49:55.445 29403 29419 V CameraApp: camera manager, setCamParameters consumed=7

07-30 20:49:55.445 29403 29419 V CameraApp: camera manager, handleMessage what=24

07-30 20:49:55.470   693 30284 D QCameraHWI_Mem: static int qcamera::QCameraMemory::allocOneBuffer(qcamera::QCameraMemory::QCameraMemInfo&, unsigned int, size_t, bool, uint32_t) : ION buffer 1 with size 25890816 allocated

07-30 20:49:55.473   724 30285 E mm-camera-isp2: isp_handler_module_handle_reg_update:1135  Invalid reg_update state 0

07-30 20:49:55.473   724 30225 I mm-camera-sensor: sensor_process_thread_message:52Processing Pipe message 2

07-30 20:49:55.473   724 30225 D mm-camera-sensor: turning on OIS still mode

07-30 20:49:55.473   724 30253 E mm-camera: module_sensor_event_control_set_parm:4216module_sensor_event_control_set_parm Set LongExp 0 Mode 

07-30 20:49:55.473   724 30253 E mm-camera: 

07-30 20:49:55.473   724 30253 E mm-camera: sensor_set_long_exposure_time:4713LongExp mm-camera long_exposure_time = 0 

07-30 20:49:55.473   724 30253 E mm-camera: sensor_set_auto_lowlight_enable:4756[DITALL] auto lowlight enable 0

07-30 20:49:55.473   724 30253 D mm-camera-sensor: flash_process: battery_power_percentage = 65

07-30 20:49:55.475   724 30231 E mm-camera-CORE: dsps_process_response_gyro: Query request denied, error code = 5, QId_valid = 1, QueryId = 0x10a, AckNak_valid = 1, AckNak = 7

07-30 20:49:55.476   724 30225 E mm-camera-sensor: sensor_process_thread_message:105sensor_process_thread_message: task took 3 ms

07-30 20:49:55.490   693 30284 D QCameraHWI_Mem: static int qcamera::QCameraMemory::allocOneBuffer(qcamera::QCameraMemory::QCameraMemInfo&, unsigned int, size_t, bool, uint32_t) : ION buffer 1 with size 25890816 allocated

07-30 20:49:55.497   724 30263 D DIT_3A  : [DIT_AF] error: wrong num of roi 25!=16

07-30 20:49:55.497   724 30263 D DIT_3A  : [DIT_AF] error: AF score is zero

07-30 20:49:55.507   724 30236 E mm-camera: :cpp_hardware_set_clock:356 Set clock 160000000 BW abg 209952000 BW inst 209952000

07-30 20:49:55.507   724 30236 D mm-camera: cpp_hw_params_update_wnr_params:6505, invalid trigger input 0.000000

07-30 20:49:55.508   724 30256 E mm-camera-CORE: q3a_thread_ois_config_mode: prev_ois_mode = 2, mode = 0

07-30 20:49:55.510   693 30284 D QCameraHWI_Mem: static int qcamera::QCameraMemory::allocOneBuffer(qcamera::QCameraMemory::QCameraMemInfo&, unsigned int, size_t, bool, uint32_t) : ION buffer 1 with size 25890816 allocated

07-30 20:49:55.526   724 30253 D mm-camera-sensor: flash_process: battery_power_percentage = 65

07-30 20:49:55.526   724 30253 E mm-camera: iface_util_set_cds_mode: set HAL CDS mode = 1

07-30 20:49:55.528   724 30253 E AEC_PORT: aec_port_pack_exif_info:759  aec_port_pack_exif_info: aperture = 2.000000, differential_ev = 2.000000, exp_time = 0.024992, iso = 946, original_ev = 0.000000, gain = 9.455000

07-30 20:49:55.528   724 30253 I mm-camera: sensor_set_exposure:398LL/LLV linecount = 1681

07-30 20:49:55.529   693 30276 I QCamera2HWI: [KPI Perf] static void qcamera::QCamera2HardwareInterface::preview_stream_cb_routine(mm_camera_super_buf_t*, qcamera::QCameraStream*, void*) : PROFILE_FIRST_PREVIEW_FRAME

07-30 20:49:55.532   693 30284 D QCameraHWI_Mem: static int qcamera::QCameraMemory::allocOneBuffer(qcamera::QCameraMemory::QCameraMemInfo&, unsigned int, size_t, bool, uint32_t) : ION buffer 1 with size 25890816 allocated

07-30 20:49:55.533   724 30253 E mm-camera: iface_util_calc_cds_trigger:<cds_debug> HAL CDS mode on

07-30 20:49:55.533   724 30253 E mm-camera: iface_util_calc_cds_trigger:<cds_debug> take CDS! request enb = 1, curr enb = 0 curr_triiger 0.000000, lowlight_start 330.000000, lowlight_end 367.000000

07-30 20:49:55.533   724 30256 D mm-camera-sensor: flash_process: battery_power_percentage = 65

07-30 20:49:55.534   724 30229 E mm-camera-isp2: abf40_aec_update:734 abf40_aec_update [4.000000 - 7.089844 - 7.990000] = 0.774397

07-30 20:49:55.534   724 30229 E mm-camera-isp2: abf40_aec_update:734 abf40_aec_update [4.000000 - 7.089844 - 7.990000] = 0.774397

07-30 20:49:55.534   724 30229 E mm-camera-isp2: bf_stats47_stats_config_update:2646 roi from 3a

07-30 20:49:55.534   724 30229 E mm-camera-isp2: bf_stats47_stats_config_update:2646 roi from 3a

07-30 20:49:55.534 29403 30212 V CameraApp: 'still, onContinousFocusMoving start=true

07-30 20:49:55.535   724 30231 E mm-camera-CORE: dsps_process_response_gyro: Query request denied, error code = 5, QId_valid = 1, QueryId = 0x20a, AckNak_valid = 1, AckNak = 7

07-30 20:49:55.535   724 30229 E mm-camera-isp2: bf_stats47_sort_ending_pixel_order:2135 i_start = 3358787

07-30 20:49:55.535   724 30229 E mm-camera-isp2: bf_stats47_sort_ending_pixel_order:2135 i_start = 3359129

07-30 20:49:55.537   724 30229 E mm-camera-isp2: bf_stats47_sort_ending_pixel_order:2135 i_start = 3337619

07-30 20:49:55.537   724 30229 E mm-camera-isp2: bf_stats47_sort_ending_pixel_order:2135 i_start = 3337961

07-30 20:49:55.538   509   509 W qdhwcomposer: iris_video_playback_enable: iris video playback enable

07-30 20:49:55.553   693 30261 D QCamera2HWI: bool qcamera::AsusDitProxy_HAL1::RunASUSPreviewSingleProcess(int, int, int, int, unsigned char*, ditalg::DITBSPFunc, TFaces*): PreHintFlag = 0, DLTFlag = 1, NRFlag = 0, AutoLLFlag = 0

07-30 20:49:55.556   693 30284 D QCameraHWI_Mem: static int qcamera::QCameraMemory::allocOneBuffer(qcamera::QCameraMemory::QCameraMemInfo&, unsigned int, size_t, bool, uint32_t) : ION buffer 1 with size 25890816 allocated

07-30 20:49:55.567   724 30256 E mm-camera-CORE: q3a_thread_ois_config_mode: prev_ois_mode = 0, mode = 2

07-30 20:49:55.569   693 30274 E QCamera2HWI: static void qcamera::QCamera2HardwareInterface::synchronous_stream_cb_routine(mm_camera_super_buf_t*, qcamera::QCameraStream*, void*): preview is not running, no need to process frame id 2

07-30 20:49:55.576   724 30253 D mm-camera-sensor: flash_process: battery_power_percentage = 65

07-30 20:49:55.578   724 30253 E AEC_PORT: aec_port_pack_exif_info:759  aec_port_pack_exif_info: aperture = 2.000000, differential_ev = 2.000000, exp_time = 0.024992, iso = 946, original_ev = 0.000000, gain = 9.455000

07-30 20:49:55.578   724 30253 I mm-camera: sensor_set_exposure:398LL/LLV linecount = 1681

07-30 20:49:55.578   724 30229 E mm-camera-isp2: abf40_aec_update:734 abf40_aec_update [4.000000 - 7.089844 - 7.990000] = 0.774397

07-30 20:49:55.578   724 30229 E mm-camera-isp2: abf40_aec_update:734 abf40_aec_update [4.000000 - 7.089844 - 7.990000] = 0.774397

07-30 20:49:55.579   724 30229 E mm-camera-isp2: bf_stats47_stats_config_update:2646 roi from 3a

07-30 20:49:55.579   724 30229 E mm-camera-isp2: bf_stats47_stats_config_update:2646 roi from 3a

07-30 20:49:55.579   724 30229 E mm-camera-isp2: scaler44_check_hw_limit:523 Entry 1 y_cfg->hOut 5488 y_cfg->vOut 3088

07-30 20:49:55.579   724 30231 E mm-camera-CORE: dsps_process_response_gyro: Query request denied, error code = 5, QId_valid = 1, QueryId = 0x30a, AckNak_valid = 1, AckNak = 7

07-30 20:49:55.579   724 30229 E mm-camera-isp2: scaler44_check_hw_limit:523 Entry 1 y_cfg->hOut 5488 y_cfg->vOut 3088

07-30 20:49:55.579   724 30229 E mm-camera-isp2: bf_stats47_sort_ending_pixel_order:2135 i_start = 3358787

07-30 20:49:55.579   724 30229 E mm-camera-isp2: bf_stats47_sort_ending_pixel_order:2135 i_start = 3359129

07-30 20:49:55.579   724 30229 E mm-camera-isp2: bf_stats47_sort_ending_pixel_order:2135 i_start = 3337619

07-30 20:49:55.579   724 30229 E mm-camera-isp2: bf_stats47_sort_ending_pixel_order:2135 i_start = 3337961

07-30 20:49:55.580   724 30229 E mm-camera: iface_util_cds_request_done:<cds_dbg> isp cds updating, enable = 1

07-30 20:49:55.580   724 30229 E mm-camera: iface_handle_cds_request_to_thread: <cds_dbg2> EXECUTE AXI updating!! curr enb = 0, request enb = 1

07-30 20:49:55.580   724 30286 E mm-camera: iface_dump_axi_update_info:=== CDS DUMP: session_id 1,  hw_stream_id 10002 ====

07-30 20:49:55.580   724 30286 E mm-camera: iface_dump_axi_update_info: plane[0]: plane_fmt 0(Y-0/CB-1/Cr-2/CrCb-3/CbCr-4)

07-30 20:49:55.580   724 30286 E mm-camera: iface_dump_axi_update_info: plane[0]: width = 960, height = 1080

07-30 20:49:55.580   724 30286 E mm-camera: iface_dump_axi_update_info: plane[0]: stride = 1920, scanlines = 1080

07-30 20:49:55.580   724 30286 E mm-camera: iface_dump_axi_update_info: plane[0]: address_offset 0

07-30 20:49:55.580   724 30286 E mm-camera: iface_dump_axi_update_info: plane[1]: plane_fmt 3(Y-0/CB-1/Cr-2/CrCb-3/CbCr-4)

07-30 20:49:55.580   724 30286 E mm-camera: iface_dump_axi_update_info: plane[1]: width = 480, height = 270

07-30 20:49:55.580   724 30286 E mm-camera: iface_dump_axi_update_info: plane[1]: stride = 1920, scanlines = 540

07-30 20:49:55.580   724 30286 E mm-camera: iface_dump_axi_update_info: plane[1]: address_offset 0

07-30 20:49:55.580   724 30286 E mm-camera: iface_dump_axi_update_info:=== CDS DUMP: session_id 1,  hw_stream_id 3 ====

07-30 20:49:55.580   724 30286 E mm-camera: iface_dump_axi_update_info: plane[0]: plane_fmt 0(Y-0/CB-1/Cr-2/CrCb-3/CbCr-4)

07-30 20:49:55.580   724 30286 E mm-camera: iface_dump_axi_update_info: plane[0]: width = 2752, height = 3088

07-30 20:49:55.580   724 30286 E mm-camera: iface_dump_axi_update_info: plane[0]: stride = 5504, scanlines = 3136

07-30 20:49:55.580   724 30286 E mm-camera: iface_dump_axi_update_info: plane[0]: address_offset 0

07-30 20:49:55.580   724 30286 E mm-camera: iface_dump_axi_update_info: plane[1]: plane_fmt 3(Y-0/CB-1/Cr-2/CrCb-3/CbCr-4)

07-30 20:49:55.580   724 30286 E mm-camera: iface_dump_axi_update_info: plane[1]: width = 1376, height = 772

07-30 20:49:55.580   724 30286 E mm-camera: iface_dump_axi_update_info: plane[1]: stride = 5504, scanlines = 1568

07-30 20:49:55.580   724 30286 E mm-camera: iface_dump_axi_update_info: plane[1]: address_offset 0

07-30 20:49:55.581   724 30288 E mm-camera: iface_dump_axi_update_info:=== CDS DUMP: session_id 1,  hw_stream_id 10002 ====

07-30 20:49:55.581   724 30288 E mm-camera: iface_dump_axi_update_info: plane[0]: plane_fmt 0(Y-0/CB-1/Cr-2/CrCb-3/CbCr-4)

07-30 20:49:55.581   724 30288 E mm-camera: iface_dump_axi_update_info: plane[0]: width = 960, height = 1080

07-30 20:49:55.581   724 30288 E mm-camera: iface_dump_axi_update_info: plane[0]: stride = 1920, scanlines = 1080

07-30 20:49:55.581   724 30288 E mm-camera: iface_dump_axi_update_info: plane[0]: address_offset 3c0

07-30 20:49:55.581   724 30288 E mm-camera: iface_dump_axi_update_info: plane[1]: plane_fmt 3(Y-0/CB-1/Cr-2/CrCb-3/CbCr-4)

07-30 20:49:55.581   724 30288 E mm-camera: iface_dump_axi_update_info: plane[1]: width = 480, height = 270

07-30 20:49:55.581   724 30288 E mm-camera: iface_dump_axi_update_info: plane[1]: stride = 1920, scanlines = 540

07-30 20:49:55.581   724 30288 E mm-camera: iface_dump_axi_update_info: plane[1]: address_offset 1e0

07-30 20:49:55.581   724 30288 E mm-camera: iface_dump_axi_update_info:=== CDS DUMP: session_id 1,  hw_stream_id 3 ====

07-30 20:49:55.581   724 30288 E mm-camera: iface_dump_axi_update_info: plane[0]: plane_fmt 0(Y-0/CB-1/Cr-2/CrCb-3/CbCr-4)

07-30 20:49:55.581   724 30288 E mm-camera: iface_dump_axi_update_info: plane[0]: width = 2736, height = 3088

07-30 20:49:55.581   724 30288 E mm-camera: iface_dump_axi_update_info: plane[0]: stride = 5504, scanlines = 3136

07-30 20:49:55.581   724 30288 E mm-camera: iface_dump_axi_update_info: plane[0]: address_offset ac0

07-30 20:49:55.581   724 30288 E mm-camera: iface_dump_axi_update_info: plane[1]: plane_fmt 3(Y-0/CB-1/Cr-2/CrCb-3/CbCr-4)

07-30 20:49:55.581   724 30288 E mm-camera: iface_dump_axi_update_info: plane[1]: width = 1368, height = 772

07-30 20:49:55.581   724 30288 E mm-camera: iface_dump_axi_update_info: plane[1]: stride = 5504, scanlines = 1568

07-30 20:49:55.581   724 30288 E mm-camera: iface_dump_axi_update_info: plane[1]: address_offset 560

07-30 20:49:55.582   724 30228 E mm-camera: iface_session_thread_proc_cmd: 260 <cds_dbg> cds wait KERNEL......

07-30 20:49:55.589   724 30256 D mm-camera-sensor: flash_process: battery_power_percentage = 65

07-30 20:49:55.606   724 30263 E mm-camera-CORE: PJgsensor GSensor_DIT_(-10, 88, 12)

07-30 20:49:55.607   724 30263 E mm-camera-CORE: PJgyro Gyro_DIT_(0, 0, 0)

07-30 20:49:55.607   724 30263 E mm-camera-CORE: PJlaser Laser_DIT_(842, 837, 0)

07-30 20:49:55.619   693 30274 E QCamera2HWI: static void qcamera::QCamera2HardwareInterface::synchronous_stream_cb_routine(mm_camera_super_buf_t*, qcamera::QCameraStream*, void*): preview is not running, no need to process frame id 3

07-30 20:49:55.624   693 30276 E QCamera2HWI: static void qcamera::QCamera2HardwareInterface::preview_stream_cb_routine(mm_camera_super_buf_t*, qcamera::QCameraStream*, void*): preview is not running, no need to process, mSkipPreviewCount = 2 frame id 2

07-30 20:49:55.624   693 30276 E QCamera2HWI: static void qcamera::QCamera2HardwareInterface::preview_stream_cb_routine(mm_camera_super_buf_t*, qcamera::QCameraStream*, void*): preview is not running, no need to process, mSkipPreviewCount = 1 frame id 3

07-30 20:49:55.627   724 30253 D mm-camera-sensor: flash_process: battery_power_percentage = 65

07-30 20:49:55.630   724 30253 E AEC_PORT: aec_port_pack_exif_info:759  aec_port_pack_exif_info: aperture = 2.000000, differential_ev = 2.000000, exp_time = 0.024992, iso = 946, original_ev = 0.000000, gain = 9.455000

07-30 20:49:55.630   724 30253 I mm-camera: sensor_set_exposure:398LL/LLV linecount = 1681

07-30 20:49:55.630   724 30253 E mm-camera: mct: mct_stream_fill_metadata_v3:2549 Unsupported message type 83

07-30 20:49:55.630   724 30229 E mm-camera-isp2: abf40_aec_update:734 abf40_aec_update [4.000000 - 7.089844 - 7.990000] = 0.774397

07-30 20:49:55.631   724 30229 E mm-camera-isp2: abf40_aec_update:734 abf40_aec_update [4.000000 - 7.089844 - 7.990000] = 0.774397

07-30 20:49:55.632   724 30256 D mm-camera-sensor: flash_process: battery_power_percentage = 65

07-30 20:49:55.634   724 30231 E mm-camera-CORE: dsps_process_response_gyro: Query request denied, error code = 5, QId_valid = 1, QueryId = 0x40a, AckNak_valid = 1, AckNak = 7

07-30 20:49:55.638 29403 30212 V CameraApp: preview callback received=[B@a473c0c

07-30 20:49:55.662   724 30228 E mm-camera: iface_session_thread_proc_cmd: 270 <cds_dbg> cds wait KERNEL done!

07-30 20:49:55.662   724 30253 D mm-camera-sensor: flash_process: battery_power_percentage = 65

07-30 20:49:55.663   724 30253 E AEC_PORT: aec_port_pack_exif_info:759  aec_port_pack_exif_info: aperture = 2.000000, differential_ev = 2.000000, exp_time = 0.024992, iso = 946, original_ev = 0.000000, gain = 9.455000

07-30 20:49:55.663   724 30253 I mm-camera: sensor_set_exposure:398LL/LLV linecount = 1681

07-30 20:49:55.664   724 30229 E mm-camera-isp2: abf40_aec_update:734 abf40_aec_update [4.000000 - 7.089844 - 7.990000] = 0.774397

07-30 20:49:55.664   724 30229 E mm-camera-isp2: abf40_aec_update:734 abf40_aec_update [4.000000 - 7.089844 - 7.990000] = 0.774397

07-30 20:49:55.665   724 30231 E mm-camera-CORE: dsps_process_response_gyro: Query request denied, error code = 5, QId_valid = 1, QueryId = 0x50a, AckNak_valid = 1, AckNak = 7

07-30 20:49:55.666   724 30256 I mm-camera: sensor_set_exposure:398LL/LLV linecount = 2522

07-30 20:49:55.682   724 30256 D mm-camera-sensor: flash_process: battery_power_percentage = 65

07-30 20:49:55.697   724 30253 D mm-camera-sensor: flash_process: battery_power_percentage = 65

07-30 20:49:55.698   724 30253 E AEC_PORT: aec_port_pack_exif_info:759  aec_port_pack_exif_info: aperture = 2.000000, differential_ev = -0.867099, exp_time = 0.024992, iso = 759, original_ev = 0.000000, gain = 7.585938

07-30 20:49:55.699   724 30253 I mm-camera: sensor_set_exposure:398LL/LLV linecount = 2522

07-30 20:49:55.699   724 30256 I mm-camera: sensor_set_exposure:398LL/LLV linecount = 2522

07-30 20:49:55.699   724 30229 E mm-camera-isp2: abf40_aec_update:734 abf40_aec_update [4.000000 - 7.582930 - 7.990000] = 0.897977

07-30 20:49:55.700   724 30229 E mm-camera-isp2: abf40_aec_update:734 abf40_aec_update [4.000000 - 7.582930 - 7.990000] = 0.897977

07-30 20:49:55.700   724 30231 E mm-camera-CORE: dsps_process_response_gyro: Query request denied, error code = 5, QId_valid = 1, QueryId = 0x60a, AckNak_valid = 1, AckNak = 7

07-30 20:49:55.713   724 30256 D mm-camera-sensor: flash_process: battery_power_percentage = 65

07-30 20:49:55.723 29403 30212 V CameraApp: preview callback received=[B@1e86955

07-30 20:49:55.723 29403 30212 V CameraApp: base, setPreviewCallback to null

07-30 20:49:55.724 29403 29419 V CameraApp: camera manager, handleMessage what=24

07-30 20:49:55.724 29403 29403 V CameraApp: stopSoundRecorder start

07-30 20:49:55.725 29403 29403 V CameraApp: stopSoundRecorder end

07-30 20:49:55.725 29403 29403 V CameraApp: stopFlashLight start

07-30 20:49:55.735   724 30253 D mm-camera-sensor: flash_process: battery_power_percentage = 65

