07-30 20:49:57.354   724 30231 E mm-camera-CORE: dsps_process_response_gyro: Query request denied, error code = 5, QId_valid = 1, QueryId = 0x270a, AckNak_valid = 1, AckNak = 7

07-30 20:49:57.400   724 30253 D mm-camera-sensor: flash_process: battery_power_percentage = 65

07-30 20:49:57.401   724 30253 E AEC_PORT: aec_port_pack_exif_info:759  aec_port_pack_exif_info: aperture = 2.000000, differential_ev = -0.055938, exp_time = 0.033330, iso = 645, original_ev = 0.000000, gain = 6.453125

07-30 20:49:57.401   724 30253 I mm-camera: sensor_set_exposure:398LL/LLV linecount = 3362

07-30 20:49:57.401   724 30256 D mm-camera-sensor: flash_process: battery_power_percentage = 65

07-30 20:49:57.402   724 30229 E mm-camera-isp2: abf40_aec_update:734 abf40_aec_update [4.000000 - 6.453125 - 7.990000] = 0.614818

07-30 20:49:57.402   724 30229 E mm-camera-isp2: abf40_aec_update:734 abf40_aec_update [4.000000 - 6.453125 - 7.990000] = 0.614818

07-30 20:49:57.402   724 30229 E mm-camera-isp2: bf_stats47_stats_config_update:2646 roi from 3a

07-30 20:49:57.402   724 30229 E mm-camera-isp2: bf_stats47_stats_config_update:2646 roi from 3a

07-30 20:49:57.403   724 30231 E mm-camera-CORE: dsps_process_response_gyro: Query request denied, error code = 5, QId_valid = 1, QueryId = 0x280a, AckNak_valid = 1, AckNak = 7

07-30 20:49:57.404   724 30229 E mm-camera-isp2: bf_stats47_sort_ending_pixel_order:2135 i_start = 3358787

07-30 20:49:57.404   724 30229 E mm-camera-isp2: bf_stats47_sort_ending_pixel_order:2135 i_start = 3359129

07-30 20:49:57.415   724 30229 E mm-camera-isp2: bf_stats47_sort_ending_pixel_order:2135 i_start = 3337619

07-30 20:49:57.415   724 30229 E mm-camera-isp2: bf_stats47_sort_ending_pixel_order:2135 i_start = 3337961

07-30 20:49:57.440 29403 29415 V AsusCameraExtension-JNI: asus notification, msgType:04, ext1:1, ext2:0

07-30 20:49:57.440 29403 30212 V CameraApp: [performance][laser] focus time: 627ms. autoFocus() -> autoFocusCb()

07-30 20:49:57.440 29403 30212 V CameraApp: onAutoFocus start, view=true

07-30 20:49:57.440 29403 29403 V CameraApp: finishFocusView state=Focus_start

07-30 20:49:57.441 29403 29403 D CameraApp: CameraStillView2::onFocusDone(), prepare captured

07-30 20:49:57.441 29403 29403 E CameraApp: CameraStillView2::startCapture() prepareCapture=true

07-30 20:49:57.441 29403 29403 V CameraApp: CameraStillView2::isStartCaptureReady() true

07-30 20:49:57.441 29403 29415 V AsusCameraExtension-JNI: CAMERA_MSG_PROFESSIONAL_DATA

07-30 20:49:57.450 29403 29403 V CameraApp: base, setup audio shutter sound

07-30 20:49:57.451   724 30253 D mm-camera-sensor: flash_process: battery_power_percentage = 65

07-30 20:49:57.453   724 30253 E AEC_PORT: aec_port_pack_exif_info:759  aec_port_pack_exif_info: aperture = 2.000000, differential_ev = -0.094395, exp_time = 0.033330, iso = 666, original_ev = 0.000000, gain = 6.660156

07-30 20:49:57.453   724 30253 I mm-camera: sensor_set_exposure:398LL/LLV linecount = 3362

07-30 20:49:57.464 29403 29403 V CameraApp: checkAvailableStorage time=7

07-30 20:49:57.464 29403 29403 V CameraApp: still, startCapture() thread start

07-30 20:49:57.464 29403 29403 D CameraApp: ImageSaver,resetBurstInformation

07-30 20:49:57.464 29403 29403 D CameraApp: CamBase, change Focus mode to FOCUS_CAF

07-30 20:49:57.465 29403 30324 V CameraApp: still, start capture

07-30 20:49:57.465 29403 30324 D CameraApp: DITLibInfo, SceneID=8, 3DNRHint=0, AutoLL=false, SceneHint=0, FrameNum=1

07-30 20:49:57.466 29403 30324 D CameraApp: DITLibInfo, iso=645, Exp=0.033330, zoomRatio=1.000000

07-30 20:49:57.466 29403 30324 D CameraApp: FLASH_NEED, flash_mode=FLASH_OFF, flashNeeded=false

07-30 20:49:57.466 29403 30324 D CameraApp: DITLibController, decideCaptureLib is OFF or AT, force take 1 picture.

07-30 20:49:57.466 29403 30324 I CameraApp: CamStill2V1, startSingleCapture.

07-30 20:49:57.466 29403 30324 I CameraApp: DITLibStill, CaptureTag=16 use DIT lib take Algorithm_OFF raw picture. picNumb:1

07-30 20:49:57.466   724 30229 E mm-camera-isp2: abf40_aec_update:734 abf40_aec_update [4.000000 - 6.660156 - 7.990000] = 0.666706

07-30 20:49:57.466   724 30229 E mm-camera-isp2: abf40_aec_update:734 abf40_aec_update [4.000000 - 6.660156 - 7.990000] = 0.666706

07-30 20:49:57.468   724 30256 D mm-camera-sensor: flash_process: battery_power_percentage = 65

07-30 20:49:57.468   693 30221 I QCameraParameters: Requested preview size 1920 x 1080

07-30 20:49:57.468   693 30221 I QCameraParameters: Requested picture size 5488 x 3088

07-30 20:49:57.468   693 30221 E QCameraParameters: ZZ_Align Set asus align, stride=5504 scanline=3136 

07-30 20:49:57.468   693 30221 I QCameraParameters: int32_t qcamera::QCameraParameters::setZslMode(const qcamera::QCameraParameters&): enabled: 1

07-30 20:49:57.469   693 30221 D QCameraParameters: int32_t qcamera::QCameraParameters::setReFocus(const qcamera::QCameraParameters&): AF Bracketing is not supported

07-30 20:49:57.469   693 30221 E QCameraParameters: Setting TS mode int32_t qcamera::QCameraParameters::setTSMode(const qcamera::QCameraParameters&), pre=off

07-30 20:49:57.469   693 30221 E QCameraParameters: Setting TS Fps int32_t qcamera::QCameraParameters::setTSFps(const qcamera::QCameraParameters&), pre=(null)

07-30 20:49:57.469   693 30221 D QCameraParameters: manual set focusmode continuous-picture

07-30 20:49:57.469   693 30221 E QCameraParameters: setASUSHDR:disable

07-30 20:49:57.469   693 30221 E QCameraParameters: [DITALL] setDITAutoLLMode = 0

07-30 20:49:57.470   724 30231 E mm-camera-CORE: dsps_process_response_gyro: Query request denied, error code = 5, QId_valid = 1, QueryId = 0x290a, AckNak_valid = 1, AckNak = 7

07-30 20:49:57.471 29403 29403 V CameraApp: setParam time consumed = 7

07-30 20:49:57.471 29403 29403 V CameraApp: onAutoFocus, process done

07-30 20:49:57.471 29403 30324 V CameraApp: base utility, updateGyroMovement=false

07-30 20:49:57.471 29403 30324 V CameraApp: setImageOptimizer=off,mode=NORMAL

07-30 20:49:57.471 29403 30324 V CameraApp: setEIS=off

07-30 20:49:57.471 29403 30324 V CameraApp: setJpegQuality=96

07-30 20:49:57.471 29403 30324 I CameraApp: raw, setMode key: NOR

07-30 20:49:57.472 29403 30324 V CameraApp: base, getOrientation cameraId=0

07-30 20:49:57.472 29403 30324 V CameraApp: base, getOrientation info.facing=0 info.orientation=90 rotation=90

07-30 20:49:57.472 29403 30324 V CameraApp: base, getOrientation=90

07-30 20:49:57.475 29403 29403 V CameraApp: extension, aperture=2.0, iso=645, speed=0.03333, diff_ev=-0.055938024, flashNeeded=false, gain=6.453125

07-30 20:49:57.475 29403 29403 V CameraApp: updateSelfTimerText, visible=false

07-30 20:49:57.477   693 30221 I QCameraParameters: Requested preview size 1920 x 1080

07-30 20:49:57.477   693 30221 I QCameraParameters: Requested picture size 5488 x 3088

07-30 20:49:57.477   693 30221 E QCameraParameters: ZZ_Align Set asus align, stride=5504 scanline=3136 

07-30 20:49:57.477   693 30221 I QCameraParameters: int32_t qcamera::QCameraParameters::setZslMode(const qcamera::QCameraParameters&): enabled: 1

07-30 20:49:57.478   693 30221 D QCameraParameters: int32_t qcamera::QCameraParameters::setReFocus(const qcamera::QCameraParameters&): AF Bracketing is not supported

07-30 20:49:57.478   693 30221 E QCameraParameters: Setting TS mode int32_t qcamera::QCameraParameters::setTSMode(const qcamera::QCameraParameters&), pre=off

07-30 20:49:57.478   693 30221 E QCameraParameters: Setting TS Fps int32_t qcamera::QCameraParameters::setTSFps(const qcamera::QCameraParameters&), pre=(null)

07-30 20:49:57.478   693 30221 E QCameraParameters: setASUSHDR:disable

07-30 20:49:57.478   693 30221 E QCameraParameters: [DITALL] setDITAutoLLMode = 0

07-30 20:49:57.480 29403 30324 V CameraApp: setParam time consumed = 8

07-30 20:49:57.484 29403 30324 V CameraApp: RawCB, aligned w:5504, h:3136

07-30 20:49:57.485 29403 30324 V CameraApp: still, showShutterCloseAnimation

07-30 20:49:57.485 29403 30324 I CameraApp: RawCallbackBufferController, at prepare, created buffer num:1, queue size:1, inUsed0, Limit:15

07-30 20:49:57.485 29403 30324 I CameraApp: RawCallbackBufferController, begin take buffer

07-30 20:49:57.485 29403 30324 I CameraApp: RawCallbackBufferController, take buffer end

07-30 20:49:57.485 29403 30324 I CameraApp: RawCallbackBufferController, at take buffer, created buffer num:1, queue size:0, inUsed1, Limit:15

07-30 20:49:57.485 29403 30324 V CameraApp: still, CaptureTag=16 take picture. Total 1 pic.

07-30 20:49:57.485 29403 30324 V CameraApp: _PFMS_CAPTURE_A_TP:1469882997485

07-30 20:49:57.486 29403 29403 D CameraApp: playCloseShutterAnimation

07-30 20:49:57.489   693  1395 I QCamera2HWI: [KPI Perf] static int qcamera::QCamera2HardwareInterface::take_picture(camera_device*): E PROFILE_TAKE_PICTURE camera id 0

07-30 20:49:57.489   693  1395 D QCamera2HWI: [C-PreAF] now AFState 2730

07-30 20:49:57.489   693  1395 E QCameraParameters: [C-ASUSPP] mDitDLTFlag = 1, mCameraOptMode = 0, mIsTS = 0, Arcsoftinfohal.ASUS_Arcsoft_enable = 0, m_bRecordingHint_new = 0, m_nBurstNum = 1 mIsHDRMode = 0, mIsDITSRMode = 0

07-30 20:49:57.489   693  1395 D QCamera2HWI: Deka enable stillmore 0 0

07-30 20:49:57.489   693  1395 I QCamera2HWI: [KPI Perf] static int qcamera::QCamera2HardwareInterface::prepare_snapshot(camera_device*): E PROFILE_PREPARE_SNAPSHOT camera id 0

07-30 20:49:57.489   693  1395 E QCamera2HWI: static int qcamera::QCamera2HardwareInterface::prepare_snapshot(camera_device*): mFlashNeeded = 0, hw->mFlashNeeded = 0

07-30 20:49:57.489   693  1395 I QCamera2HWI: [KPI Perf] static int qcamera::QCamera2HardwareInterface::prepare_snapshot(camera_device*): X, ret: 0

07-30 20:49:57.489   693  1395 D QCamera2HWI: [DIT3A] dit_qualcomm_camera_mode = 0

07-30 20:49:57.490   724 30251 E mm-camera: PJlog mct_pipeline_send_ctrl_events:camera_mode 0

07-30 20:49:57.490   693  1395 I QCamera2HWI: [KPI Perf] static int qcamera::QCamera2HardwareInterface::pre_take_picture(camera_device*): E PROFILE_PRE_TAKE_PICTURE camera id 0

07-30 20:49:57.490   693  1395 I QCamera2HWI: [KPI Perf] static int qcamera::QCamera2HardwareInterface::pre_take_picture(camera_device*): X

07-30 20:49:57.491   724 30251 E mm-camera: dit_qualcomm_framedelay = 0

07-30 20:49:57.492   693 30221 E QCameraParameters: int32_t qcamera::QCameraParameters::getDITFrameDelay() : delay_frame_number = 0

07-30 20:49:57.492   724 30251 E mm-camera: dit_qualcomm_framedelay = 0

07-30 20:49:57.493   693 30221 E QCameraParameters: int32_t qcamera::QCameraParameters::getDITFrameDelay() : delay_frame_number = 0

07-30 20:49:57.493   693 30221 D QCamera2HWI: unsigned int qcamera::QCamera2HardwareInterface::getASUSNumOfSnapshots(): numOfSnapshotFrame = 1

07-30 20:49:57.493   693 30221 D QCamera2HWI: int32_t qcamera::QCamera2HardwareInterface::configureAdvancedCapture(): No Advanced Capture feature enabled!! 

07-30 20:49:57.493   693 30221 D QCamera2HWI: Deka enable stillmore 0 0

07-30 20:49:57.493   693 30221 D QCamera2HWI: snap count = 1 zsl = 1 advanced = 0

07-30 20:49:57.493   693 30221 D QCameraStateMachine: int32_t qcamera::QCameraStateMachine::procEvtPreviewingState(qcamera::qcamera_sm_evt_enum_t, void*): signal API result, m_state = 7

07-30 20:49:57.493   693  1395 I QCamera2HWI: [KPI Perf] static int qcamera::QCamera2HardwareInterface::take_picture(camera_device*): X

07-30 20:49:57.493   693 30280 E QCamera2HWI: [KPI Perf] static void qcamera::QCamera2HardwareInterface::zsl_channel_cb(mm_camera_super_buf_t*, void*): E

07-30 20:49:57.493   693 30280 I QCamera2HWI: [KPI Perf] static void qcamera::QCamera2HardwareInterface::zsl_channel_cb(mm_camera_super_buf_t*, void*): superbuf frame_idx 40

07-30 20:49:57.493   693 30280 D QCamera2HWI: [C-PreAF] don't need preAF, current frame id 40

07-30 20:49:57.494   693 30222 I QCamera2HWI: qcamera::QCameraReprocessChannel* qcamera::QCamera2HardwareInterface::addReprocChannel(qcamera::QCameraChannel*): Snapshot feature mask: 0x0, reproc feature mask: 0x100048e

07-30 20:49:57.494 29403 30324 V CameraApp: still, start capture end

07-30 20:49:57.494   693 30222 D QCameraHWI_Mem: static int qcamera::QCameraMemory::allocOneBuffer(qcamera::QCameraMemory::QCameraMemInfo&, unsigned int, size_t, bool, uint32_t) : ION buffer 1 with size 36864 allocated

07-30 20:49:57.494   693 30274 D QCamera2HWI: Deka enable stillmore 0 0

07-30 20:49:57.495   724 30251 D mm-camera: mct: mct_pipeline_process_set:command=800000a

07-30 20:49:57.496   724 30251 D mm-camera: mct: mct_pipeline_process_set:command=8000018

07-30 20:49:57.496   724 30251 D mm-camera: mct: mct_stream_start_link: Start linking offline stream 0x10005

07-30 20:49:57.496   724 30251 E mm-camera: mct: mct_stream_start_link: iface=0x0, isp=0x0, pproc=0xab6d8d60, imglib=0x0

07-30 20:49:57.496   724 30251 E mm-camera: int_link = 0xab6f5e98

07-30 20:49:57.496   724 30251 D mm-camera: pproc_port_add_modules_to_stream:444, LINK linking mods tmod and cpp for identity 10005

07-30 20:49:57.496   724 30251 D mm-camera: cpp_port_check_caps_reserve:137, identity=0x10005, reserved

07-30 20:49:57.496   724 30251 D mm-camera: cpp_module_notify_add_stream: offset_x 0, offset_y 0, offset 0, meta_len 0,meta_scanline 0, meta_stride 0, plane_len 163840

07-30 20:49:57.496   724 30251 D mm-camera: cpp_module_notify_add_stream: offset_x 0, offset_y 0, offset 0, meta_len 0,meta_scanline 0, meta_stride 0, plane_len 98304

07-30 20:49:57.496   724 30251 D mm-camera: cpp_module_notify_add_stream:2169, info: success, identity=0x10005

07-30 20:49:57.496   724 30251 E mm-camera: pproc_port_add_modules_to_stream:465] X rc: 1

07-30 20:49:57.496   724 30251 D mm-camera: mct: mct_stream_start_link: Linking single module

07-30 20:49:57.496   724 30251 D mm-camera: mct: mct_stream_start_link: single_module=0xab6d8d60

07-30 20:49:57.496   724 30251 D mm-camera: mct: mct_pipeline_process_set: Linking successful for stream 0x10005 stream type=8

07-30 20:49:57.498   724 30251 D mm-camera: mct: mct_pipeline_process_set:command=8000004

07-30 20:49:57.499   693 30222 D QCameraHWI_Mem: static int qcamera::QCameraMemory::allocOneBuffer(qcamera::QCameraMemory::QCameraMemInfo&, unsigned int, size_t, bool, uint32_t) : ION buffer 1 with size 36864 allocated

07-30 20:49:57.499   693 30276 D QCamera2HWI: Deka enable stillmore 0 0

07-30 20:49:57.500   724 30251 D mm-camera: mct: mct_pipeline_process_set:command=800000a

07-30 20:49:57.500   724 30251 D mm-camera: mct: mct_pipeline_process_set:command=8000018

07-30 20:49:57.500   724 30251 D mm-camera: mct: mct_stream_start_link: Start linking offline stream 0x10006

07-30 20:49:57.500   724 30251 E mm-camera: mct: mct_stream_start_link: iface=0x0, isp=0x0, pproc=0xab6d8d60, imglib=0x0

07-30 20:49:57.500   724 30251 E mm-camera: int_link = 0xab6f6208

07-30 20:49:57.500   724 30251 D mm-camera: pproc_port_add_modules_to_stream:444, LINK linking mods tmod and cpp for identity 10006

07-30 20:49:57.500   724 30251 D mm-camera: cpp_port_check_caps_reserve:137, identity=0x10006, reserved

07-30 20:49:57.500   724 30251 D mm-camera: cpp_module_notify_add_stream: offset_x 0, offset_y 0, offset 0, meta_len 0,meta_scanline 0, meta_stride 0, plane_len 17260544

07-30 20:49:57.501   724 30251 D mm-camera: cpp_module_notify_add_stream: offset_x 0, offset_y 0, offset 0, meta_len 0,meta_scanline 0, meta_stride 0, plane_len 8630272

07-30 20:49:57.501   724 30251 D mm-camera: cpp_module_notify_add_stream:2169, info: success, identity=0x10006

07-30 20:49:57.501   724 30251 E mm-camera: pproc_port_add_modules_to_stream:465] X rc: 1

07-30 20:49:57.501   724 30251 D mm-camera: mct: mct_stream_start_link: Linking single module

07-30 20:49:57.501   724 30251 D mm-camera: mct: mct_stream_start_link: single_module=0xab6d8d60

07-30 20:49:57.501   724 30251 D mm-camera: mct: mct_pipeline_process_set: Linking successful for stream 0x10006 stream type=8

07-30 20:49:57.504   724 30251 D mm-camera: mct: mct_pipeline_process_set:command=8000004

07-30 20:49:57.504   724 30253 E mm-camera: module_sensor_event_control_set_parm:4216module_sensor_event_control_set_parm Set LongExp 0 Mode 

07-30 20:49:57.504   724 30253 E mm-camera: 

07-30 20:49:57.504   724 30253 E mm-camera: sensor_set_long_exposure_time:4713LongExp mm-camera long_exposure_time = 0 

07-30 20:49:57.504   724 30253 E mm-camera: sensor_set_auto_lowlight_enable:4756[DITALL] auto lowlight enable 0

07-30 20:49:57.504   724 30253 E mm-camera: module_sensor_event_control_set_parm:4216module_sensor_event_control_set_parm Set LongExp 0 Mode 

07-30 20:49:57.504   724 30253 E mm-camera: 

07-30 20:49:57.504   724 30253 E mm-camera: sensor_set_long_exposure_time:4713LongExp mm-camera long_exposure_time = 0 

07-30 20:49:57.504   724 30253 E mm-camera: sensor_set_auto_lowlight_enable:4756[DITALL] auto lowlight enable 0

07-30 20:49:57.505   724 30253 E mm-camera: cpp_module_get_params_for_identity:524, failed, identity=0x10003

07-30 20:49:57.505   724 30253 D mm-camera-sensor: flash_process: battery_power_percentage = 65

07-30 20:49:57.505   724 30251 D mm-camera: mct: mct_pipeline_process_set:command=8000019

07-30 20:49:57.505   724 30251 E mm-camera: pproc_module_offline_stream_param_buf:2216 failed: parm_buf.type is invalid

07-30 20:49:57.507   724 30251 D mm-camera: mct: mct_pipeline_process_set:command=8000019

07-30 20:49:57.507   724 30251 E mm-camera: pproc_module_offline_stream_param_buf:2216 failed: parm_buf.type is invalid

07-30 20:49:57.507   724 30253 E AEC_PORT: aec_port_pack_exif_info:759  aec_port_pack_exif_info: aperture = 2.000000, differential_ev = -0.094395, exp_time = 0.033330, iso = 666, original_ev = 0.000000, gain = 6.660156

07-30 20:49:57.507   724 30253 I mm-camera: sensor_set_exposure:398LL/LLV linecount = 3362

07-30 20:49:57.508   724 30256 D mm-camera-sensor: flash_process: battery_power_percentage = 65

07-30 20:49:57.508   724 30229 E mm-camera-isp2: abf40_aec_update:734 abf40_aec_update [4.000000 - 6.660156 - 7.990000] = 0.666706

07-30 20:49:57.509   724 30229 E mm-camera-isp2: abf40_aec_update:734 abf40_aec_update [4.000000 - 6.660156 - 7.990000] = 0.666706

07-30 20:49:57.509   693 30222 D QCameraHWI_Mem: static int qcamera::QCameraMemory::allocOneBuffer(qcamera::QCameraMemory::QCameraMemInfo&, unsigned int, size_t, bool, uint32_t) : ION buffer 1 with size 262144 allocated

07-30 20:49:57.509   724 30231 E mm-camera-CORE: dsps_process_response_gyro: Query request denied, error code = 5, QId_valid = 1, QueryId = 0x2a0a, AckNak_valid = 1, AckNak = 7

07-30 20:49:57.509   693 30222 D QCameraHWI_Mem: static int qcamera::QCameraMemory::allocOneBuffer(qcamera::QCameraMemory::QCameraMemInfo&, unsigned int, size_t, bool, uint32_t) : ION buffer 1 with size 262144 allocated

07-30 20:49:57.509 29403 29414 V AsusCameraExtension-JNI: asus notification, msgType:02048, ext1:0, ext2:0

07-30 20:49:57.510 29403 30212 V CameraApp: 'still, onContinousFocusMoving start=false

07-30 20:49:57.510   693 30222 D QCameraHWI_Mem: static int qcamera::QCameraMemory::allocOneBuffer(qcamera::QCameraMemory::QCameraMemInfo&, unsigned int, size_t, bool, uint32_t) : ION buffer 1 with size 262144 allocated

07-30 20:49:57.511   693 30222 D QCameraHWI_Mem: static int qcamera::QCameraMemory::allocOneBuffer(qcamera::QCameraMemory::QCameraMemInfo&, unsigned int, size_t, bool, uint32_t) : ION buffer 1 with size 262144 allocated

07-30 20:49:57.511   693 30222 D QCameraHWI_Mem: static int qcamera::QCameraMemory::allocOneBuffer(qcamera::QCameraMemory::QCameraMemInfo&, unsigned int, size_t, bool, uint32_t) : ION buffer 1 with size 262144 allocated

07-30 20:49:57.512   693 30222 D QCameraHWI_Mem: static int qcamera::QCameraMemory::allocOneBuffer(qcamera::QCameraMemory::QCameraMemInfo&, unsigned int, size_t, bool, uint32_t) : ION buffer 1 with size 262144 allocated

07-30 20:49:57.514   724 30251 D mm-camera: mct: mct_pipeline_process_set:command=8000008

07-30 20:49:57.514   724 30251 D mm-camera: mct: mct_pipeline_process_set: STREAM-ON on stream 0x10005 stream type=8

07-30 20:49:57.515   724 30251 D mm-camera: cpp_module_handle_streamon_event:3510, identity=0x10005, stream-on done

07-30 20:49:57.515   724 30251 D mm-camera: mct: mct_pipeline_process_set: STREAM-ON success for stream 0x10005, stream type=8

07-30 20:49:57.534   724 30236 E mm-camera: :cpp_hardware_set_clock:356 Set clock 480000000 BW abg 215260416 BW inst 215260416

07-30 20:49:57.539   693 30274 D QCamera2HWI: Deka enable stillmore 0 0

07-30 20:49:57.541   693 30276 D QCamera2HWI: Deka enable stillmore 0 0

07-30 20:49:57.548   693 30222 D QCameraHWI_Mem: static int qcamera::QCameraMemory::allocOneBuffer(qcamera::QCameraMemory::QCameraMemInfo&, unsigned int, size_t, bool, uint32_t) : ION buffer 1 with size 25890816 allocated

07-30 20:49:57.553   724 30253 D mm-camera-sensor: flash_process: battery_power_percentage = 65

07-30 20:49:57.554   724 30253 E mm-camera: iface_util_set_cds_mode: set HAL CDS mode = 1

07-30 20:49:57.554   724 30253 E mm-camera: iface_util_set_cds_mode: set HAL CDS mode = 1

07-30 20:49:57.555   724 30253 E AEC_PORT: aec_port_pack_exif_info:759  aec_port_pack_exif_info: aperture = 2.000000, differential_ev = -0.083525, exp_time = 0.033330, iso = 666, original_ev = 0.000000, gain = 6.660156

07-30 20:49:57.555   724 30253 I mm-camera: sensor_set_exposure:398LL/LLV linecount = 3362

07-30 20:49:57.555   724 30256 D mm-camera-sensor: flash_process: battery_power_percentage = 65

07-30 20:49:57.556   724 30229 E mm-camera-isp2: abf40_aec_update:734 abf40_aec_update [4.000000 - 6.660156 - 7.990000] = 0.666706

07-30 20:49:57.556   724 30229 E mm-camera-isp2: abf40_aec_update:734 abf40_aec_update [4.000000 - 6.660156 - 7.990000] = 0.666706

07-30 20:49:57.556   724 30229 E mm-camera-isp2: bf_stats47_stats_config_update:2646 roi from 3a

07-30 20:49:57.556   724 30229 E mm-camera-isp2: bf_stats47_stats_config_update:2646 roi from 3a

07-30 20:49:57.557   724 30229 E mm-camera-isp2: bf_stats47_sort_ending_pixel_order:2135 i_start = 3358787

07-30 20:49:57.557   724 30229 E mm-camera-isp2: bf_stats47_sort_ending_pixel_order:2135 i_start = 3359129

07-30 20:49:57.557 29403 29524 V AsusCameraExtension-JNI: asus notification, msgType:02048, ext1:1, ext2:0

07-30 20:49:57.557   724 30229 E mm-camera-isp2: bf_stats47_sort_ending_pixel_order:2135 i_start = 3337619

07-30 20:49:57.557   724 30229 E mm-camera-isp2: bf_stats47_sort_ending_pixel_order:2135 i_start = 3337961

07-30 20:49:57.557 29403 30212 V CameraApp: 'still, onContinousFocusMoving start=true

07-30 20:49:57.557   724 30231 E mm-camera-CORE: dsps_process_response_gyro: Query request denied, error code = 5, QId_valid = 1, QueryId = 0x2b0a, AckNak_valid = 1, AckNak = 7

07-30 20:49:57.569   693 30222 D QCameraHWI_Mem: static int qcamera::QCameraMemory::allocOneBuffer(qcamera::QCameraMemory::QCameraMemInfo&, unsigned int, size_t, bool, uint32_t) : ION buffer 1 with size 25890816 allocated

07-30 20:49:57.589   693 30222 D QCameraHWI_Mem: static int qcamera::QCameraMemory::allocOneBuffer(qcamera::QCameraMemory::QCameraMemInfo&, unsigned int, size_t, bool, uint32_t) : ION buffer 1 with size 25890816 allocated

07-30 20:49:57.590   693 30274 D QCamera2HWI: Deka enable stillmore 0 0

07-30 20:49:57.591   693 30276 D QCamera2HWI: Deka enable stillmore 0 0

07-30 20:49:57.605   724 30253 D mm-camera-sensor: flash_process: battery_power_percentage = 65

07-30 20:49:57.605 29403 30313 D DIT_SR  : [run] type=0	return=1

07-30 20:49:57.605 29403 30313 D DIT_SR  : [set] type=5	return=1

07-30 20:49:57.605 29403 30313 D DIT_SR  : [set] type=0	return=1

07-30 20:49:57.605 29403 30313 D DIT_SR  : [set] type=0	return=1

07-30 20:49:57.605 29403 30313 D DIT_SR  : [run] type=-1

07-30 20:49:57.605 29403 30313 D DIT_SR  : [run] type=-1	return=0

07-30 20:49:57.606 29403 30309 D DIT_DITBSP: ExecType(-1):0

07-30 20:49:57.606 29403 30309 D DIT_DITBSP: INIT EA CLparam

07-30 20:49:57.606 29403 30316 D DIT_EA  : type= 20

07-30 20:49:57.606 29403 30316 D DIT_EA  : type= 24

07-30 20:49:57.606 29403 30316 D DIT_EA  : type= 0

07-30 20:49:57.606 29403 30316 D ispDB   : init

07-30 20:49:57.607 29403 30316 D DIT_EA  : ProjectID: 93, SkuID: 0, IndexVersion: 0

07-30 20:49:57.609   693 30222 D QCameraHWI_Mem: static int qcamera::QCameraMemory::allocOneBuffer(qcamera::QCameraMemory::QCameraMemInfo&, unsigned int, size_t, bool, uint32_t) : ION buffer 1 with size 25890816 allocated

07-30 20:49:57.614   724 30253 E AEC_PORT: aec_port_pack_exif_info:759  aec_port_pack_exif_info: aperture = 2.000000, differential_ev = -0.083525, exp_time = 0.033330, iso = 666, original_ev = 0.000000, gain = 6.660156

07-30 20:49:57.614   724 30253 I mm-camera: sensor_set_exposure:398LL/LLV linecount = 3362

07-30 20:49:57.615   724 30256 D mm-camera-sensor: flash_process: battery_power_percentage = 65

07-30 20:49:57.616   724 30229 E mm-camera-isp2: abf40_aec_update:734 abf40_aec_update [4.000000 - 6.660156 - 7.990000] = 0.666706

07-30 20:49:57.616   724 30229 E mm-camera-isp2: abf40_aec_update:734 abf40_aec_update [4.000000 - 6.660156 - 7.990000] = 0.666706

07-30 20:49:57.617   724 30231 E mm-camera-CORE: dsps_process_response_gyro: Query request denied, error code = 5, QId_valid = 1, QueryId = 0x2c0a, AckNak_valid = 1, AckNak = 7

07-30 20:49:57.620 29403 30316 D DIT_EA  : Platfrom: 16, OS: 11, Veresion:1.0

07-30 20:49:57.623 29403 30316 D DIT_EA  : create kernel success!!

07-30 20:49:57.623 29403 30309 D DIT_DITBSP: ditBSP initial Done

07-30 20:49:57.623 29403 30309 I CameraApp: DITLib, setInitialParam end.

07-30 20:49:57.623 29403 30309 I CameraApp: DITLibStill, Load DIT lib success.

07-30 20:49:57.623 29403 30309 I CameraApp: DITLibManager, DIT Lib start end.

07-30 20:49:57.629   693 30222 D QCameraHWI_Mem: static int qcamera::QCameraMemory::allocOneBuffer(qcamera::QCameraMemory::QCameraMemInfo&, unsigned int, size_t, bool, uint32_t) : ION buffer 1 with size 25890816 allocated

07-30 20:49:57.642   693 30274 D QCamera2HWI: Deka enable stillmore 0 0

07-30 20:49:57.649   693 30222 D QCameraHWI_Mem: static int qcamera::QCameraMemory::allocOneBuffer(qcamera::QCameraMemory::QCameraMemInfo&, unsigned int, size_t, bool, uint32_t) : ION buffer 1 with size 25890816 allocated

07-30 20:49:57.656   724 30253 D mm-camera-sensor: flash_process: battery_power_percentage = 65

07-30 20:49:57.657   724 30253 E AEC_PORT: aec_port_pack_exif_info:759  aec_port_pack_exif_info: aperture = 2.000000, differential_ev = -0.083525, exp_time = 0.033330, iso = 666, original_ev = 0.000000, gain = 6.660156

07-30 20:49:57.657   724 30253 I mm-camera: sensor_set_exposure:398LL/LLV linecount = 3362

07-30 20:49:57.658   724 30229 E mm-camera-isp2: abf40_aec_update:734 abf40_aec_update [4.000000 - 6.660156 - 7.990000] = 0.666706

07-30 20:49:57.658   724 30229 E mm-camera-isp2: abf40_aec_update:734 abf40_aec_update [4.000000 - 6.660156 - 7.990000] = 0.666706

07-30 20:49:57.660   724 30231 E mm-camera-CORE: dsps_process_response_gyro: Query request denied, error code = 5, QId_valid = 1, QueryId = 0x2d0a, AckNak_valid = 1, AckNak = 7

07-30 20:49:57.661   693 30276 D QCamera2HWI: Deka enable stillmore 0 0

07-30 20:49:57.662   724 30256 D mm-camera-sensor: flash_process: battery_power_percentage = 65

07-30 20:49:57.691   724 30251 D mm-camera: mct: mct_pipeline_process_set:command=8000008

07-30 20:49:57.691   724 30251 D mm-camera: mct: mct_pipeline_process_set: STREAM-ON on stream 0x10006 stream type=8

07-30 20:49:57.692   693 30274 D QCamera2HWI: Deka enable stillmore 0 0

07-30 20:49:57.693   693 30276 D QCamera2HWI: Deka enable stillmore 0 0

07-30 20:49:57.700   724 30251 D mm-camera: cpp_module_handle_streamon_event:3510, identity=0x10006, stream-on done

07-30 20:49:57.700   724 30251 D mm-camera: mct: mct_pipeline_process_set: STREAM-ON success for stream 0x10006, stream type=8

07-30 20:49:57.700   693 30259 I QCamera2HWI: static void* qcamera::QCameraCbNotifier::cbNotifyRoutine(void*): Num Snapshots Expected = 1

07-30 20:49:57.701   693 30259 D NuPlayerDriver: seekTo(0xacc27ac8) 0 ms

07-30 20:49:57.701   693 30259 D NuPlayerDriver: notifyListener_l(0xacc27ac8), (7, 0, 0)

07-30 20:49:57.701   693 30259 D NuPlayerDriver: start(0xacc27ac8), state is 4, eos is 0

07-30 20:49:57.701   693 30215 I GenericSource: start

07-30 20:49:57.701 29403 29524 V AsusCameraExtension-JNI: asus notification, msgType:02, ext1:0, ext2:0

07-30 20:49:57.701   724 30236 E mm-camera: :cpp_hardware_set_clock:356 Set clock 480000000 BW abg 825350400 BW inst 825350400

07-30 20:49:57.701 29403 30212 V CameraApp: _PFMS_CAPTURE_A_SHCB:1469882997701

07-30 20:49:57.701 29403 30212 V CameraApp: CamStill2V1, mShutterCallback::onShutter(). CaptureTag=16

07-30 20:49:57.701 29403 30212 V CameraApp: checkCaptured3DNRValues

07-30 20:49:57.702 29403 30212 D CameraApp: CamStillView2, onShutterCallback.

07-30 20:49:57.702 29403 30212 V CameraApp: still, showShutterOpenAnimation

07-30 20:49:57.702 29403 30212 V CameraApp: CamStill2, shutter callback release blue button.

07-30 20:49:57.702 29403 29403 D CameraApp: playOpenShutterAnimation

07-30 20:49:57.702 29403 29403 D CameraApp: stopZennyWaitingAnimation

07-30 20:49:57.702   724 30251 E mm-camera: dit_qualcomm_framedelay = 0

07-30 20:49:57.702 29403 29403 V CameraApp: base, resume audio shutter sound

07-30 20:49:57.702   693 30280 E QCameraParameters: int32_t qcamera::QCameraParameters::getDITFrameDelay() : delay_frame_number = 0

07-30 20:49:57.702   693 30280 D QCameraPostProc: Deka enable stillmore 0 0

07-30 20:49:57.703   724 30251 D mm-camera: mct: mct_pipeline_process_set:command=8000019

07-30 20:49:57.703   724 30251 D mm-camera: cpp_module_handle_isp_out_dim_event: [STREAM_PARAMS]  stream type 8, width 1920, height 1080,stride 1920, scanline 1080, planes 2

07-30 20:49:57.703   724 30251 D mm-camera: cpp_module_handle_isp_out_dim_event:[STREAM_PARAMS] plane 0, stride 1920, scanline 1080, offset_x 0, offset_y 0, len 2073600, offset:0

07-30 20:49:57.703   724 30251 D mm-camera: cpp_module_handle_isp_out_dim_event:[STREAM_PARAMS] plane 1, stride 1920, scanline 1080, offset_x 0, offset_y 0, len 1036800, offset:0

07-30 20:49:57.703   724 30251 D mm-camera: pproc_module_handle_reprocess_online:1696 input buf index 5 input stream id 2

07-30 20:49:57.703   724 30251 E mm-camera: pproc_module_send_set_param_event:1155] rotation:2, strmId:5

07-30 20:49:57.703   724 30251 D mm-camera: pproc_module_handle_reprocess_online:1764 input buf fd 149 type 3 size 3112960

07-30 20:49:57.703 29403 29403 D CameraApp: CamBase, change Focus mode to FOCUS_CAF

07-30 20:49:57.704   724 30236 D mm-camera: D_Chromatix chromatixSnapCppPtr=0xf10fa004 [0.180288 0.974000]

07-30 20:49:57.704   724 30236 E mm-camera: cpp_module_enq_event:674, partial_frame_queue size = 1

07-30 20:49:57.704   724 30236 E mm-camera: cpp_module_enq_event:674, partial_frame_queue size = 2

07-30 20:49:57.704   693 30215 D AudioPolicyManagerCustom: isOffloadSupported: SR=48000, CM=0x3, Format=0x7000000, StreamType=5, BitRate=499821, duration=310000 us, has_video=0

07-30 20:49:57.704   724 30251 D mm-camera: mct: mct_pipeline_process_set:command=8000019

07-30 20:49:57.704   693 30215 D AudioPolicyManagerCustom: isOffloadSupported: SR=48000, CM=0x3, Format=0x1a000001, StreamType=5, BitRate=499821, duration=310000 us, has_video=0

07-30 20:49:57.704   724 30251 D mm-camera: cpp_module_handle_isp_out_dim_event: [STREAM_PARAMS]  stream type 8, width 5488, height 3088,stride 5504, scanline 3136, planes 2

07-30 20:49:57.705   724 30251 D mm-camera: cpp_module_handle_isp_out_dim_event:[STREAM_PARAMS] plane 0, stride 5504, scanline 3136, offset_x 0, offset_y 0, len 17260544, offset:0

07-30 20:49:57.705   724 30251 D mm-camera: cpp_module_handle_isp_out_dim_event:[STREAM_PARAMS] plane 1, stride 5504, scanline 3136, offset_x 0, offset_y 0, len 8630272, offset:0

07-30 20:49:57.705   724 30251 D mm-camera: pproc_module_handle_reprocess_online:1696 input buf index 5 input stream id 3

07-30 20:49:57.705   724 30251 E mm-camera: pproc_module_send_set_param_event:1155] rotation:2, strmId:6

07-30 20:49:57.705   724 30251 D mm-camera: pproc_module_handle_reprocess_online:1764 input buf fd 146 type 3 size 25890816

07-30 20:49:57.705   693 30215 D NuPlayerDriver: notifyListener_l(0xacc27ac8), (4, 0, 0)

07-30 20:49:57.705   693 30215 D audio_hw_extn: audio_extn_get_parameters: returns 

07-30 20:49:57.705   693 30215 I str_params: key: 'is_hw_dec_session_available' value: 'audio/vorbis'

07-30 20:49:57.706   693 30215 D AudioPolicyManagerCustom: isOffloadSupported: SR=48000, CM=0x3, Format=0x7000000, StreamType=5, BitRate=499821, duration=310000 us, has_video=0

07-30 20:49:57.706   693 30215 D AudioPolicyManagerCustom: isOffloadSupported: SR=48000, CM=0x3, Format=0x1a000001, StreamType=5, BitRate=499821, duration=310000 us, has_video=0

07-30 20:49:57.707   693 30333 D audio_hw_extn: audio_extn_get_parameters: returns 

07-30 20:49:57.707   693 30333 I str_params: key: 'is_hw_dec_session_available' value: 'audio/vorbis'

07-30 20:49:57.707   724 30253 D mm-camera-sensor: flash_process: battery_power_percentage = 65

07-30 20:49:57.709   724 30253 E AEC_PORT: aec_port_pack_exif_info:759  aec_port_pack_exif_info: aperture = 2.000000, differential_ev = 0.047823, exp_time = 0.033330, iso = 666, original_ev = 0.000000, gain = 6.660156

07-30 20:49:57.709   724 30253 I mm-camera: sensor_set_exposure:398LL/LLV linecount = 3362

07-30 20:49:57.709   724 30256 D mm-camera-sensor: flash_process: battery_power_percentage = 65

07-30 20:49:57.709   724 30236 E mm-camera: pproc_port_dump_metadata:1607] Entry not found!!

07-30 20:49:57.709   724 30236 D mm-camera: D_Chromatix chromatixSnapCppPtr=0xf10fa004 [0.180288 0.974000]

07-30 20:49:57.710   724 30236 E mm-camera: cpp_module_enq_event:674, partial_frame_queue size = 1

07-30 20:49:57.710   724 30229 E mm-camera-isp2: abf40_aec_update:734 abf40_aec_update [4.000000 - 6.660156 - 7.990000] = 0.666706

07-30 20:49:57.710   724 30236 E mm-camera: cpp_module_enq_event:674, partial_frame_queue size = 2

07-30 20:49:57.710   724 30236 E mm-camera: cpp_module_enq_event:674, partial_frame_queue size = 3

07-30 20:49:57.710   724 30236 E mm-camera: cpp_module_enq_event:674, partial_frame_queue size = 4

07-30 20:49:57.710   724 30229 E mm-camera-isp2: abf40_aec_update:734 abf40_aec_update [4.000000 - 6.660156 - 7.990000] = 0.666706

07-30 20:49:57.711   724 30231 E mm-camera-CORE: dsps_process_response_gyro: Query request denied, error code = 5, QId_valid = 1, QueryId = 0x2e0a, AckNak_valid = 1, AckNak = 7

07-30 20:49:57.724   693 30222 E mm-still: QOMXImageCodec::QOMXImageCodec():56 ###mmstill_Loglevel 0

07-30 20:49:57.725   693 30222 I qomx_image_core: OMX_GetHandle:237] get instance pts is 0xacc16548

07-30 20:49:57.725   693 30222 D qomx_image_core: OMX_GetHandle:257] handle = 0xacc1654c Instanceindex = 0,comp_idx 0 g_ptr 0xacca2560

07-30 20:49:57.725   693 30222 E mm-still: OMX_ERRORTYPE qomx_component_set_callbacks(OMX_HANDLETYPE, OMX_CALLBACKTYPE*, OMX_PTR): 181: This ptr addr 0xacc16548

07-30 20:49:57.725   693 30222 I qomx_image_core: OMX_GetHandle:261] Success

07-30 20:49:57.725   693 30222 D mm-jpeg-intf: mm_jpeg_session_config_main:1167] config port

07-30 20:49:57.726   693 30222 D mm-jpeg-intf: mm_jpeg_session_config_main_buffer_offset:438] yOffset = 0, cbcrOffset = (0 0), totalSize = 25890816,cbcrStartOffset = (17260544 8630272)

07-30 20:49:57.726   693 30222 E mm-jpeg-intf: mm_jpeg_meta_enc_key:752] Key is invalid

07-30 20:49:57.726   693 30222 D mm-jpeg-intf: mm_jpeg_speed_mode:541] speed 1

07-30 20:49:57.728   693 30334 E OMXNodeInstance: setConfig(d2:google.vorbis.decoder, ConfigPriority(0x6f800002)) ERROR: Undefined(0x80001001)

07-30 20:49:57.728   693 30334 I ACodec  : codec does not support config priority (err -2147483648)

07-30 20:49:57.728   693 30222 E jpeg_hw : jpege_lib_init:386 ###jpeghw_Loglevel 0

07-30 20:49:57.729   693 30334 I MediaCodec: MediaCodec will operate in async mode

07-30 20:49:57.734   693 30222 E jpeg_hw : jpege_lib_init:457] handler 0x0 0x0 0x0

07-30 20:49:57.734   693 30333 I NuPlayerDecoder: [OMX.google.vorbis.decoder] resubmitting CSD

07-30 20:49:57.735   693 30333 I NuPlayerDecoder: [OMX.google.vorbis.decoder] resubmitting CSD

07-30 20:49:57.735   693 30222 D mm-jpeg-intf: mm_jpeg_create_session:2566] session id 1000000

07-30 20:49:57.736   693 30336 W SoftVorbis: vorbis_dsp_synthesis returned -135

07-30 20:49:57.736   693 30336 W SoftVorbis: vorbis_dsp_synthesis returned -135

07-30 20:49:57.738   693 30333 I ExtendedNuUtils: Both src and dst missing for durationUs

07-30 20:49:57.738   693 30333 I ExtendedNuUtils: Both src and dst missing for channel-mask

07-30 20:49:57.739   693 30333 D AudioPolicyManagerCustom: isOffloadSupported: SR=48000, CM=0x3, Format=0x1a000001, StreamType=5, BitRate=4294967295, duration=0 us, has_video=0

07-30 20:49:57.743   693  3578 D audio_hw_primary: out_set_parameters: enter: usecase(1: low-latency-playback) kvpairs: routing=2

07-30 20:49:57.743   693  3578 D audio_hw_extn: audio_extn_set_anc_parameters: anc_enabled:0

07-30 20:49:57.744   724 30236 E mm-camera: pproc_port_dump_metadata:1607] Entry not found!!

07-30 20:49:57.748   693 30328 D QCameraPostProc: int32_t qcamera::QCameraPostProcessor::processPPData(mm_camera_super_buf_t*): 1504] 

07-30 20:49:57.748   693 30294 D QCameraPostProc: Deka enable stillmore 0 0

07-30 20:49:57.749   693 30274 D QCamera2HWI: Deka enable stillmore 0 0

07-30 20:49:57.753   693  3578 D audio_hw_primary: out_set_parameters: enter: usecase(1: low-latency-playback) kvpairs: spk_media_vol=7

07-30 20:49:57.754   693  3578 D audio_hw_primary: get spk_media_vol = 7

07-30 20:49:57.755   693  3578 D audio_hw_extn: audio_extn_set_anc_parameters: anc_enabled:0

07-30 20:49:57.755   693  3556 V AudioUtil: nothing to update to route node

07-30 20:49:57.755   693 30215 D NuPlayerDriver: notifyListener_l(0xacc27ac8), (6, 0, 0)

07-30 20:49:57.758   693 30276 D QCamera2HWI: Deka enable stillmore 0 0

07-30 20:49:57.759   724 30253 D mm-camera-sensor: flash_process: battery_power_percentage = 65

07-30 20:49:57.762   724 30253 E AEC_PORT: aec_port_pack_exif_info:759  aec_port_pack_exif_info: aperture = 2.000000, differential_ev = 0.047823, exp_time = 0.033330, iso = 666, original_ev = 0.000000, gain = 6.660156

07-30 20:49:57.762   724 30253 I mm-camera: sensor_set_exposure:398LL/LLV linecount = 3362

07-30 20:49:57.763   693 30294 E QCamera2HWI: qcamera::QCameraExif* qcamera::QCamera2HardwareInterface::getExifData(): getExifGpsProcessingMethod failed

07-30 20:49:57.763   693 30294 E QCamera2HWI: qcamera::QCameraExif* qcamera::QCamera2HardwareInterface::getExifData(): getExifLatitude failed

07-30 20:49:57.763   693 30294 E QCamera2HWI: qcamera::QCameraExif* qcamera::QCamera2HardwareInterface::getExifData(): getExifLongitude failed

07-30 20:49:57.763   693 30294 E QCamera2HWI: qcamera::QCameraExif* qcamera::QCamera2HardwareInterface::getExifData(): getExifAltitude failed

07-30 20:49:57.763   724 30229 E mm-camera-isp2: abf40_aec_update:734 abf40_aec_update [4.000000 - 6.660156 - 7.990000] = 0.666706

07-30 20:49:57.763   724 30229 E mm-camera-isp2: abf40_aec_update:734 abf40_aec_update [4.000000 - 6.660156 - 7.990000] = 0.666706

07-30 20:49:57.764   724 30231 E mm-camera-CORE: dsps_process_response_gyro: Query request denied, error code = 5, QId_valid = 1, QueryId = 0x2f0a, AckNak_valid = 1, AckNak = 7

07-30 20:49:57.766   724 30256 D mm-camera-sensor: flash_process: battery_power_percentage = 65

07-30 20:49:57.767   693 30294 D mm-jpeg-intf: mm_jpeg_start_job:2204] session_idx 0 client idx 0

07-30 20:49:57.767   693 30294 D mm-jpeg-intf: mm_jpeg_start_job:2229] HAL passed the work buffer of size = 25890816; don't alloc internally

07-30 20:49:57.767   693 30294 D mm-jpeg-intf: mm_jpeg_start_job:2235] >>>> Work bufs need 0, 0

07-30 20:49:57.769   693 30294 D mm-jpeg-intf: mm_jpeg_start_job:2294] X

07-30 20:49:57.769   693  3578 D audio_hw_primary: start_output_stream: enter: stream(0xab659538)usecase(1: low-latency-playback) devices(0x2)

07-30 20:49:57.769   693  3578 D audio_hw_primary: select_devices: out_snd_device(2: speaker) in_snd_device(0: )

07-30 20:49:57.769   693  3578 I msm8916_platform: platform_check_and_set_codec_backend_cfg: Usecase bitwidth 16, samplerate 48000, backend_idx 0

07-30 20:49:57.769   693  3578 I msm8916_platform: platform_check_codec_backend_cfg Codec selected backend: 0 current bit width: 16 and sample rate: 48000

07-30 20:49:57.769   693  3578 D msm8916_platform: platform_check_codec_backend_cfg: resetting sample_rate back to default, backend_idx: 0

07-30 20:49:57.769   693  3578 I msm8916_platform: platform_check_codec_backend_cfg Codec selected backend: 0 updated bit width: 16 and sample rate: 48000

07-30 20:49:57.769   693  3578 D hardware_info: hw_info_append_hw_type : device_name = speaker

07-30 20:49:57.770   693  3578 D audio_hw_primary: enable_snd_device: snd_device(2: speaker)

07-30 20:49:57.770   693  3578 I soundtrigger: audio_extn_sound_trigger_update_device_status: device 0x2 of type 0 for Event 1, with Raise=0

07-30 20:49:57.770   693  3578 I audio_hw_primary: select_devices Selected apptype: 69937

07-30 20:49:57.770   693  3578 D soundtrigger: audio_extn_sound_trigger_update_stream_status: uc_id 1 of type 0 for Event 3, with Raise=0

07-30 20:49:57.770   693  3578 I audio_hw_utils: audio_extn_utils_send_app_type_cfg app_type 69937, acdb_dev_id 14, sample_rate 48000

07-30 20:49:57.770   693  3578 D ACDB-LOADER: ACDB -> send_audio_cal, acdb_id = 14, path =  0

07-30 20:49:57.770   693  3578 D ACDB-LOADER: ACDB -> send_asm_topology

07-30 20:49:57.770   693  3578 D ACDB-LOADER: ACDB -> ACDB_CMD_GET_AUDPROC_STREAM_TOPOLOGY_ID

07-30 20:49:57.770   693  3578 D ACDB-LOADER: ACDB -> send_adm_topology

07-30 20:49:57.771   693  3578 D ACDB-LOADER: ACDB -> ACDB_CMD_GET_AUDPROC_COMMON_TOPOLOGY_ID

07-30 20:49:57.771   693  3578 D ACDB-LOADER: ACDB -> send_audtable

07-30 20:49:57.771   693  3578 D ACDB-LOADER: ACDB -> ACDB_CMD_GET_AUDPROC_COMMON_TABLE_SIZE

07-30 20:49:57.771   693  3578 D ACDB-LOADER: ACDB -> ACDB_CMD_GET_AUDPROC_COMMON_TABLE

07-30 20:49:57.771   693  3578 D ACDB-LOADER: ACDB -> AUDIO_SET_AUDPROC_CAL

07-30 20:49:57.771   693  3578 D ACDB-LOADER: ACDB -> send_audvoltable

07-30 20:49:57.771   693  3578 D ACDB-LOADER: ACDB -> ACDB_CMD_GET_AUDPROC_GAIN_DEP_STEP_TABLE

07-30 20:49:57.771   693  3578 D ACDB-LOADER: ACDB -> AUDIO_SET_AUDPROC_VOL_CAL

07-30 20:49:57.771   693  3578 D ACDB-LOADER: ACDB -> send_audstrmtable

07-30 20:49:57.771   693  3578 D ACDB-LOADER: ACDB -> ACDB_CMD_GET_AUDPROC_STREAM_TABLE_V2

07-30 20:49:57.771   693  3578 D ACDB-LOADER: ACDB -> audstrm_cal->cal_type.cal_data.cal_size = 32

07-30 20:49:57.771   693  3578 D ACDB-LOADER: ACDB -> send_afe_topology

07-30 20:49:57.771   693  3578 D ACDB-LOADER: ACDB -> ACDB_CMD_GET_AFE_TOPOLOGY_ID

07-30 20:49:57.771   693  3578 D ACDB-LOADER: ACDB -> GET_AFE_TOPOLOGY_ID for adcd_id 14, Topology Id 1025e

07-30 20:49:57.771   693  3578 D ACDB-LOADER: ACDB -> send_afe_cal

07-30 20:49:57.771   693  3578 D ACDB-LOADER: ACDB -> ACDB_CMD_GET_AFE_COMMON_TABLE

07-30 20:49:57.772   693  3578 D ACDB-LOADER: ACDB -> AUDIO_SET_AFE_CAL

07-30 20:49:57.772   693  3578 D ACDB-LOADER: ACDB -> send_hw_delay : acdb_id = 14 path = 0

07-30 20:49:57.772   693  3578 D ACDB-LOADER: ACDB -> ACDB_AVSYNC_INFO: ACDB_CMD_GET_DEVICE_PROPERTY

07-30 20:49:57.772   693  3578 D audio_hw_primary: enable_audio_route: apply mixer and update path: low-latency-playback speaker

07-30 20:49:57.774   693  3578 D audio_hw_primary: select_devices: done

07-30 20:49:57.777   693 30293 D mm-jpeg-intf: mm_jpeg_session_config_main_crop:1134] OMX_IndexConfigCommonInputCrop w = 0, h = 0, l = 0, t = 0, port_idx = 0

07-30 20:49:57.777   693 30293 D mm-jpeg-intf: mm_jpeg_session_config_thumbnail:971] encode_thumbnail 0

07-30 20:49:57.777   693 30293 E mm-jpeg-intf: mm_jpeg_configure_job_params:1470] Work buffer info 182 0xa7c26000 WorkBufSize: 25890816 invalidate

07-30 20:49:57.777   693 30293 E mm-jpeg-intf: buffer_invalidate: Cache Invalidate failed: Not a typewriter

07-30 20:49:57.777   693  3578 D msm8916_platform: platform_set_channel_map mixer_ctl_name:Playback Channel Map12

07-30 20:49:57.777   693  3578 D msm8916_platform: platform_set_channel_map: set mapping(1 2 0 0 0 0 0 0) for channel:2

07-30 20:49:57.778   693 30293 D mm-jpeg-intf: mm_jpeg_process_encoding_job:1746] Success X 

07-30 20:49:57.779   693 30335 E mm-still: virtual OMX_ERRORTYPE OMXJpegEncoder::startEncode():532] startEncode()

07-30 20:49:57.779   693 30335 E jpeg_hw : jpege_lib_hw_config:678] Version 30030000

07-30 20:49:57.779   693 30335 E jpeg_hw : jpege_lib_hw_fe_buffer_cfg:296] w 3088 h 5488 stride 3136 scanline 5504

07-30 20:49:57.779   693 30335 E jpeg_hw : we_buffer_cfg PLN0_WR_BUFFER_SIZE = 67134148

07-30 20:49:57.779   693 30335 E jpeg_hw : we_buffer_cfg PLN0_WR_STRIDE = 25284

07-30 20:49:57.779   693 30335 E jpeg_hw : we_buffer_cfg PLN0_WR_HSTEP = 25284

07-30 20:49:57.779   693 30335 E jpeg_hw : we_buffer_cfg PLN0_WR_VSTEP = 1024

07-30 20:49:57.793 29403 30212 V CameraApp: _PFMS_CAPTURE_A_RAW:1469882997793

07-30 20:49:57.794 29403 30212 I CameraApp: CamStill2V1, RawCallback onPictureTaken. CaptureTag=16

07-30 20:49:57.794 29403 30212 D CameraApp: CamStillView2, onRawCallback.

07-30 20:49:57.794 29403 30212 V CameraApp: still, showShutterOpenAnimation

07-30 20:49:57.794 29403 30212 W CameraApp: DITLibStill, Get RAW Callback image, but no DIT lib. Maybe initial not Ready yet.

07-30 20:49:57.794 29403 30212 I CameraApp: DITLibStill, Not apply Post Process, direct save image.

07-30 20:49:57.794   693 30332 W MediaClock: reject anchor time since it is negative.

07-30 20:49:57.794   693 30332 W MediaClock: reject anchor time since it is negative.

07-30 20:49:57.794   693 30332 W MediaClock: reject anchor time since it is negative.

07-30 20:49:57.795 29403 30240 V CameraApp: storeImage, start

07-30 20:49:57.795 29403 30212 I CameraApp: DITLibStill, Raw CaptureTag=16 capture finish.

07-30 20:49:57.795 29403 30240 V CameraApp: storeImage, file=/storage/emulated/0/DCIM/Camera/P_20160730_204957.jpg, orientation=0

07-30 20:49:57.795 29403 30240 I CameraApp: Start save YUV File

07-30 20:49:57.795 29403 30212 D CameraApp: FLASH_NEED, still, restoreFlashMode=FLASH_OFF

07-30 20:49:57.795 29403 30240 I CameraApp: save YUV File: check directory complete

07-30 20:49:57.795 29403 30240 D CameraApp: save YUV File: JpegQuality=96

07-30 20:49:57.795 29403 29403 D CameraApp: playOpenShutterAnimation

07-30 20:49:57.795 29403 29403 D CameraApp: stopZennyWaitingAnimation

07-30 20:49:57.796 29403 30212 D CameraApp: cambase, getDisplayOrientation getSurface = 0

07-30 20:49:57.796 29403 30212 D CameraApp: Cambase, getDisplayOrientation portrait

07-30 20:49:57.796 29403 30212 V CameraApp: Cambase, degree=0 cameraId=0, info.orientation: 90, result: 90

07-30 20:49:57.797 29403 30212 V CameraApp: base, startPreview start

07-30 20:49:57.797 29403 30212 V CameraApp: base, setPreviewCallback,1

07-30 20:49:57.797 29403 29419 V CameraApp: camera manager, handleMessage what=24

07-30 20:49:57.797 10096 10096 E WakeUpReceiver: Wake up............:asus.intent.action.WAKEUP_GALLERY

07-30 20:49:57.798   693 30274 D QCamera2HWI: Deka enable stillmore 0 0

07-30 20:49:57.798   693 30274 E QCamera2HWI: static void qcamera::QCamera2HardwareInterface::synchronous_stream_cb_routine(mm_camera_super_buf_t*, qcamera::QCameraStream*, void*): preview is not running, no need to process frame id 47

07-30 20:49:57.799   693 30276 D QCamera2HWI: Deka enable stillmore 0 0

07-30 20:49:57.799   693 30276 E QCamera2HWI: static void qcamera::QCamera2HardwareInterface::preview_stream_cb_routine(mm_camera_super_buf_t*, qcamera::QCameraStream*, void*): preview is not running, no need to process, mSkipPreviewCount = 2 frame id 47

07-30 20:49:57.799   693 30333 I NuPlayerDecoder: [audio] saw output EOS

07-30 20:49:57.799   724 30251 E mm-camera: PJlog mct_pipeline_send_ctrl_events:camera_mode 32

07-30 20:49:57.799   693 30332 E ExtendedNuUtils: zero sized buffer, nothing to convert

07-30 20:49:57.799   693 30332 W ExtendedNuPlayerRenderer: error 0xffffffea in converting to sink format, drop buffer

07-30 20:49:57.799 29403 30240 I CameraApp: save YUV File: Create output Stream complete

07-30 20:49:57.800 29403 30240 I CameraApp: save YUV File: get YUVImage complete

07-30 20:49:57.800 29403 30212 V CameraApp: base , startPreview time consumed = 3

07-30 20:49:57.800 29403 30240 D skia    : onFlyCompress

07-30 20:49:57.800 29403 30212 V CameraApp: still, prepareFaceDetectionForPreview

07-30 20:49:57.808   693  3578 D audio_hw_primary: enableNXPamp: Open NXP Speaker Amp mode = Music

07-30 20:49:57.810   724 30253 D mm-camera-sensor: flash_process: battery_power_percentage = 65

07-30 20:49:57.811   724 30253 E AEC_PORT: aec_port_pack_exif_info:759  aec_port_pack_exif_info: aperture = 2.000000, differential_ev = 0.106215, exp_time = 0.033330, iso = 666, original_ev = 0.000000, gain = 6.660156

07-30 20:49:57.811   724 30253 I mm-camera: sensor_set_exposure:398LL/LLV linecount = 3362

07-30 20:49:57.812   724 30229 E mm-camera-isp2: abf40_aec_update:734 abf40_aec_update [4.000000 - 6.660156 - 7.990000] = 0.666706

07-30 20:49:57.812   724 30229 E mm-camera-isp2: abf40_aec_update:734 abf40_aec_update [4.000000 - 6.660156 - 7.990000] = 0.666706

07-30 20:49:57.813   724 30231 E mm-camera-CORE: dsps_process_response_gyro: Query request denied, error code = 5, QId_valid = 1, QueryId = 0x300a, AckNak_valid = 1, AckNak = 7

